
> bloodconnect-frontend@1.0.0 build
> ng build

node.exe : - Building...
At line:1 char:1
+ & "C:\Program 
Files\nodejs/node.exe" 
"C:\Program 
Files\nodejs/node_mo ...
+ ~~~~~~~~~~~~~~~~~~~~~~~
~~~~~~~~~~~~~~~~~~~~~~~~~
~~~~~~~~~~~~~~~~~~~~~
    + CategoryInfo       
       : NotSpecified:   
  (- Building...:Strin   
 g) [], RemoteExcepti    
on
    + FullyQualifiedErro 
   rId : NativeCommandE  
  rror
 

Application bundle generation failed. [5.650 seconds]

X [ERROR] NG5002: Parser 
Error: Expected 
identifier for property 
access at the end of the 
expression [ {{ 
approveModal.approve . 
'Approve Donor' : 
'Reject Donor' }} ] in C:
/Users/soura/Desktop/Bloo
dConnect/frontend/src/app
/pages/admin-dashboard/ad
min-dashboard.component.h
tml@529:6 [plugin 
angular-compiler]

    src/app/pages/admin-d
ashboard/admin-dashboard.
component.html:530:6:
      530 Γöé       {{ 
approveModal.approve . 
'Approve Donor' : 
'Reject Donor' }}
          Γò╡       ~~~~~
~~~~~~~~~~~~~~~~~~~~~~~~~
~~~~~~~~~~~~~~~~~~~~~~~~~
~~~~~~

  Error occurs in the 
template of component 
AdminDashboardComponent.

    src/app/pages/admin-d
ashboard/admin-dashboard.
component.ts:17:15:
      17 Γöé   
templateUrl: './admin-das
hboard.component.html',
         Γò╡             
   ~~~~~~~~~~~~~~~~~~~~~~
~~~~~~~~~~~~


X [ERROR] NG5002: Parser 
Error: Unexpected token 
Approve Donor, expected 
identifier or keyword at 
column 25 in [ {{ 
approveModal.approve . 
'Approve Donor' : 
'Reject Donor' }} ] in C:
/Users/soura/Desktop/Bloo
dConnect/frontend/src/app
/pages/admin-dashboard/ad
min-dashboard.component.h
tml@529:6 [plugin 
angular-compiler]

    src/app/pages/admin-d
ashboard/admin-dashboard.
component.html:530:6:
      530 Γöé       {{ 
approveModal.approve . 
'Approve Donor' : 
'Reject Donor' }}
          Γò╡       ~~~~~
~~~~~~~~~~~~~~~~~~~~~~~~~
~~~~~~~~~~~~~~~~~~~~~~~~~
~~~~~~

  Error occurs in the 
template of component 
AdminDashboardComponent.

    src/app/pages/admin-d
ashboard/admin-dashboard.
component.ts:17:15:
      17 Γöé   
templateUrl: './admin-das
hboard.component.html',
         Γò╡             
   ~~~~~~~~~~~~~~~~~~~~~~
~~~~~~~~~~~~


X [ERROR] NG5002: Parser 
Error: Expected 
identifier for property 
access at the end of the 
expression [ {{ 
approveModal.approve . 
'Approve Donor' : 
'Reject Donor' }} ] in C:
/Users/soura/Desktop/Bloo
dConnect/frontend/src/app
/pages/admin-dashboard/ad
min-dashboard.component.h
tml@529:6 [plugin 
angular-compiler]

    src/app/pages/admin-d
ashboard/admin-dashboard.
component.html:533:6:
      533 Γöé       {{ 
approveModal.approve
          Γò╡       
~~~~~~~~~~~~~~~~~~~~~~~

  Error occurs in the 
template of component 
AdminDashboardComponent.

    src/app/pages/admin-d
ashboard/admin-dashboard.
component.ts:17:15:
      17 Γöé   
templateUrl: './admin-das
hboard.component.html',
         Γò╡             
   ~~~~~~~~~~~~~~~~~~~~~~
~~~~~~~~~~~~


X [ERROR] NG5002: Parser 
Error: Unexpected token 
Approve Donor, expected 
identifier or keyword at 
column 25 in [ {{ 
approveModal.approve . 
'Approve Donor' : 
'Reject Donor' }} ] in C:
/Users/soura/Desktop/Bloo
dConnect/frontend/src/app
/pages/admin-dashboard/ad
min-dashboard.component.h
tml@529:6 [plugin 
angular-compiler]

    src/app/pages/admin-d
ashboard/admin-dashboard.
component.html:533:6:
      533 Γöé       {{ 
approveModal.approve
          Γò╡       
~~~~~~~~~~~~~~~~~~~~~~~

  Error occurs in the 
template of component 
AdminDashboardComponent.

    src/app/pages/admin-d
ashboard/admin-dashboard.
component.ts:17:15:
      17 Γöé   
templateUrl: './admin-das
hboard.component.html',
         Γò╡             
   ~~~~~~~~~~~~~~~~~~~~~~
~~~~~~~~~~~~


X [ERROR] NG5002: Parser 
Error: Expected 
identifier for property 
access at the end of the 
expression [ {{ 
approveModal.approve . 
'Approve Donor' : 
'Reject Donor' }} ] in C:
/Users/soura/Desktop/Bloo
dConnect/frontend/src/app
/pages/admin-dashboard/ad
min-dashboard.component.h
tml@529:6 [plugin 
angular-compiler]

    src/app/pages/admin-d
ashboard/admin-dashboard.
component.html:539:9:
      539 Γöé     <div *n
gIf="!approveModal.approv
e" class="form-group">
          Γò╡          ~~
~~~~~~~~~~~~~~~~~~~~~~~~~
~~

  Error occurs in the 
template of component 
AdminDashboardComponent.

    src/app/pages/admin-d
ashboard/admin-dashboard.
component.ts:17:15:
      17 Γöé   
templateUrl: './admin-das
hboard.component.html',
         Γò╡             
   ~~~~~~~~~~~~~~~~~~~~~~
~~~~~~~~~~~~


X [ERROR] NG5002: Parser 
Error: Unexpected token 
Approve Donor, expected 
identifier or keyword at 
column 25 in [ {{ 
approveModal.approve . 
'Approve Donor' : 
'Reject Donor' }} ] in C:
/Users/soura/Desktop/Bloo
dConnect/frontend/src/app
/pages/admin-dashboard/ad
min-dashboard.component.h
tml@529:6 [plugin 
angular-compiler]

    src/app/pages/admin-d
ashboard/admin-dashboard.
component.html:539:9:
      539 Γöé     <div *n
gIf="!approveModal.approv
e" class="form-group">
          Γò╡          ~~
~~~~~~~~~~~~~~~~~~~~~~~~~
~~

  Error occurs in the 
template of component 
AdminDashboardComponent.

    src/app/pages/admin-d
ashboard/admin-dashboard.
component.ts:17:15:
      17 Γöé   
templateUrl: './admin-das
hboard.component.html',
         Γò╡             
   ~~~~~~~~~~~~~~~~~~~~~~
~~~~~~~~~~~~


X [ERROR] NG5002: Parser 
Error: Expected 
identifier for property 
access at the end of the 
expression [ {{ 
approveModal.approve . 
'Approve Donor' : 
'Reject Donor' }} ] in C:
/Users/soura/Desktop/Bloo
dConnect/frontend/src/app
/pages/admin-dashboard/ad
min-dashboard.component.h
tml@529:6 [plugin 
angular-compiler]

    src/app/pages/admin-d
ashboard/admin-dashboard.
component.html:545:21:
      545 Γöé         [(n
gModel)]="approveModal.re
ason">
          Γò╡            
          
~~~~~~~~~~~~~~~~~~~

  Error occurs in the 
template of component 
AdminDashboardComponent.

    src/app/pages/admin-d
ashboard/admin-dashboard.
component.ts:17:15:
      17 Γöé   
templateUrl: './admin-das
hboard.component.html',
         Γò╡             
   ~~~~~~~~~~~~~~~~~~~~~~
~~~~~~~~~~~~


X [ERROR] NG5002: Parser 
Error: Expected 
identifier for property 
access at the end of the 
expression [ {{ 
approveModal.approve . 
'Approve Donor' : 
'Reject Donor' }} ] in C:
/Users/soura/Desktop/Bloo
dConnect/frontend/src/app
/pages/admin-dashboard/ad
min-dashboard.component.h
tml@529:6 [plugin 
angular-compiler]

    src/app/pages/admin-d
ashboard/admin-dashboard.
component.html:545:21:
      545 Γöé         [(n
gModel)]="approveModal.re
ason">
          Γò╡            
          
~~~~~~~~~~~~~~~~~~~

  Error occurs in the 
template of component 
AdminDashboardComponent.

    src/app/pages/admin-d
ashboard/admin-dashboard.
component.ts:17:15:
      17 Γöé   
templateUrl: './admin-das
hboard.component.html',
         Γò╡             
   ~~~~~~~~~~~~~~~~~~~~~~
~~~~~~~~~~~~


X [ERROR] NG5002: Parser 
Error: Unexpected token 
Approve Donor, expected 
identifier or keyword at 
column 25 in [ {{ 
approveModal.approve . 
'Approve Donor' : 
'Reject Donor' }} ] in C:
/Users/soura/Desktop/Bloo
dConnect/frontend/src/app
/pages/admin-dashboard/ad
min-dashboard.component.h
tml@529:6 [plugin 
angular-compiler]

    src/app/pages/admin-d
ashboard/admin-dashboard.
component.html:545:21:
      545 Γöé         [(n
gModel)]="approveModal.re
ason">
          Γò╡            
          
~~~~~~~~~~~~~~~~~~~

  Error occurs in the 
template of component 
AdminDashboardComponent.

    src/app/pages/admin-d
ashboard/admin-dashboard.
component.ts:17:15:
      17 Γöé   
templateUrl: './admin-das
hboard.component.html',
         Γò╡             
   ~~~~~~~~~~~~~~~~~~~~~~
~~~~~~~~~~~~


X [ERROR] NG5002: Parser 
Error: Unexpected token 
Approve Donor, expected 
identifier or keyword at 
column 25 in [ {{ 
approveModal.approve . 
'Approve Donor' : 
'Reject Donor' }} ] in C:
/Users/soura/Desktop/Bloo
dConnect/frontend/src/app
/pages/admin-dashboard/ad
min-dashboard.component.h
tml@529:6 [plugin 
angular-compiler]

    src/app/pages/admin-d
ashboard/admin-dashboard.
component.html:545:21:
      545 Γöé         [(n
gModel)]="approveModal.re
ason">
          Γò╡            
          
~~~~~~~~~~~~~~~~~~~

  Error occurs in the 
template of component 
AdminDashboardComponent.

    src/app/pages/admin-d
ashboard/admin-dashboard.
component.ts:17:15:
      17 Γöé   
templateUrl: './admin-das
hboard.component.html',
         Γò╡             
   ~~~~~~~~~~~~~~~~~~~~~~
~~~~~~~~~~~~


X [ERROR] NG5002: Parser 
Error: Expected 
identifier for property 
access at the end of the 
expression [ {{ 
approveModal.approve . 
'Approve Donor' : 
'Reject Donor' }} ] in C:
/Users/soura/Desktop/Bloo
dConnect/frontend/src/app
/pages/admin-dashboard/ad
min-dashboard.component.h
tml@529:6 [plugin 
angular-compiler]

    src/app/pages/admin-d
ashboard/admin-dashboard.
component.html:550:45:
      550 Γöé ...tn 
btn-ghost" (click)="appro
veModal.show = 
false">Cancel</button>
          Γò╡            
               
~~~~~~~~~~~~~~~~~~~~~~~~~

  Error occurs in the 
template of component 
AdminDashboardComponent.

    src/app/pages/admin-d
ashboard/admin-dashboard.
component.ts:17:15:
      17 Γöé   
templateUrl: './admin-das
hboard.component.html',
         Γò╡             
   ~~~~~~~~~~~~~~~~~~~~~~
~~~~~~~~~~~~


X [ERROR] NG5002: Parser 
Error: Unexpected token 
Approve Donor, expected 
identifier or keyword at 
column 25 in [ {{ 
approveModal.approve . 
'Approve Donor' : 
'Reject Donor' }} ] in C:
/Users/soura/Desktop/Bloo
dConnect/frontend/src/app
/pages/admin-dashboard/ad
min-dashboard.component.h
tml@529:6 [plugin 
angular-compiler]

    src/app/pages/admin-d
ashboard/admin-dashboard.
component.html:550:45:
      550 Γöé ...tn 
btn-ghost" (click)="appro
veModal.show = 
false">Cancel</button>
          Γò╡            
               
~~~~~~~~~~~~~~~~~~~~~~~~~

  Error occurs in the 
template of component 
AdminDashboardComponent.

    src/app/pages/admin-d
ashboard/admin-dashboard.
component.ts:17:15:
      17 Γöé   
templateUrl: './admin-das
hboard.component.html',
         Γò╡             
   ~~~~~~~~~~~~~~~~~~~~~~
~~~~~~~~~~~~


X [ERROR] NG5002: Parser 
Error: Expected 
identifier for property 
access at the end of the 
expression [ {{ 
approveModal.approve . 
'Approve Donor' : 
'Reject Donor' }} ] in C:
/Users/soura/Desktop/Bloo
dConnect/frontend/src/app
/pages/admin-dashboard/ad
min-dashboard.component.h
tml@529:6 [plugin 
angular-compiler]

    src/app/pages/admin-d
ashboard/admin-dashboard.
component.html:553:17:
      553 Γöé ...    [cla
ss]="approveModal.approve
 ? 'btn-success' : 
'btn-danger'"
          Γò╡            
     ~~~~~~~~~~~~~~~~~~~~
~~~~~~~~~~~~~~~~~~~~~~~~~
~~~~~~

  Error occurs in the 
template of component 
AdminDashboardComponent.

    src/app/pages/admin-d
ashboard/admin-dashboard.
component.ts:17:15:
      17 Γöé   
templateUrl: './admin-das
hboard.component.html',
         Γò╡             
   ~~~~~~~~~~~~~~~~~~~~~~
~~~~~~~~~~~~


X [ERROR] NG5002: Parser 
Error: Unexpected token 
Approve Donor, expected 
identifier or keyword at 
column 25 in [ {{ 
approveModal.approve . 
'Approve Donor' : 
'Reject Donor' }} ] in C:
/Users/soura/Desktop/Bloo
dConnect/frontend/src/app
/pages/admin-dashboard/ad
min-dashboard.component.h
tml@529:6 [plugin 
angular-compiler]

    src/app/pages/admin-d
ashboard/admin-dashboard.
component.html:553:17:
      553 Γöé ...    [cla
ss]="approveModal.approve
 ? 'btn-success' : 
'btn-danger'"
          Γò╡            
     ~~~~~~~~~~~~~~~~~~~~
~~~~~~~~~~~~~~~~~~~~~~~~~
~~~~~~

  Error occurs in the 
template of component 
AdminDashboardComponent.

    src/app/pages/admin-d
ashboard/admin-dashboard.
component.ts:17:15:
      17 Γöé   
templateUrl: './admin-das
hboard.component.html',
         Γò╡             
   ~~~~~~~~~~~~~~~~~~~~~~
~~~~~~~~~~~~


X [ERROR] NG5002: Parser 
Error: Expected 
identifier for property 
access at the end of the 
expression [ {{ 
approveModal.approve . 
'Approve Donor' : 
'Reject Donor' }} ] in C:
/Users/soura/Desktop/Bloo
dConnect/frontend/src/app
/pages/admin-dashboard/ad
min-dashboard.component.h
tml@529:6 [plugin 
angular-compiler]

    src/app/pages/admin-d
ashboard/admin-dashboard.
component.html:554:17:
      554 Γöé         (cl
ick)="confirmApprove()">
          Γò╡            
      ~~~~~~~~~~~~~~~~

  Error occurs in the 
template of component 
AdminDashboardComponent.

    src/app/pages/admin-d
ashboard/admin-dashboard.
component.ts:17:15:
      17 Γöé   
templateUrl: './admin-das
hboard.component.html',
         Γò╡             
   ~~~~~~~~~~~~~~~~~~~~~~
~~~~~~~~~~~~


X [ERROR] NG5002: Parser 
Error: Unexpected token 
Approve Donor, expected 
identifier or keyword at 
column 25 in [ {{ 
approveModal.approve . 
'Approve Donor' : 
'Reject Donor' }} ] in C:
/Users/soura/Desktop/Bloo
dConnect/frontend/src/app
/pages/admin-dashboard/ad
min-dashboard.component.h
tml@529:6 [plugin 
angular-compiler]

    src/app/pages/admin-d
ashboard/admin-dashboard.
component.html:554:17:
      554 Γöé         (cl
ick)="confirmApprove()">
          Γò╡            
      ~~~~~~~~~~~~~~~~

  Error occurs in the 
template of component 
AdminDashboardComponent.

    src/app/pages/admin-d
ashboard/admin-dashboard.
component.ts:17:15:
      17 Γöé   
templateUrl: './admin-das
hboard.component.html',
         Γò╡             
   ~~~~~~~~~~~~~~~~~~~~~~
~~~~~~~~~~~~


X [ERROR] NG5002: Parser 
Error: Expected 
identifier for property 
access at the end of the 
expression [ {{ 
approveModal.approve . 
'Approve Donor' : 
'Reject Donor' }} ] in C:
/Users/soura/Desktop/Bloo
dConnect/frontend/src/app
/pages/admin-dashboard/ad
min-dashboard.component.h
tml@529:6 [plugin 
angular-compiler]

    src/app/pages/admin-d
ashboard/admin-dashboard.
component.html:555:8:
      555 Γöé         {{ 
approveModal.approve ? 
'Γ£ô Confirm Approve' : 
'Γ£ò Co...
          Γò╡         ~~~
~~~~~~~~~~~~~~~~~~~~~~~~~
~~~~~~~~~~~~~~~~~~~~~~~~~

  Error occurs in the 
template of component 
AdminDashboardComponent.

    src/app/pages/admin-d
ashboard/admin-dashboard.
component.ts:17:15:
      17 Γöé   
templateUrl: './admin-das
hboard.component.html',
         Γò╡             
   ~~~~~~~~~~~~~~~~~~~~~~
~~~~~~~~~~~~


X [ERROR] NG5002: Parser 
Error: Unexpected token 
Approve Donor, expected 
identifier or keyword at 
column 25 in [ {{ 
approveModal.approve . 
'Approve Donor' : 
'Reject Donor' }} ] in C:
/Users/soura/Desktop/Bloo
dConnect/frontend/src/app
/pages/admin-dashboard/ad
min-dashboard.component.h
tml@529:6 [plugin 
angular-compiler]

    src/app/pages/admin-d
ashboard/admin-dashboard.
component.html:555:8:
      555 Γöé         {{ 
approveModal.approve ? 
'Γ£ô Confirm Approve' : 
'Γ£ò Co...
          Γò╡         ~~~
~~~~~~~~~~~~~~~~~~~~~~~~~
~~~~~~~~~~~~~~~~~~~~~~~~~

  Error occurs in the 
template of component 
AdminDashboardComponent.

    src/app/pages/admin-d
ashboard/admin-dashboard.
component.ts:17:15:
      17 Γöé   
templateUrl: './admin-das
hboard.component.html',
         Γò╡             
   ~~~~~~~~~~~~~~~~~~~~~~
~~~~~~~~~~~~


X [ERROR] NG5002: Parser 
Error: Expected 
identifier for property 
access at the end of the 
expression [ {{ 
approveModal.approve . 
'Approve Donor' : 
'Reject Donor' }} ] in C:
/Users/soura/Desktop/Bloo
dConnect/frontend/src/app
/pages/admin-dashboard/ad
min-dashboard.component.h
tml@529:6 [plugin 
angular-compiler]

    src/app/pages/admin-d
ashboard/admin-dashboard.
component.html:562:27:
      562 Γöé 
...s="modal-overlay" *ngI
f="bulkEmailModal.show" 
(click)="bulkEma...
          Γò╡            
          ~~~~~~~~~~~~~~~
~~~~~~~~~~~~

  Error occurs in the 
template of component 
AdminDashboardComponent.

    src/app/pages/admin-d
ashboard/admin-dashboard.
component.ts:17:15:
      17 Γöé   
templateUrl: './admin-das
hboard.component.html',
         Γò╡             
   ~~~~~~~~~~~~~~~~~~~~~~
~~~~~~~~~~~~


X [ERROR] NG5002: Parser 
Error: Unexpected token 
Approve Donor, expected 
identifier or keyword at 
column 25 in [ {{ 
approveModal.approve . 
'Approve Donor' : 
'Reject Donor' }} ] in C:
/Users/soura/Desktop/Bloo
dConnect/frontend/src/app
/pages/admin-dashboard/ad
min-dashboard.component.h
tml@529:6 [plugin 
angular-compiler]

    src/app/pages/admin-d
ashboard/admin-dashboard.
component.html:562:27:
      562 Γöé 
...s="modal-overlay" *ngI
f="bulkEmailModal.show" 
(click)="bulkEma...
          Γò╡            
          ~~~~~~~~~~~~~~~
~~~~~~~~~~~~

  Error occurs in the 
template of component 
AdminDashboardComponent.

    src/app/pages/admin-d
ashboard/admin-dashboard.
component.ts:17:15:
      17 Γöé   
templateUrl: './admin-das
hboard.component.html',
         Γò╡             
   ~~~~~~~~~~~~~~~~~~~~~~
~~~~~~~~~~~~


X [ERROR] NG5002: Parser 
Error: Expected 
identifier for property 
access at the end of the 
expression [ {{ 
approveModal.approve . 
'Approve Donor' : 
'Reject Donor' }} ] in C:
/Users/soura/Desktop/Bloo
dConnect/frontend/src/app
/pages/admin-dashboard/ad
min-dashboard.component.h
tml@529:6 [plugin 
angular-compiler]

    src/app/pages/admin-d
ashboard/admin-dashboard.
component.html:562:64:
      562 Γöé ...ngIf="bu
lkEmailModal.show" (click
)="bulkEmailModal.show = 
false">
          Γò╡            
                         
   ~~~~~~~~~~~~~~~~~~~~~~
~~~~~

  Error occurs in the 
template of component 
AdminDashboardComponent.

    src/app/pages/admin-d
ashboard/admin-dashboard.
component.ts:17:15:
      17 Γöé   
templateUrl: './admin-das
hboard.component.html',
         Γò╡             
   ~~~~~~~~~~~~~~~~~~~~~~
~~~~~~~~~~~~


X [ERROR] NG5002: Parser 
Error: Unexpected token 
Approve Donor, expected 
identifier or keyword at 
column 25 in [ {{ 
approveModal.approve . 
'Approve Donor' : 
'Reject Donor' }} ] in C:
/Users/soura/Desktop/Bloo
dConnect/frontend/src/app
/pages/admin-dashboard/ad
min-dashboard.component.h
tml@529:6 [plugin 
angular-compiler]

    src/app/pages/admin-d
ashboard/admin-dashboard.
component.html:562:64:
      562 Γöé ...ngIf="bu
lkEmailModal.show" (click
)="bulkEmailModal.show = 
false">
          Γò╡            
                         
   ~~~~~~~~~~~~~~~~~~~~~~
~~~~~

  Error occurs in the 
template of component 
AdminDashboardComponent.

    src/app/pages/admin-d
ashboard/admin-dashboard.
component.ts:17:15:
      17 Γöé   
templateUrl: './admin-das
hboard.component.html',
         Γò╡             
   ~~~~~~~~~~~~~~~~~~~~~~
~~~~~~~~~~~~


X [ERROR] NG5002: Parser 
Error: Expected 
identifier for property 
access at the end of the 
expression [ {{ 
approveModal.approve . 
'Approve Donor' : 
'Reject Donor' }} ] in C:
/Users/soura/Desktop/Bloo
dConnect/frontend/src/app
/pages/admin-dashboard/ad
min-dashboard.component.h
tml@529:6 [plugin 
angular-compiler]

    src/app/pages/admin-d
ashboard/admin-dashboard.
component.html:563:58:
      563 Γöé ...-box" 
style="max-width:640px" (
click)="$event.stopPropag
ation()">
          Γò╡            
                         
      
~~~~~~~~~~~~~~~~~~~~~~~~

  Error occurs in the 
template of component 
AdminDashboardComponent.

    src/app/pages/admin-d
ashboard/admin-dashboard.
component.ts:17:15:
      17 Γöé   
templateUrl: './admin-das
hboard.component.html',
         Γò╡             
   ~~~~~~~~~~~~~~~~~~~~~~
~~~~~~~~~~~~


X [ERROR] NG5002: Parser 
Error: Unexpected token 
Approve Donor, expected 
identifier or keyword at 
column 25 in [ {{ 
approveModal.approve . 
'Approve Donor' : 
'Reject Donor' }} ] in C:
/Users/soura/Desktop/Bloo
dConnect/frontend/src/app
/pages/admin-dashboard/ad
min-dashboard.component.h
tml@529:6 [plugin 
angular-compiler]

    src/app/pages/admin-d
ashboard/admin-dashboard.
component.html:563:58:
      563 Γöé ...-box" 
style="max-width:640px" (
click)="$event.stopPropag
ation()">
          Γò╡            
                         
      
~~~~~~~~~~~~~~~~~~~~~~~~

  Error occurs in the 
template of component 
AdminDashboardComponent.

    src/app/pages/admin-d
ashboard/admin-dashboard.
component.ts:17:15:
      17 Γöé   
templateUrl: './admin-das
hboard.component.html',
         Γò╡             
   ~~~~~~~~~~~~~~~~~~~~~~
~~~~~~~~~~~~


X [ERROR] NG5002: Parser 
Error: Expected 
identifier for property 
access at the end of the 
expression [ {{ 
approveModal.approve . 
'Approve Donor' : 
'Reject Donor' }} ] in C:
/Users/soura/Desktop/Bloo
dConnect/frontend/src/app
/pages/admin-dashboard/ad
min-dashboard.component.h
tml@529:6 [plugin 
angular-compiler]

    src/app/pages/admin-d
ashboard/admin-dashboard.
component.html:569:50:
      569 Γöé ...lect 
class="form-control" [(ng
Model)]="bulkEmailForm.bl
oodGroup">
          Γò╡            
                         
      
~~~~~~~~~~~~~~~~~~~~~~~~

  Error occurs in the 
template of component 
AdminDashboardComponent.

    src/app/pages/admin-d
ashboard/admin-dashboard.
component.ts:17:15:
      17 Γöé   
templateUrl: './admin-das
hboard.component.html',
         Γò╡             
   ~~~~~~~~~~~~~~~~~~~~~~
~~~~~~~~~~~~


X [ERROR] NG5002: Parser 
Error: Expected 
identifier for property 
access at the end of the 
expression [ {{ 
approveModal.approve . 
'Approve Donor' : 
'Reject Donor' }} ] in C:
/Users/soura/Desktop/Bloo
dConnect/frontend/src/app
/pages/admin-dashboard/ad
min-dashboard.component.h
tml@529:6 [plugin 
angular-compiler]

    src/app/pages/admin-d
ashboard/admin-dashboard.
component.html:569:50:
      569 Γöé ...lect 
class="form-control" [(ng
Model)]="bulkEmailForm.bl
oodGroup">
          Γò╡            
                         
      
~~~~~~~~~~~~~~~~~~~~~~~~

  Error occurs in the 
template of component 
AdminDashboardComponent.

    src/app/pages/admin-d
ashboard/admin-dashboard.
component.ts:17:15:
      17 Γöé   
templateUrl: './admin-das
hboard.component.html',
         Γò╡             
   ~~~~~~~~~~~~~~~~~~~~~~
~~~~~~~~~~~~


X [ERROR] NG5002: Parser 
Error: Unexpected token 
Approve Donor, expected 
identifier or keyword at 
column 25 in [ {{ 
approveModal.approve . 
'Approve Donor' : 
'Reject Donor' }} ] in C:
/Users/soura/Desktop/Bloo
dConnect/frontend/src/app
/pages/admin-dashboard/ad
min-dashboard.component.h
tml@529:6 [plugin 
angular-compiler]

    src/app/pages/admin-d
ashboard/admin-dashboard.
component.html:569:50:
      569 Γöé ...lect 
class="form-control" [(ng
Model)]="bulkEmailForm.bl
oodGroup">
          Γò╡            
                         
      
~~~~~~~~~~~~~~~~~~~~~~~~

  Error occurs in the 
template of component 
AdminDashboardComponent.

    src/app/pages/admin-d
ashboard/admin-dashboard.
component.ts:17:15:
      17 Γöé   
templateUrl: './admin-das
hboard.component.html',
         Γò╡             
   ~~~~~~~~~~~~~~~~~~~~~~
~~~~~~~~~~~~


X [ERROR] NG5002: Parser 
Error: Unexpected token 
Approve Donor, expected 
identifier or keyword at 
column 25 in [ {{ 
approveModal.approve . 
'Approve Donor' : 
'Reject Donor' }} ] in C:
/Users/soura/Desktop/Bloo
dConnect/frontend/src/app
/pages/admin-dashboard/ad
min-dashboard.component.h
tml@529:6 [plugin 
angular-compiler]

    src/app/pages/admin-d
ashboard/admin-dashboard.
component.html:569:50:
      569 Γöé ...lect 
class="form-control" [(ng
Model)]="bulkEmailForm.bl
oodGroup">
          Γò╡            
                         
      
~~~~~~~~~~~~~~~~~~~~~~~~

  Error occurs in the 
template of component 
AdminDashboardComponent.

    src/app/pages/admin-d
ashboard/admin-dashboard.
component.ts:17:15:
      17 Γöé   
templateUrl: './admin-das
hboard.component.html',
         Γò╡             
   ~~~~~~~~~~~~~~~~~~~~~~
~~~~~~~~~~~~


X [ERROR] NG5002: Parser 
Error: Expected 
identifier for property 
access at the end of the 
expression [ {{ 
approveModal.approve . 
'Approve Donor' : 
'Reject Donor' }} ] in C:
/Users/soura/Desktop/Bloo
dConnect/frontend/src/app
/pages/admin-dashboard/ad
min-dashboard.component.h
tml@529:6 [plugin 
angular-compiler]

    src/app/pages/admin-d
ashboard/admin-dashboard.
component.html:579:87:
      579 Γöé ...text" 
placeholder="e.g. 
Mumbai" [(ngModel)]="bulk
EmailForm.city">
          Γò╡            
                         
            
~~~~~~~~~~~~~~~~~~

  Error occurs in the 
template of component 
AdminDashboardComponent.

    src/app/pages/admin-d
ashboard/admin-dashboard.
component.ts:17:15:
      17 Γöé   
templateUrl: './admin-das
hboard.component.html',
         Γò╡             
   ~~~~~~~~~~~~~~~~~~~~~~
~~~~~~~~~~~~


X [ERROR] NG5002: Parser 
Error: Expected 
identifier for property 
access at the end of the 
expression [ {{ 
approveModal.approve . 
'Approve Donor' : 
'Reject Donor' }} ] in C:
/Users/soura/Desktop/Bloo
dConnect/frontend/src/app
/pages/admin-dashboard/ad
min-dashboard.component.h
tml@529:6 [plugin 
angular-compiler]

    src/app/pages/admin-d
ashboard/admin-dashboard.
component.html:579:87:
      579 Γöé ...text" 
placeholder="e.g. 
Mumbai" [(ngModel)]="bulk
EmailForm.city">
          Γò╡            
                         
            
~~~~~~~~~~~~~~~~~~

  Error occurs in the 
template of component 
AdminDashboardComponent.

    src/app/pages/admin-d
ashboard/admin-dashboard.
component.ts:17:15:
      17 Γöé   
templateUrl: './admin-das
hboard.component.html',
         Γò╡             
   ~~~~~~~~~~~~~~~~~~~~~~
~~~~~~~~~~~~


X [ERROR] NG5002: Parser 
Error: Unexpected token 
Approve Donor, expected 
identifier or keyword at 
column 25 in [ {{ 
approveModal.approve . 
'Approve Donor' : 
'Reject Donor' }} ] in C:
/Users/soura/Desktop/Bloo
dConnect/frontend/src/app
/pages/admin-dashboard/ad
min-dashboard.component.h
tml@529:6 [plugin 
angular-compiler]

    src/app/pages/admin-d
ashboard/admin-dashboard.
component.html:579:87:
      579 Γöé ...text" 
placeholder="e.g. 
Mumbai" [(ngModel)]="bulk
EmailForm.city">
          Γò╡            
                         
            
~~~~~~~~~~~~~~~~~~

  Error occurs in the 
template of component 
AdminDashboardComponent.

    src/app/pages/admin-d
ashboard/admin-dashboard.
component.ts:17:15:
      17 Γöé   
templateUrl: './admin-das
hboard.component.html',
         Γò╡             
   ~~~~~~~~~~~~~~~~~~~~~~
~~~~~~~~~~~~


X [ERROR] NG5002: Parser 
Error: Unexpected token 
Approve Donor, expected 
identifier or keyword at 
column 25 in [ {{ 
approveModal.approve . 
'Approve Donor' : 
'Reject Donor' }} ] in C:
/Users/soura/Desktop/Bloo
dConnect/frontend/src/app
/pages/admin-dashboard/ad
min-dashboard.component.h
tml@529:6 [plugin 
angular-compiler]

    src/app/pages/admin-d
ashboard/admin-dashboard.
component.html:579:87:
      579 Γöé ...text" 
placeholder="e.g. 
Mumbai" [(ngModel)]="bulk
EmailForm.city">
          Γò╡            
                         
            
~~~~~~~~~~~~~~~~~~

  Error occurs in the 
template of component 
AdminDashboardComponent.

    src/app/pages/admin-d
ashboard/admin-dashboard.
component.ts:17:15:
      17 Γöé   
templateUrl: './admin-das
hboard.component.html',
         Γò╡             
   ~~~~~~~~~~~~~~~~~~~~~~
~~~~~~~~~~~~


X [ERROR] NG5002: Parser 
Error: Expected 
identifier for property 
access at the end of the 
expression [ {{ 
approveModal.approve . 
'Approve Donor' : 
'Reject Donor' }} ] in C:
/Users/soura/Desktop/Bloo
dConnect/frontend/src/app
/pages/admin-dashboard/ad
min-dashboard.component.h
tml@529:6 [plugin 
angular-compiler]

    src/app/pages/admin-d
ashboard/admin-dashboard.
component.html:585:88:
      585 Γöé 
...aceholder="Email 
subjectΓÇª" [(ngModel)]="
bulkEmailForm.subject">
          Γò╡            
                         
     
~~~~~~~~~~~~~~~~~~~~~

  Error occurs in the 
template of component 
AdminDashboardComponent.

    src/app/pages/admin-d
ashboard/admin-dashboard.
component.ts:17:15:
      17 Γöé   
templateUrl: './admin-das
hboard.component.html',
         Γò╡             
   ~~~~~~~~~~~~~~~~~~~~~~
~~~~~~~~~~~~


X [ERROR] NG5002: Parser 
Error: Expected 
identifier for property 
access at the end of the 
expression [ {{ 
approveModal.approve . 
'Approve Donor' : 
'Reject Donor' }} ] in C:
/Users/soura/Desktop/Bloo
dConnect/frontend/src/app
/pages/admin-dashboard/ad
min-dashboard.component.h
tml@529:6 [plugin 
angular-compiler]

    src/app/pages/admin-d
ashboard/admin-dashboard.
component.html:585:88:
      585 Γöé 
...aceholder="Email 
subjectΓÇª" [(ngModel)]="
bulkEmailForm.subject">
          Γò╡            
                         
     
~~~~~~~~~~~~~~~~~~~~~

  Error occurs in the 
template of component 
AdminDashboardComponent.

    src/app/pages/admin-d
ashboard/admin-dashboard.
component.ts:17:15:
      17 Γöé   
templateUrl: './admin-das
hboard.component.html',
         Γò╡             
   ~~~~~~~~~~~~~~~~~~~~~~
~~~~~~~~~~~~


X [ERROR] NG5002: Parser 
Error: Unexpected token 
Approve Donor, expected 
identifier or keyword at 
column 25 in [ {{ 
approveModal.approve . 
'Approve Donor' : 
'Reject Donor' }} ] in C:
/Users/soura/Desktop/Bloo
dConnect/frontend/src/app
/pages/admin-dashboard/ad
min-dashboard.component.h
tml@529:6 [plugin 
angular-compiler]

    src/app/pages/admin-d
ashboard/admin-dashboard.
component.html:585:88:
      585 Γöé 
...aceholder="Email 
subjectΓÇª" [(ngModel)]="
bulkEmailForm.subject">
          Γò╡            
                         
     
~~~~~~~~~~~~~~~~~~~~~

  Error occurs in the 
template of component 
AdminDashboardComponent.

    src/app/pages/admin-d
ashboard/admin-dashboard.
component.ts:17:15:
      17 Γöé   
templateUrl: './admin-das
hboard.component.html',
         Γò╡             
   ~~~~~~~~~~~~~~~~~~~~~~
~~~~~~~~~~~~


X [ERROR] NG5002: Parser 
Error: Unexpected token 
Approve Donor, expected 
identifier or keyword at 
column 25 in [ {{ 
approveModal.approve . 
'Approve Donor' : 
'Reject Donor' }} ] in C:
/Users/soura/Desktop/Bloo
dConnect/frontend/src/app
/pages/admin-dashboard/ad
min-dashboard.component.h
tml@529:6 [plugin 
angular-compiler]

    src/app/pages/admin-d
ashboard/admin-dashboard.
component.html:585:88:
      585 Γöé 
...aceholder="Email 
subjectΓÇª" [(ngModel)]="
bulkEmailForm.subject">
          Γò╡            
                         
     
~~~~~~~~~~~~~~~~~~~~~

  Error occurs in the 
template of component 
AdminDashboardComponent.

    src/app/pages/admin-d
ashboard/admin-dashboard.
component.ts:17:15:
      17 Γöé   
templateUrl: './admin-das
hboard.component.html',
         Γò╡             
   ~~~~~~~~~~~~~~~~~~~~~~
~~~~~~~~~~~~


X [ERROR] NG5002: Parser 
Error: Expected 
identifier for property 
access at the end of the 
expression [ {{ 
approveModal.approve . 
'Approve Donor' : 
'Reject Donor' }} ] in C:
/Users/soura/Desktop/Bloo
dConnect/frontend/src/app
/pages/admin-dashboard/ad
min-dashboard.component.h
tml@529:6 [plugin 
angular-compiler]

    src/app/pages/admin-d
ashboard/admin-dashboard.
component.html:590:97:
      590 Γöé ... 
message hereΓÇª" [(ngMode
l)]="bulkEmailForm.messag
e"></textarea>
          Γò╡            
                   
~~~~~~~~~~~~~~~~~~~~~

  Error occurs in the 
template of component 
AdminDashboardComponent.

    src/app/pages/admin-d
ashboard/admin-dashboard.
component.ts:17:15:
      17 Γöé   
templateUrl: './admin-das
hboard.component.html',
         Γò╡             
   ~~~~~~~~~~~~~~~~~~~~~~
~~~~~~~~~~~~


X [ERROR] NG5002: Parser 
Error: Expected 
identifier for property 
access at the end of the 
expression [ {{ 
approveModal.approve . 
'Approve Donor' : 
'Reject Donor' }} ] in C:
/Users/soura/Desktop/Bloo
dConnect/frontend/src/app
/pages/admin-dashboard/ad
min-dashboard.component.h
tml@529:6 [plugin 
angular-compiler]

    src/app/pages/admin-d
ashboard/admin-dashboard.
component.html:590:97:
      590 Γöé ... 
message hereΓÇª" [(ngMode
l)]="bulkEmailForm.messag
e"></textarea>
          Γò╡            
                   
~~~~~~~~~~~~~~~~~~~~~

  Error occurs in the 
template of component 
AdminDashboardComponent.

    src/app/pages/admin-d
ashboard/admin-dashboard.
component.ts:17:15:
      17 Γöé   
templateUrl: './admin-das
hboard.component.html',
         Γò╡             
   ~~~~~~~~~~~~~~~~~~~~~~
~~~~~~~~~~~~


X [ERROR] NG5002: Parser 
Error: Unexpected token 
Approve Donor, expected 
identifier or keyword at 
column 25 in [ {{ 
approveModal.approve . 
'Approve Donor' : 
'Reject Donor' }} ] in C:
/Users/soura/Desktop/Bloo
dConnect/frontend/src/app
/pages/admin-dashboard/ad
min-dashboard.component.h
tml@529:6 [plugin 
angular-compiler]

    src/app/pages/admin-d
ashboard/admin-dashboard.
component.html:590:97:
      590 Γöé ... 
message hereΓÇª" [(ngMode
l)]="bulkEmailForm.messag
e"></textarea>
          Γò╡            
                   
~~~~~~~~~~~~~~~~~~~~~

  Error occurs in the 
template of component 
AdminDashboardComponent.

    src/app/pages/admin-d
ashboard/admin-dashboard.
component.ts:17:15:
      17 Γöé   
templateUrl: './admin-das
hboard.component.html',
         Γò╡             
   ~~~~~~~~~~~~~~~~~~~~~~
~~~~~~~~~~~~


X [ERROR] NG5002: Parser 
Error: Unexpected token 
Approve Donor, expected 
identifier or keyword at 
column 25 in [ {{ 
approveModal.approve . 
'Approve Donor' : 
'Reject Donor' }} ] in C:
/Users/soura/Desktop/Bloo
dConnect/frontend/src/app
/pages/admin-dashboard/ad
min-dashboard.component.h
tml@529:6 [plugin 
angular-compiler]

    src/app/pages/admin-d
ashboard/admin-dashboard.
component.html:590:97:
      590 Γöé ... 
message hereΓÇª" [(ngMode
l)]="bulkEmailForm.messag
e"></textarea>
          Γò╡            
                   
~~~~~~~~~~~~~~~~~~~~~

  Error occurs in the 
template of component 
AdminDashboardComponent.

    src/app/pages/admin-d
ashboard/admin-dashboard.
component.ts:17:15:
      17 Γöé   
templateUrl: './admin-das
hboard.component.html',
         Γò╡             
   ~~~~~~~~~~~~~~~~~~~~~~
~~~~~~~~~~~~


X [ERROR] NG5002: Parser 
Error: Expected 
identifier for property 
access at the end of the 
expression [ {{ 
approveModal.approve . 
'Approve Donor' : 
'Reject Donor' }} ] in C:
/Users/soura/Desktop/Bloo
dConnect/frontend/src/app
/pages/admin-dashboard/ad
min-dashboard.component.h
tml@529:6 [plugin 
angular-compiler]

    src/app/pages/admin-d
ashboard/admin-dashboard.
component.html:594:45:
      594 Γöé ... 
btn-ghost" (click)="bulkE
mailModal.show = 
false">Cancel</button>
          Γò╡            
             ~~~~~~~~~~~~
~~~~~~~~~~~~~~~

  Error occurs in the 
template of component 
AdminDashboardComponent.

    src/app/pages/admin-d
ashboard/admin-dashboard.
component.ts:17:15:
      17 Γöé   
templateUrl: './admin-das
hboard.component.html',
         Γò╡             
   ~~~~~~~~~~~~~~~~~~~~~~
~~~~~~~~~~~~


X [ERROR] NG5002: Parser 
Error: Unexpected token 
Approve Donor, expected 
identifier or keyword at 
column 25 in [ {{ 
approveModal.approve . 
'Approve Donor' : 
'Reject Donor' }} ] in C:
/Users/soura/Desktop/Bloo
dConnect/frontend/src/app
/pages/admin-dashboard/ad
min-dashboard.component.h
tml@529:6 [plugin 
angular-compiler]

    src/app/pages/admin-d
ashboard/admin-dashboard.
component.html:594:45:
      594 Γöé ... 
btn-ghost" (click)="bulkE
mailModal.show = 
false">Cancel</button>
          Γò╡            
             ~~~~~~~~~~~~
~~~~~~~~~~~~~~~

  Error occurs in the 
template of component 
AdminDashboardComponent.

    src/app/pages/admin-d
ashboard/admin-dashboard.
component.ts:17:15:
      17 Γöé   
templateUrl: './admin-das
hboard.component.html',
         Γò╡             
   ~~~~~~~~~~~~~~~~~~~~~~
~~~~~~~~~~~~


X [ERROR] NG5002: Parser 
Error: Expected 
identifier for property 
access at the end of the 
expression [ {{ 
approveModal.approve . 
'Approve Donor' : 
'Reject Donor' }} ] in C:
/Users/soura/Desktop/Bloo
dConnect/frontend/src/app
/pages/admin-dashboard/ad
min-dashboard.component.h
tml@529:6 [plugin 
angular-compiler]

    src/app/pages/admin-d
ashboard/admin-dashboard.
component.html:595:59:
      595 Γöé ..." [class
.btn-loading]="bulkEmailL
oading" 
(click)="sendBulkEmai...
          Γò╡            
               
~~~~~~~~~~~~~~~~

  Error occurs in the 
template of component 
AdminDashboardComponent.

    src/app/pages/admin-d
ashboard/admin-dashboard.
component.ts:17:15:
      17 Γöé   
templateUrl: './admin-das
hboard.component.html',
         Γò╡             
   ~~~~~~~~~~~~~~~~~~~~~~
~~~~~~~~~~~~


X [ERROR] NG5002: Parser 
Error: Unexpected token 
Approve Donor, expected 
identifier or keyword at 
column 25 in [ {{ 
approveModal.approve . 
'Approve Donor' : 
'Reject Donor' }} ] in C:
/Users/soura/Desktop/Bloo
dConnect/frontend/src/app
/pages/admin-dashboard/ad
min-dashboard.component.h
tml@529:6 [plugin 
angular-compiler]

    src/app/pages/admin-d
ashboard/admin-dashboard.
component.html:595:59:
      595 Γöé ..." [class
.btn-loading]="bulkEmailL
oading" 
(click)="sendBulkEmai...
          Γò╡            
               
~~~~~~~~~~~~~~~~

  Error occurs in the 
template of component 
AdminDashboardComponent.

    src/app/pages/admin-d
ashboard/admin-dashboard.
component.ts:17:15:
      17 Γöé   
templateUrl: './admin-das
hboard.component.html',
         Γò╡             
   ~~~~~~~~~~~~~~~~~~~~~~
~~~~~~~~~~~~


X [ERROR] NG5002: Parser 
Error: Expected 
identifier for property 
access at the end of the 
expression [ {{ 
approveModal.approve . 
'Approve Donor' : 
'Reject Donor' }} ] in C:
/Users/soura/Desktop/Bloo
dConnect/frontend/src/app
/pages/admin-dashboard/ad
min-dashboard.component.h
tml@529:6 [plugin 
angular-compiler]

    src/app/pages/admin-d
ashboard/admin-dashboard.
component.html:595:86:
      595 Γöé ...[class.b
tn-loading]="bulkEmailLoa
ding" (click)="sendBulkEm
ail()">
          Γò╡            
                         
               
~~~~~~~~~~~~~~~

  Error occurs in the 
template of component 
AdminDashboardComponent.

    src/app/pages/admin-d
ashboard/admin-dashboard.
component.ts:17:15:
      17 Γöé   
templateUrl: './admin-das
hboard.component.html',
         Γò╡             
   ~~~~~~~~~~~~~~~~~~~~~~
~~~~~~~~~~~~


X [ERROR] NG5002: Parser 
Error: Unexpected token 
Approve Donor, expected 
identifier or keyword at 
column 25 in [ {{ 
approveModal.approve . 
'Approve Donor' : 
'Reject Donor' }} ] in C:
/Users/soura/Desktop/Bloo
dConnect/frontend/src/app
/pages/admin-dashboard/ad
min-dashboard.component.h
tml@529:6 [plugin 
angular-compiler]

    src/app/pages/admin-d
ashboard/admin-dashboard.
component.html:595:86:
      595 Γöé ...[class.b
tn-loading]="bulkEmailLoa
ding" (click)="sendBulkEm
ail()">
          Γò╡            
                         
               
~~~~~~~~~~~~~~~

  Error occurs in the 
template of component 
AdminDashboardComponent.

    src/app/pages/admin-d
ashboard/admin-dashboard.
component.ts:17:15:
      17 Γöé   
templateUrl: './admin-das
hboard.component.html',
         Γò╡             
   ~~~~~~~~~~~~~~~~~~~~~~
~~~~~~~~~~~~


X [ERROR] NG5002: Parser 
Error: Expected 
identifier for property 
access at the end of the 
expression [ {{ 
approveModal.approve . 
'Approve Donor' : 
'Reject Donor' }} ] in C:
/Users/soura/Desktop/Bloo
dConnect/frontend/src/app
/pages/admin-dashboard/ad
min-dashboard.component.h
tml@529:6 [plugin 
angular-compiler]

    src/app/pages/admin-d
ashboard/admin-dashboard.
component.html:596:8:
      596 Γöé         {{ 
bulkEmailLoading ? '' : 
'≡ƒôº Send Email' }}
          Γò╡         ~~~
~~~~~~~~~~~~~~~~~~~~~~~~~
~~~~~~~~~~~~~~~~

  Error occurs in the 
template of component 
AdminDashboardComponent.

    src/app/pages/admin-d
ashboard/admin-dashboard.
component.ts:17:15:
      17 Γöé   
templateUrl: './admin-das
hboard.component.html',
         Γò╡             
   ~~~~~~~~~~~~~~~~~~~~~~
~~~~~~~~~~~~


X [ERROR] NG5002: Parser 
Error: Unexpected token 
Approve Donor, expected 
identifier or keyword at 
column 25 in [ {{ 
approveModal.approve . 
'Approve Donor' : 
'Reject Donor' }} ] in C:
/Users/soura/Desktop/Bloo
dConnect/frontend/src/app
/pages/admin-dashboard/ad
min-dashboard.component.h
tml@529:6 [plugin 
angular-compiler]

    src/app/pages/admin-d
ashboard/admin-dashboard.
component.html:596:8:
      596 Γöé         {{ 
bulkEmailLoading ? '' : 
'≡ƒôº Send Email' }}
          Γò╡         ~~~
~~~~~~~~~~~~~~~~~~~~~~~~~
~~~~~~~~~~~~~~~~

  Error occurs in the 
template of component 
AdminDashboardComponent.

    src/app/pages/admin-d
ashboard/admin-dashboard.
component.ts:17:15:
      17 Γöé   
templateUrl: './admin-das
hboard.component.html',
         Γò╡             
   ~~~~~~~~~~~~~~~~~~~~~~
~~~~~~~~~~~~


X [ERROR] NG5002: Parser 
Error: Expected 
identifier for property 
access at the end of the 
expression [ {{ 
donor.isAvailable . 
'Available' : 
'Unavailable' }} ] in C:/
Users/soura/Desktop/Blood
Connect/frontend/src/app/
pages/donor-dashboard/don
or-dashboard.component.ht
ml@19:12 [plugin 
angular-compiler]

    src/app/pages/donor-d
ashboard/donor-dashboard.
component.html:20:12:
      20 Γöé             
{{ donor.isAvailable . 
'Available' : 
'Unavailable' }}
         Γò╡             
~~~~~~~~~~~~~~~~~~~~~~~~~
~~~~~~~~~~~~~~~~~~~~~~~~~
~~~

  Error occurs in the 
template of component 
DonorDashboardComponent.

    src/app/pages/donor-d
ashboard/donor-dashboard.
component.ts:16:15:
      16 Γöé   
templateUrl: './donor-das
hboard.component.html',
         Γò╡             
   ~~~~~~~~~~~~~~~~~~~~~~
~~~~~~~~~~~~


X [ERROR] NG5002: Parser 
Error: Unexpected token 
Available, expected 
identifier or keyword at 
column 22 in [ {{ 
donor.isAvailable . 
'Available' : 
'Unavailable' }} ] in C:/
Users/soura/Desktop/Blood
Connect/frontend/src/app/
pages/donor-dashboard/don
or-dashboard.component.ht
ml@19:12 [plugin 
angular-compiler]

    src/app/pages/donor-d
ashboard/donor-dashboard.
component.html:20:12:
      20 Γöé             
{{ donor.isAvailable . 
'Available' : 
'Unavailable' }}
         Γò╡             
~~~~~~~~~~~~~~~~~~~~~~~~~
~~~~~~~~~~~~~~~~~~~~~~~~~
~~~

  Error occurs in the 
template of component 
DonorDashboardComponent.

    src/app/pages/donor-d
ashboard/donor-dashboard.
component.ts:16:15:
      16 Γöé   
templateUrl: './donor-das
hboard.component.html',
         Γò╡             
   ~~~~~~~~~~~~~~~~~~~~~~
~~~~~~~~~~~~


X [ERROR] NG5002: Parser 
Error: Expected 
identifier for property 
access at the end of the 
expression [ {{ 
donor.isAvailable . 
'Available' : 
'Unavailable' }} ] in C:/
Users/soura/Desktop/Blood
Connect/frontend/src/app/
pages/donor-dashboard/don
or-dashboard.component.ht
ml@19:12 [plugin 
angular-compiler]

    src/app/pages/donor-d
ashboard/donor-dashboard.
component.html:25:18:
      25 Γöé           
<button *ngFor="let tab 
of tabs" 
class="snav-item" 
[clas...
         Γò╡             
      
~~~~~~~~~~~~~~~~~~~~~~~~

  Error occurs in the 
template of component 
DonorDashboardComponent.

    src/app/pages/donor-d
ashboard/donor-dashboard.
component.ts:16:15:
      16 Γöé   
templateUrl: './donor-das
hboard.component.html',
         Γò╡             
   ~~~~~~~~~~~~~~~~~~~~~~
~~~~~~~~~~~~


X [ERROR] NG5002: Parser 
Error: Unexpected token 
Available, expected 
identifier or keyword at 
column 22 in [ {{ 
donor.isAvailable . 
'Available' : 
'Unavailable' }} ] in C:/
Users/soura/Desktop/Blood
Connect/frontend/src/app/
pages/donor-dashboard/don
or-dashboard.component.ht
ml@19:12 [plugin 
angular-compiler]

    src/app/pages/donor-d
ashboard/donor-dashboard.
component.html:25:18:
      25 Γöé           
<button *ngFor="let tab 
of tabs" 
class="snav-item" 
[clas...
         Γò╡             
      
~~~~~~~~~~~~~~~~~~~~~~~~

  Error occurs in the 
template of component 
DonorDashboardComponent.

    src/app/pages/donor-d
ashboard/donor-dashboard.
component.ts:16:15:
      16 Γöé   
templateUrl: './donor-das
hboard.component.html',
         Γò╡             
   ~~~~~~~~~~~~~~~~~~~~~~
~~~~~~~~~~~~


X [ERROR] NG5002: Parser 
Error: Expected 
identifier for property 
access at the end of the 
expression [ {{ 
donor.isAvailable . 
'Available' : 
'Unavailable' }} ] in C:/
Users/soura/Desktop/Blood
Connect/frontend/src/app/
pages/donor-dashboard/don
or-dashboard.component.ht
ml@19:12 [plugin 
angular-compiler]

    src/app/pages/donor-d
ashboard/donor-dashboard.
component.html:25:77:
      25 Γöé ...item" [cl
ass.active]="activeTab 
=== tab.id" 
(click)="activeTab ...
         Γò╡             
             
~~~~~~~~~~~~~~~~~~~~

  Error occurs in the 
template of component 
DonorDashboardComponent.

    src/app/pages/donor-d
ashboard/donor-dashboard.
component.ts:16:15:
      16 Γöé   
templateUrl: './donor-das
hboard.component.html',
         Γò╡             
   ~~~~~~~~~~~~~~~~~~~~~~
~~~~~~~~~~~~


X [ERROR] NG5002: Parser 
Error: Unexpected token 
Available, expected 
identifier or keyword at 
column 22 in [ {{ 
donor.isAvailable . 
'Available' : 
'Unavailable' }} ] in C:/
Users/soura/Desktop/Blood
Connect/frontend/src/app/
pages/donor-dashboard/don
or-dashboard.component.ht
ml@19:12 [plugin 
angular-compiler]

    src/app/pages/donor-d
ashboard/donor-dashboard.
component.html:25:77:
      25 Γöé ...item" [cl
ass.active]="activeTab 
=== tab.id" 
(click)="activeTab ...
         Γò╡             
             
~~~~~~~~~~~~~~~~~~~~

  Error occurs in the 
template of component 
DonorDashboardComponent.

    src/app/pages/donor-d
ashboard/donor-dashboard.
component.ts:16:15:
      16 Γöé   
templateUrl: './donor-das
hboard.component.html',
         Γò╡             
   ~~~~~~~~~~~~~~~~~~~~~~
~~~~~~~~~~~~


X [ERROR] NG5002: Parser 
Error: Expected 
identifier for property 
access at the end of the 
expression [ {{ 
donor.isAvailable . 
'Available' : 
'Unavailable' }} ] in C:/
Users/soura/Desktop/Blood
Connect/frontend/src/app/
pages/donor-dashboard/don
or-dashboard.component.ht
ml@19:12 [plugin 
angular-compiler]

    src/app/pages/donor-d
ashboard/donor-dashboard.
component.html:25:108:
      25 Γöé ...class.act
ive]="activeTab === 
tab.id" 
(click)="activeTab = 
tab.id">
         Γò╡             
                         
            
~~~~~~~~~~~~~~~~~~

  Error occurs in the 
template of component 
DonorDashboardComponent.

    src/app/pages/donor-d
ashboard/donor-dashboard.
component.ts:16:15:
      16 Γöé   
templateUrl: './donor-das
hboard.component.html',
         Γò╡             
   ~~~~~~~~~~~~~~~~~~~~~~
~~~~~~~~~~~~


X [ERROR] NG5002: Parser 
Error: Unexpected token 
Available, expected 
identifier or keyword at 
column 22 in [ {{ 
donor.isAvailable . 
'Available' : 
'Unavailable' }} ] in C:/
Users/soura/Desktop/Blood
Connect/frontend/src/app/
pages/donor-dashboard/don
or-dashboard.component.ht
ml@19:12 [plugin 
angular-compiler]

    src/app/pages/donor-d
ashboard/donor-dashboard.
component.html:25:108:
      25 Γöé ...class.act
ive]="activeTab === 
tab.id" 
(click)="activeTab = 
tab.id">
         Γò╡             
                         
            
~~~~~~~~~~~~~~~~~~

  Error occurs in the 
template of component 
DonorDashboardComponent.

    src/app/pages/donor-d
ashboard/donor-dashboard.
component.ts:16:15:
      16 Γöé   
templateUrl: './donor-das
hboard.component.html',
         Γò╡             
   ~~~~~~~~~~~~~~~~~~~~~~
~~~~~~~~~~~~


X [ERROR] NG5002: Parser 
Error: Expected 
identifier for property 
access at the end of the 
expression [ {{ 
donor.isAvailable . 
'Available' : 
'Unavailable' }} ] in C:/
Users/soura/Desktop/Blood
Connect/frontend/src/app/
pages/donor-dashboard/don
or-dashboard.component.ht
ml@19:12 [plugin 
angular-compiler]

    src/app/pages/donor-d
ashboard/donor-dashboard.
component.html:26:36:
      26 Γöé             
<span 
class="snav-icon">{{ 
tab.icon }}</span>
         Γò╡             
                        
~~~~~~~~~~~~~~

  Error occurs in the 
template of component 
DonorDashboardComponent.

    src/app/pages/donor-d
ashboard/donor-dashboard.
component.ts:16:15:
      16 Γöé   
templateUrl: './donor-das
hboard.component.html',
         Γò╡             
   ~~~~~~~~~~~~~~~~~~~~~~
~~~~~~~~~~~~


X [ERROR] NG5002: Parser 
Error: Unexpected token 
Available, expected 
identifier or keyword at 
column 22 in [ {{ 
donor.isAvailable . 
'Available' : 
'Unavailable' }} ] in C:/
Users/soura/Desktop/Blood
Connect/frontend/src/app/
pages/donor-dashboard/don
or-dashboard.component.ht
ml@19:12 [plugin 
angular-compiler]

    src/app/pages/donor-d
ashboard/donor-dashboard.
component.html:26:36:
      26 Γöé             
<span 
class="snav-icon">{{ 
tab.icon }}</span>
         Γò╡             
                        
~~~~~~~~~~~~~~

  Error occurs in the 
template of component 
DonorDashboardComponent.

    src/app/pages/donor-d
ashboard/donor-dashboard.
component.ts:16:15:
      16 Γöé   
templateUrl: './donor-das
hboard.component.html',
         Γò╡             
   ~~~~~~~~~~~~~~~~~~~~~~
~~~~~~~~~~~~


X [ERROR] NG5002: Parser 
Error: Expected 
identifier for property 
access at the end of the 
expression [ {{ 
donor.isAvailable . 
'Available' : 
'Unavailable' }} ] in C:/
Users/soura/Desktop/Blood
Connect/frontend/src/app/
pages/donor-dashboard/don
or-dashboard.component.ht
ml@19:12 [plugin 
angular-compiler]

    src/app/pages/donor-d
ashboard/donor-dashboard.
component.html:27:18:
      27 Γöé             
<span>{{ tab.label 
}}</span>
         Γò╡             
      ~~~~~~~~~~~~~~~

  Error occurs in the 
template of component 
DonorDashboardComponent.

    src/app/pages/donor-d
ashboard/donor-dashboard.
component.ts:16:15:
      16 Γöé   
templateUrl: './donor-das
hboard.component.html',
         Γò╡             
   ~~~~~~~~~~~~~~~~~~~~~~
~~~~~~~~~~~~


X [ERROR] NG5002: Parser 
Error: Unexpected token 
Available, expected 
identifier or keyword at 
column 22 in [ {{ 
donor.isAvailable . 
'Available' : 
'Unavailable' }} ] in C:/
Users/soura/Desktop/Blood
Connect/frontend/src/app/
pages/donor-dashboard/don
or-dashboard.component.ht
ml@19:12 [plugin 
angular-compiler]

    src/app/pages/donor-d
ashboard/donor-dashboard.
component.html:27:18:
      27 Γöé             
<span>{{ tab.label 
}}</span>
         Γò╡             
      ~~~~~~~~~~~~~~~

  Error occurs in the 
template of component 
DonorDashboardComponent.

    src/app/pages/donor-d
ashboard/donor-dashboard.
component.ts:16:15:
      16 Γöé   
templateUrl: './donor-das
hboard.component.html',
         Γò╡             
   ~~~~~~~~~~~~~~~~~~~~~~
~~~~~~~~~~~~


X [ERROR] NG5002: Parser 
Error: Expected 
identifier for property 
access at the end of the 
expression [ {{ 
donor.isAvailable . 
'Available' : 
'Unavailable' }} ] in C:/
Users/soura/Desktop/Blood
Connect/frontend/src/app/
pages/donor-dashboard/don
or-dashboard.component.ht
ml@19:12 [plugin 
angular-compiler]

    src/app/pages/donor-d
ashboard/donor-dashboard.
component.html:28:37:
      28 Γöé ... <span 
class="snav-badge" 
*ngIf="tab.badge">{{ 
tab.badge }}</span>
         Γò╡             
                 
~~~~~~~~~~~~~~~~~

  Error occurs in the 
template of component 
DonorDashboardComponent.

    src/app/pages/donor-d
ashboard/donor-dashboard.
component.ts:16:15:
      16 Γöé   
templateUrl: './donor-das
hboard.component.html',
         Γò╡             
   ~~~~~~~~~~~~~~~~~~~~~~
~~~~~~~~~~~~


X [ERROR] NG5002: Parser 
Error: Unexpected token 
Available, expected 
identifier or keyword at 
column 22 in [ {{ 
donor.isAvailable . 
'Available' : 
'Unavailable' }} ] in C:/
Users/soura/Desktop/Blood
Connect/frontend/src/app/
pages/donor-dashboard/don
or-dashboard.component.ht
ml@19:12 [plugin 
angular-compiler]

    src/app/pages/donor-d
ashboard/donor-dashboard.
component.html:28:37:
      28 Γöé ... <span 
class="snav-badge" 
*ngIf="tab.badge">{{ 
tab.badge }}</span>
         Γò╡             
                 
~~~~~~~~~~~~~~~~~

  Error occurs in the 
template of component 
DonorDashboardComponent.

    src/app/pages/donor-d
ashboard/donor-dashboard.
component.ts:16:15:
      16 Γöé   
templateUrl: './donor-das
hboard.component.html',
         Γò╡             
   ~~~~~~~~~~~~~~~~~~~~~~
~~~~~~~~~~~~


X [ERROR] NG5002: Parser 
Error: Expected 
identifier for property 
access at the end of the 
expression [ {{ 
donor.isAvailable . 
'Available' : 
'Unavailable' }} ] in C:/
Users/soura/Desktop/Blood
Connect/frontend/src/app/
pages/donor-dashboard/don
or-dashboard.component.ht
ml@19:12 [plugin 
angular-compiler]

    src/app/pages/donor-d
ashboard/donor-dashboard.
component.html:28:55:
      28 Γöé ... <span 
class="snav-badge" 
*ngIf="tab.badge">{{ 
tab.badge }}</span>
         Γò╡             
                         
          ~~~~~~~~~~~~~~~

  Error occurs in the 
template of component 
DonorDashboardComponent.

    src/app/pages/donor-d
ashboard/donor-dashboard.
component.ts:16:15:
      16 Γöé   
templateUrl: './donor-das
hboard.component.html',
         Γò╡             
   ~~~~~~~~~~~~~~~~~~~~~~
~~~~~~~~~~~~


X [ERROR] NG5002: Parser 
Error: Unexpected token 
Available, expected 
identifier or keyword at 
column 22 in [ {{ 
donor.isAvailable . 
'Available' : 
'Unavailable' }} ] in C:/
Users/soura/Desktop/Blood
Connect/frontend/src/app/
pages/donor-dashboard/don
or-dashboard.component.ht
ml@19:12 [plugin 
angular-compiler]

    src/app/pages/donor-d
ashboard/donor-dashboard.
component.html:28:55:
      28 Γöé ... <span 
class="snav-badge" 
*ngIf="tab.badge">{{ 
tab.badge }}</span>
         Γò╡             
                         
          ~~~~~~~~~~~~~~~

  Error occurs in the 
template of component 
DonorDashboardComponent.

    src/app/pages/donor-d
ashboard/donor-dashboard.
component.ts:16:15:
      16 Γöé   
templateUrl: './donor-das
hboard.component.html',
         Γò╡             
   ~~~~~~~~~~~~~~~~~~~~~~
~~~~~~~~~~~~


X [ERROR] NG5002: Parser 
Error: Expected 
identifier for property 
access at the end of the 
expression [ {{ 
donor.isAvailable . 
'Available' : 
'Unavailable' }} ] in C:/
Users/soura/Desktop/Blood
Connect/frontend/src/app/
pages/donor-dashboard/don
or-dashboard.component.ht
ml@19:12 [plugin 
angular-compiler]

    src/app/pages/donor-d
ashboard/donor-dashboard.
component.html:34:41:
      34 Γöé ...rong 
class="font-display">{{ 
donor.totalDonations || 
0 }}</strong>
         Γò╡             
                 ~~~~~~~~
~~~~~~~~~~~~~~~~~~~~~~~

  Error occurs in the 
template of component 
DonorDashboardComponent.

    src/app/pages/donor-d
ashboard/donor-dashboard.
component.ts:16:15:
      16 Γöé   
templateUrl: './donor-das
hboard.component.html',
         Γò╡             
   ~~~~~~~~~~~~~~~~~~~~~~
~~~~~~~~~~~~


X [ERROR] NG5002: Parser 
Error: Unexpected token 
Available, expected 
identifier or keyword at 
column 22 in [ {{ 
donor.isAvailable . 
'Available' : 
'Unavailable' }} ] in C:/
Users/soura/Desktop/Blood
Connect/frontend/src/app/
pages/donor-dashboard/don
or-dashboard.component.ht
ml@19:12 [plugin 
angular-compiler]

    src/app/pages/donor-d
ashboard/donor-dashboard.
component.html:34:41:
      34 Γöé ...rong 
class="font-display">{{ 
donor.totalDonations || 
0 }}</strong>
         Γò╡             
                 ~~~~~~~~
~~~~~~~~~~~~~~~~~~~~~~~

  Error occurs in the 
template of component 
DonorDashboardComponent.

    src/app/pages/donor-d
ashboard/donor-dashboard.
component.ts:16:15:
      16 Γöé   
templateUrl: './donor-das
hboard.component.html',
         Γò╡             
   ~~~~~~~~~~~~~~~~~~~~~~
~~~~~~~~~~~~


X [ERROR] NG5002: Parser 
Error: Expected 
identifier for property 
access at the end of the 
expression [ {{ 
donor.isAvailable . 
'Available' : 
'Unavailable' }} ] in C:/
Users/soura/Desktop/Blood
Connect/frontend/src/app/
pages/donor-dashboard/don
or-dashboard.component.ht
ml@19:12 [plugin 
angular-compiler]

    src/app/pages/donor-d
ashboard/donor-dashboard.
component.html:38:41:
      38 Γöé             
<strong 
class="font-display">{{ 
pendingCount }}</strong>
         Γò╡             
                         
    ~~~~~~~~~~~~~~~~~~

  Error occurs in the 
template of component 
DonorDashboardComponent.

    src/app/pages/donor-d
ashboard/donor-dashboard.
component.ts:16:15:
      16 Γöé   
templateUrl: './donor-das
hboard.component.html',
         Γò╡             
   ~~~~~~~~~~~~~~~~~~~~~~
~~~~~~~~~~~~


X [ERROR] NG5002: Parser 
Error: Unexpected token 
Available, expected 
identifier or keyword at 
column 22 in [ {{ 
donor.isAvailable . 
'Available' : 
'Unavailable' }} ] in C:/
Users/soura/Desktop/Blood
Connect/frontend/src/app/
pages/donor-dashboard/don
or-dashboard.component.ht
ml@19:12 [plugin 
angular-compiler]

    src/app/pages/donor-d
ashboard/donor-dashboard.
component.html:38:41:
      38 Γöé             
<strong 
class="font-display">{{ 
pendingCount }}</strong>
         Γò╡             
                         
    ~~~~~~~~~~~~~~~~~~

  Error occurs in the 
template of component 
DonorDashboardComponent.

    src/app/pages/donor-d
ashboard/donor-dashboard.
component.ts:16:15:
      16 Γöé   
templateUrl: './donor-das
hboard.component.html',
         Γò╡             
   ~~~~~~~~~~~~~~~~~~~~~~
~~~~~~~~~~~~


X [ERROR] NG5002: Parser 
Error: Expected 
identifier for property 
access at the end of the 
expression [ {{ 
donor.isAvailable . 
'Available' : 
'Unavailable' }} ] in C:/
Users/soura/Desktop/Blood
Connect/frontend/src/app/
pages/donor-dashboard/don
or-dashboard.component.ht
ml@19:12 [plugin 
angular-compiler]

    src/app/pages/donor-d
ashboard/donor-dashboard.
component.html:49:11:
      49 Γöé       <div 
*ngIf="activeTab === 
'overview'" 
class="tab-content ani...
         Γò╡            ~
~~~~~~~~~~~~~~~~~~~~~~~~~
~~~~~~

  Error occurs in the 
template of component 
DonorDashboardComponent.

    src/app/pages/donor-d
ashboard/donor-dashboard.
component.ts:16:15:
      16 Γöé   
templateUrl: './donor-das
hboard.component.html',
         Γò╡             
   ~~~~~~~~~~~~~~~~~~~~~~
~~~~~~~~~~~~


X [ERROR] NG5002: Parser 
Error: Unexpected token 
Available, expected 
identifier or keyword at 
column 22 in [ {{ 
donor.isAvailable . 
'Available' : 
'Unavailable' }} ] in C:/
Users/soura/Desktop/Blood
Connect/frontend/src/app/
pages/donor-dashboard/don
or-dashboard.component.ht
ml@19:12 [plugin 
angular-compiler]

    src/app/pages/donor-d
ashboard/donor-dashboard.
component.html:49:11:
      49 Γöé       <div 
*ngIf="activeTab === 
'overview'" 
class="tab-content ani...
         Γò╡            ~
~~~~~~~~~~~~~~~~~~~~~~~~~
~~~~~~

  Error occurs in the 
template of component 
DonorDashboardComponent.

    src/app/pages/donor-d
ashboard/donor-dashboard.
component.ts:16:15:
      16 Γöé   
templateUrl: './donor-das
hboard.component.html',
         Γò╡             
   ~~~~~~~~~~~~~~~~~~~~~~
~~~~~~~~~~~~


X [ERROR] NG5002: Parser 
Error: Expected 
identifier for property 
access at the end of the 
expression [ {{ 
donor.isAvailable . 
'Available' : 
'Unavailable' }} ] in C:/
Users/soura/Desktop/Blood
Connect/frontend/src/app/
pages/donor-dashboard/don
or-dashboard.component.ht
ml@19:12 [plugin 
angular-compiler]

    src/app/pages/donor-d
ashboard/donor-dashboard.
component.html:52:35:
      52 Γöé ...<span 
class="text-muted" 
*ngIf="donor">Donor 
since {{ donor.cre...
         Γò╡             
                
~~~~~~~~~~~~~

  Error occurs in the 
template of component 
DonorDashboardComponent.

    src/app/pages/donor-d
ashboard/donor-dashboard.
component.ts:16:15:
      16 Γöé   
templateUrl: './donor-das
hboard.component.html',
         Γò╡             
   ~~~~~~~~~~~~~~~~~~~~~~
~~~~~~~~~~~~


X [ERROR] NG5002: Parser 
Error: Unexpected token 
Available, expected 
identifier or keyword at 
column 22 in [ {{ 
donor.isAvailable . 
'Available' : 
'Unavailable' }} ] in C:/
Users/soura/Desktop/Blood
Connect/frontend/src/app/
pages/donor-dashboard/don
or-dashboard.component.ht
ml@19:12 [plugin 
angular-compiler]

    src/app/pages/donor-d
ashboard/donor-dashboard.
component.html:52:35:
      52 Γöé ...<span 
class="text-muted" 
*ngIf="donor">Donor 
since {{ donor.cre...
         Γò╡             
                
~~~~~~~~~~~~~

  Error occurs in the 
template of component 
DonorDashboardComponent.

    src/app/pages/donor-d
ashboard/donor-dashboard.
component.ts:16:15:
      16 Γöé   
templateUrl: './donor-das
hboard.component.html',
         Γò╡             
   ~~~~~~~~~~~~~~~~~~~~~~
~~~~~~~~~~~~


X [ERROR] NG5002: Parser 
Error: Expected 
identifier for property 
access at the end of the 
expression [ {{ 
donor.isAvailable . 
'Available' : 
'Unavailable' }} ] in C:/
Users/soura/Desktop/Blood
Connect/frontend/src/app/
pages/donor-dashboard/don
or-dashboard.component.ht
ml@19:12 [plugin 
angular-compiler]

    src/app/pages/donor-d
ashboard/donor-dashboard.
component.html:52:49:
      52 Γöé 
...f="donor">Donor since 
{{ donor.createdAt | 
date:'MMMM yyyy' }}<...
         Γò╡             
 ~~~~~~~~~~~~~~~~~~~~~~~~
~~~~~~~~~~~~~~~~~~~~~~~~~
~~~

  Error occurs in the 
template of component 
DonorDashboardComponent.

    src/app/pages/donor-d
ashboard/donor-dashboard.
component.ts:16:15:
      16 Γöé   
templateUrl: './donor-das
hboard.component.html',
         Γò╡             
   ~~~~~~~~~~~~~~~~~~~~~~
~~~~~~~~~~~~


X [ERROR] NG5002: Parser 
Error: Unexpected token 
Available, expected 
identifier or keyword at 
column 22 in [ {{ 
donor.isAvailable . 
'Available' : 
'Unavailable' }} ] in C:/
Users/soura/Desktop/Blood
Connect/frontend/src/app/
pages/donor-dashboard/don
or-dashboard.component.ht
ml@19:12 [plugin 
angular-compiler]

    src/app/pages/donor-d
ashboard/donor-dashboard.
component.html:52:49:
      52 Γöé 
...f="donor">Donor since 
{{ donor.createdAt | 
date:'MMMM yyyy' }}<...
         Γò╡             
 ~~~~~~~~~~~~~~~~~~~~~~~~
~~~~~~~~~~~~~~~~~~~~~~~~~
~~~

  Error occurs in the 
template of component 
DonorDashboardComponent.

    src/app/pages/donor-d
ashboard/donor-dashboard.
component.ts:16:15:
      16 Γöé   
templateUrl: './donor-das
hboard.component.html',
         Γò╡             
   ~~~~~~~~~~~~~~~~~~~~~~
~~~~~~~~~~~~


X [ERROR] NG5002: Parser 
Error: Expected 
identifier for property 
access at the end of the 
expression [ {{ 
donor.isAvailable . 
'Available' : 
'Unavailable' }} ] in C:/
Users/soura/Desktop/Blood
Connect/frontend/src/app/
pages/donor-dashboard/don
or-dashboard.component.ht
ml@19:12 [plugin 
angular-compiler]

    src/app/pages/donor-d
ashboard/donor-dashboard.
component.html:56:46:
      56 Γöé 
...ass="alert 
alert-warning mb-6" 
*ngIf="donor && 
!donor.isApproved">
         Γò╡             
                      ~~~
~~~~~~~~~~~~~~~~~~~~~~~~~
~~~~~~

  Error occurs in the 
template of component 
DonorDashboardComponent.

    src/app/pages/donor-d
ashboard/donor-dashboard.
component.ts:16:15:
      16 Γöé   
templateUrl: './donor-das
hboard.component.html',
         Γò╡             
   ~~~~~~~~~~~~~~~~~~~~~~
~~~~~~~~~~~~


X [ERROR] NG5002: Parser 
Error: Unexpected token 
Available, expected 
identifier or keyword at 
column 22 in [ {{ 
donor.isAvailable . 
'Available' : 
'Unavailable' }} ] in C:/
Users/soura/Desktop/Blood
Connect/frontend/src/app/
pages/donor-dashboard/don
or-dashboard.component.ht
ml@19:12 [plugin 
angular-compiler]

    src/app/pages/donor-d
ashboard/donor-dashboard.
component.html:56:46:
      56 Γöé 
...ass="alert 
alert-warning mb-6" 
*ngIf="donor && 
!donor.isApproved">
         Γò╡             
                      ~~~
~~~~~~~~~~~~~~~~~~~~~~~~~
~~~~~~

  Error occurs in the 
template of component 
DonorDashboardComponent.

    src/app/pages/donor-d
ashboard/donor-dashboard.
component.ts:16:15:
      16 Γöé   
templateUrl: './donor-das
hboard.component.html',
         Γò╡             
   ~~~~~~~~~~~~~~~~~~~~~~
~~~~~~~~~~~~


X [ERROR] NG5002: Parser 
Error: Expected 
identifier for property 
access at the end of the 
expression [ {{ 
donor.isAvailable . 
'Available' : 
'Unavailable' }} ] in C:/
Users/soura/Desktop/Blood
Connect/frontend/src/app/
pages/donor-dashboard/don
or-dashboard.component.ht
ml@19:12 [plugin 
angular-compiler]

    src/app/pages/donor-d
ashboard/donor-dashboard.
component.html:65:31:
      65 Γöé         
<div class="stats-row" 
*ngIf="stats">
         Γò╡             
                   
~~~~~~~~~~~~~

  Error occurs in the 
template of component 
DonorDashboardComponent.

    src/app/pages/donor-d
ashboard/donor-dashboard.
component.ts:16:15:
      16 Γöé   
templateUrl: './donor-das
hboard.component.html',
         Γò╡             
   ~~~~~~~~~~~~~~~~~~~~~~
~~~~~~~~~~~~


X [ERROR] NG5002: Parser 
Error: Unexpected token 
Available, expected 
identifier or keyword at 
column 22 in [ {{ 
donor.isAvailable . 
'Available' : 
'Unavailable' }} ] in C:/
Users/soura/Desktop/Blood
Connect/frontend/src/app/
pages/donor-dashboard/don
or-dashboard.component.ht
ml@19:12 [plugin 
angular-compiler]

    src/app/pages/donor-d
ashboard/donor-dashboard.
component.html:65:31:
      65 Γöé         
<div class="stats-row" 
*ngIf="stats">
         Γò╡             
                   
~~~~~~~~~~~~~

  Error occurs in the 
template of component 
DonorDashboardComponent.

    src/app/pages/donor-d
ashboard/donor-dashboard.
component.ts:16:15:
      16 Γöé   
templateUrl: './donor-das
hboard.component.html',
         Γò╡             
   ~~~~~~~~~~~~~~~~~~~~~~
~~~~~~~~~~~~


X [ERROR] NG5002: Parser 
Error: Expected 
identifier for property 
access at the end of the 
expression [ {{ 
donor.isAvailable . 
'Available' : 
'Unavailable' }} ] in C:/
Users/soura/Desktop/Blood
Connect/frontend/src/app/
pages/donor-dashboard/don
or-dashboard.component.ht
ml@19:12 [plugin 
angular-compiler]

    src/app/pages/donor-d
ashboard/donor-dashboard.
component.html:66:33:
      66 Γöé           
<div class="stat-card" 
*ngFor="let s of 
statCards">
         Γò╡             
                     ~~~~
~~~~~~~~~~~~~~~~~~~~~~~

  Error occurs in the 
template of component 
DonorDashboardComponent.

    src/app/pages/donor-d
ashboard/donor-dashboard.
component.ts:16:15:
      16 Γöé   
templateUrl: './donor-das
hboard.component.html',
         Γò╡             
   ~~~~~~~~~~~~~~~~~~~~~~
~~~~~~~~~~~~


X [ERROR] NG5002: Parser 
Error: Unexpected token 
Available, expected 
identifier or keyword at 
column 22 in [ {{ 
donor.isAvailable . 
'Available' : 
'Unavailable' }} ] in C:/
Users/soura/Desktop/Blood
Connect/frontend/src/app/
pages/donor-dashboard/don
or-dashboard.component.ht
ml@19:12 [plugin 
angular-compiler]

    src/app/pages/donor-d
ashboard/donor-dashboard.
component.html:66:33:
      66 Γöé           
<div class="stat-card" 
*ngFor="let s of 
statCards">
         Γò╡             
                     ~~~~
~~~~~~~~~~~~~~~~~~~~~~~

  Error occurs in the 
template of component 
DonorDashboardComponent.

    src/app/pages/donor-d
ashboard/donor-dashboard.
component.ts:16:15:
      16 Γöé   
templateUrl: './donor-das
hboard.component.html',
         Γò╡             
   ~~~~~~~~~~~~~~~~~~~~~~
~~~~~~~~~~~~


X [ERROR] NG5002: Parser 
Error: Expected 
identifier for property 
access at the end of the 
expression [ {{ 
donor.isAvailable . 
'Available' : 
'Unavailable' }} ] in C:/
Users/soura/Desktop/Blood
Connect/frontend/src/app/
pages/donor-dashboard/don
or-dashboard.component.ht
ml@19:12 [plugin 
angular-compiler]

    src/app/pages/donor-d
ashboard/donor-dashboard.
component.html:67:33:
      67 Γöé             
<div class="sc-icon">{{ 
s.icon }}</div>
         Γò╡             
                     
~~~~~~~~~~~~

  Error occurs in the 
template of component 
DonorDashboardComponent.

    src/app/pages/donor-d
ashboard/donor-dashboard.
component.ts:16:15:
      16 Γöé   
templateUrl: './donor-das
hboard.component.html',
         Γò╡             
   ~~~~~~~~~~~~~~~~~~~~~~
~~~~~~~~~~~~


X [ERROR] NG5002: Parser 
Error: Unexpected token 
Available, expected 
identifier or keyword at 
column 22 in [ {{ 
donor.isAvailable . 
'Available' : 
'Unavailable' }} ] in C:/
Users/soura/Desktop/Blood
Connect/frontend/src/app/
pages/donor-dashboard/don
or-dashboard.component.ht
ml@19:12 [plugin 
angular-compiler]

    src/app/pages/donor-d
ashboard/donor-dashboard.
component.html:67:33:
      67 Γöé             
<div class="sc-icon">{{ 
s.icon }}</div>
         Γò╡             
                     
~~~~~~~~~~~~

  Error occurs in the 
template of component 
DonorDashboardComponent.

    src/app/pages/donor-d
ashboard/donor-dashboard.
component.ts:16:15:
      16 Γöé   
templateUrl: './donor-das
hboard.component.html',
         Γò╡             
   ~~~~~~~~~~~~~~~~~~~~~~
~~~~~~~~~~~~


X [ERROR] NG5002: Parser 
Error: Expected 
identifier for property 
access at the end of the 
expression [ {{ 
donor.isAvailable . 
'Available' : 
'Unavailable' }} ] in C:/
Users/soura/Desktop/Blood
Connect/frontend/src/app/
pages/donor-dashboard/don
or-dashboard.component.ht
ml@19:12 [plugin 
angular-compiler]

    src/app/pages/donor-d
ashboard/donor-dashboard.
component.html:69:52:
      69 Γöé ...      
<strong class="sc-value 
font-display">{{ s.value 
}}</strong>
         Γò╡             
                         
          ~~~~~~~~~~~~~

  Error occurs in the 
template of component 
DonorDashboardComponent.

    src/app/pages/donor-d
ashboard/donor-dashboard.
component.ts:16:15:
      16 Γöé   
templateUrl: './donor-das
hboard.component.html',
         Γò╡             
   ~~~~~~~~~~~~~~~~~~~~~~
~~~~~~~~~~~~


X [ERROR] NG5002: Parser 
Error: Unexpected token 
Available, expected 
identifier or keyword at 
column 22 in [ {{ 
donor.isAvailable . 
'Available' : 
'Unavailable' }} ] in C:/
Users/soura/Desktop/Blood
Connect/frontend/src/app/
pages/donor-dashboard/don
or-dashboard.component.ht
ml@19:12 [plugin 
angular-compiler]

    src/app/pages/donor-d
ashboard/donor-dashboard.
component.html:69:52:
      69 Γöé ...      
<strong class="sc-value 
font-display">{{ s.value 
}}</strong>
         Γò╡             
                         
          ~~~~~~~~~~~~~

  Error occurs in the 
template of component 
DonorDashboardComponent.

    src/app/pages/donor-d
ashboard/donor-dashboard.
component.ts:16:15:
      16 Γöé   
templateUrl: './donor-das
hboard.component.html',
         Γò╡             
   ~~~~~~~~~~~~~~~~~~~~~~
~~~~~~~~~~~~


X [ERROR] NG5002: Parser 
Error: Expected 
identifier for property 
access at the end of the 
expression [ {{ 
donor.isAvailable . 
'Available' : 
'Unavailable' }} ] in C:/
Users/soura/Desktop/Blood
Connect/frontend/src/app/
pages/donor-dashboard/don
or-dashboard.component.ht
ml@19:12 [plugin 
angular-compiler]

    src/app/pages/donor-d
ashboard/donor-dashboard.
component.html:70:37:
      70 Γöé             
  <span 
class="sc-label">{{ 
s.label }}</span>
         Γò╡             
                         
~~~~~~~~~~~~~

  Error occurs in the 
template of component 
DonorDashboardComponent.

    src/app/pages/donor-d
ashboard/donor-dashboard.
component.ts:16:15:
      16 Γöé   
templateUrl: './donor-das
hboard.component.html',
         Γò╡             
   ~~~~~~~~~~~~~~~~~~~~~~
~~~~~~~~~~~~


X [ERROR] NG5002: Parser 
Error: Unexpected token 
Available, expected 
identifier or keyword at 
column 22 in [ {{ 
donor.isAvailable . 
'Available' : 
'Unavailable' }} ] in C:/
Users/soura/Desktop/Blood
Connect/frontend/src/app/
pages/donor-dashboard/don
or-dashboard.component.ht
ml@19:12 [plugin 
angular-compiler]

    src/app/pages/donor-d
ashboard/donor-dashboard.
component.html:70:37:
      70 Γöé             
  <span 
class="sc-label">{{ 
s.label }}</span>
         Γò╡             
                         
~~~~~~~~~~~~~

  Error occurs in the 
template of component 
DonorDashboardComponent.

    src/app/pages/donor-d
ashboard/donor-dashboard.
component.ts:16:15:
      16 Γöé   
templateUrl: './donor-das
hboard.component.html',
         Γò╡             
   ~~~~~~~~~~~~~~~~~~~~~~
~~~~~~~~~~~~


X [ERROR] NG5002: Parser 
Error: Expected 
identifier for property 
access at the end of the 
expression [ {{ 
donor.isAvailable . 
'Available' : 
'Unavailable' }} ] in C:/
Users/soura/Desktop/Blood
Connect/frontend/src/app/
pages/donor-dashboard/don
or-dashboard.component.ht
ml@19:12 [plugin 
angular-compiler]

    src/app/pages/donor-d
ashboard/donor-dashboard.
component.html:72:43:
      72 Γöé ...       
<div class="sc-trend" 
[class]="s.color">{{ 
s.trend }}</div>
         Γò╡             
                         
    ~~~~~~~

  Error occurs in the 
template of component 
DonorDashboardComponent.

    src/app/pages/donor-d
ashboard/donor-dashboard.
component.ts:16:15:
      16 Γöé   
templateUrl: './donor-das
hboard.component.html',
         Γò╡             
   ~~~~~~~~~~~~~~~~~~~~~~
~~~~~~~~~~~~


X [ERROR] NG5002: Parser 
Error: Unexpected token 
Available, expected 
identifier or keyword at 
column 22 in [ {{ 
donor.isAvailable . 
'Available' : 
'Unavailable' }} ] in C:/
Users/soura/Desktop/Blood
Connect/frontend/src/app/
pages/donor-dashboard/don
or-dashboard.component.ht
ml@19:12 [plugin 
angular-compiler]

    src/app/pages/donor-d
ashboard/donor-dashboard.
component.html:72:43:
      72 Γöé ...       
<div class="sc-trend" 
[class]="s.color">{{ 
s.trend }}</div>
         Γò╡             
                         
    ~~~~~~~

  Error occurs in the 
template of component 
DonorDashboardComponent.

    src/app/pages/donor-d
ashboard/donor-dashboard.
component.ts:16:15:
      16 Γöé   
templateUrl: './donor-das
hboard.component.html',
         Γò╡             
   ~~~~~~~~~~~~~~~~~~~~~~
~~~~~~~~~~~~


X [ERROR] NG5002: Parser 
Error: Expected 
identifier for property 
access at the end of the 
expression [ {{ 
donor.isAvailable . 
'Available' : 
'Unavailable' }} ] in C:/
Users/soura/Desktop/Blood
Connect/frontend/src/app/
pages/donor-dashboard/don
or-dashboard.component.ht
ml@19:12 [plugin 
angular-compiler]

    src/app/pages/donor-d
ashboard/donor-dashboard.
component.html:72:52:
      72 Γöé ...       
<div class="sc-trend" 
[class]="s.color">{{ 
s.trend }}</div>
         Γò╡             
                         
             
~~~~~~~~~~~~~

  Error occurs in the 
template of component 
DonorDashboardComponent.

    src/app/pages/donor-d
ashboard/donor-dashboard.
component.ts:16:15:
      16 Γöé   
templateUrl: './donor-das
hboard.component.html',
         Γò╡             
   ~~~~~~~~~~~~~~~~~~~~~~
~~~~~~~~~~~~


X [ERROR] NG5002: Parser 
Error: Unexpected token 
Available, expected 
identifier or keyword at 
column 22 in [ {{ 
donor.isAvailable . 
'Available' : 
'Unavailable' }} ] in C:/
Users/soura/Desktop/Blood
Connect/frontend/src/app/
pages/donor-dashboard/don
or-dashboard.component.ht
ml@19:12 [plugin 
angular-compiler]

    src/app/pages/donor-d
ashboard/donor-dashboard.
component.html:72:52:
      72 Γöé ...       
<div class="sc-trend" 
[class]="s.color">{{ 
s.trend }}</div>
         Γò╡             
                         
             
~~~~~~~~~~~~~

  Error occurs in the 
template of component 
DonorDashboardComponent.

    src/app/pages/donor-d
ashboard/donor-dashboard.
component.ts:16:15:
      16 Γöé   
templateUrl: './donor-das
hboard.component.html',
         Γò╡             
   ~~~~~~~~~~~~~~~~~~~~~~
~~~~~~~~~~~~


X [ERROR] NG5002: Parser 
Error: Expected 
identifier for property 
access at the end of the 
expression [ {{ 
donor.isAvailable . 
'Available' : 
'Unavailable' }} ] in C:/
Users/soura/Desktop/Blood
Connect/frontend/src/app/
pages/donor-dashboard/don
or-dashboard.component.ht
ml@19:12 [plugin 
angular-compiler]

    src/app/pages/donor-d
ashboard/donor-dashboard.
component.html:80:58:
      80 Γöé ...ghost 
btn-sm" (click)="activeTa
b='requests'">View All 
ΓåÆ</button>
         Γò╡             
              
~~~~~~~~~~~~~~~~~~~~

  Error occurs in the 
template of component 
DonorDashboardComponent.

    src/app/pages/donor-d
ashboard/donor-dashboard.
component.ts:16:15:
      16 Γöé   
templateUrl: './donor-das
hboard.component.html',
         Γò╡             
   ~~~~~~~~~~~~~~~~~~~~~~
~~~~~~~~~~~~


X [ERROR] NG5002: Parser 
Error: Unexpected token 
Available, expected 
identifier or keyword at 
column 22 in [ {{ 
donor.isAvailable . 
'Available' : 
'Unavailable' }} ] in C:/
Users/soura/Desktop/Blood
Connect/frontend/src/app/
pages/donor-dashboard/don
or-dashboard.component.ht
ml@19:12 [plugin 
angular-compiler]

    src/app/pages/donor-d
ashboard/donor-dashboard.
component.html:80:58:
      80 Γöé ...ghost 
btn-sm" (click)="activeTa
b='requests'">View All 
ΓåÆ</button>
         Γò╡             
              
~~~~~~~~~~~~~~~~~~~~

  Error occurs in the 
template of component 
DonorDashboardComponent.

    src/app/pages/donor-d
ashboard/donor-dashboard.
component.ts:16:15:
      16 Γöé   
templateUrl: './donor-das
hboard.component.html',
         Γò╡             
   ~~~~~~~~~~~~~~~~~~~~~~
~~~~~~~~~~~~


X [ERROR] NG5002: Parser 
Error: Expected 
identifier for property 
access at the end of the 
expression [ {{ 
donor.isAvailable . 
'Available' : 
'Unavailable' }} ] in C:/
Users/soura/Desktop/Blood
Connect/frontend/src/app/
pages/donor-dashboard/don
or-dashboard.component.ht
ml@19:12 [plugin 
angular-compiler]

    src/app/pages/donor-d
ashboard/donor-dashboard.
component.html:82:15:
      82 Γöé           
<div *ngIf="recentRequest
s.length === 0" 
class="empty-st...
         Γò╡             
   ~~~~~~~~~~~~~~~~~~~~~~
~~~~~~~~~~~~~

  Error occurs in the 
template of component 
DonorDashboardComponent.

    src/app/pages/donor-d
ashboard/donor-dashboard.
component.ts:16:15:
      16 Γöé   
templateUrl: './donor-das
hboard.component.html',
         Γò╡             
   ~~~~~~~~~~~~~~~~~~~~~~
~~~~~~~~~~~~


X [ERROR] NG5002: Parser 
Error: Unexpected token 
Available, expected 
identifier or keyword at 
column 22 in [ {{ 
donor.isAvailable . 
'Available' : 
'Unavailable' }} ] in C:/
Users/soura/Desktop/Blood
Connect/frontend/src/app/
pages/donor-dashboard/don
or-dashboard.component.ht
ml@19:12 [plugin 
angular-compiler]

    src/app/pages/donor-d
ashboard/donor-dashboard.
component.html:82:15:
      82 Γöé           
<div *ngIf="recentRequest
s.length === 0" 
class="empty-st...
         Γò╡             
   ~~~~~~~~~~~~~~~~~~~~~~
~~~~~~~~~~~~~

  Error occurs in the 
template of component 
DonorDashboardComponent.

    src/app/pages/donor-d
ashboard/donor-dashboard.
component.ts:16:15:
      16 Γöé   
templateUrl: './donor-das
hboard.component.html',
         Γò╡             
   ~~~~~~~~~~~~~~~~~~~~~~
~~~~~~~~~~~~


X [ERROR] NG5002: Parser 
Error: Expected 
identifier for property 
access at the end of the 
expression [ {{ 
donor.isAvailable . 
'Available' : 
'Unavailable' }} ] in C:/
Users/soura/Desktop/Blood
Connect/frontend/src/app/
pages/donor-dashboard/don
or-dashboard.component.ht
ml@19:12 [plugin 
angular-compiler]

    src/app/pages/donor-d
ashboard/donor-dashboard.
component.html:86:39:
      86 Γöé           
<div 
class="table-container" *
ngIf="recentRequests.leng
th">
         Γò╡             
                         
  ~~~~~~~~~~~~~~~~~~~~~~~
~~~~~~

  Error occurs in the 
template of component 
DonorDashboardComponent.

    src/app/pages/donor-d
ashboard/donor-dashboard.
component.ts:16:15:
      16 Γöé   
templateUrl: './donor-das
hboard.component.html',
         Γò╡             
   ~~~~~~~~~~~~~~~~~~~~~~
~~~~~~~~~~~~


X [ERROR] NG5002: Parser 
Error: Unexpected token 
Available, expected 
identifier or keyword at 
column 22 in [ {{ 
donor.isAvailable . 
'Available' : 
'Unavailable' }} ] in C:/
Users/soura/Desktop/Blood
Connect/frontend/src/app/
pages/donor-dashboard/don
or-dashboard.component.ht
ml@19:12 [plugin 
angular-compiler]

    src/app/pages/donor-d
ashboard/donor-dashboard.
component.html:86:39:
      86 Γöé           
<div 
class="table-container" *
ngIf="recentRequests.leng
th">
         Γò╡             
                         
  ~~~~~~~~~~~~~~~~~~~~~~~
~~~~~~

  Error occurs in the 
template of component 
DonorDashboardComponent.

    src/app/pages/donor-d
ashboard/donor-dashboard.
component.ts:16:15:
      16 Γöé   
templateUrl: './donor-das
hboard.component.html',
         Γò╡             
   ~~~~~~~~~~~~~~~~~~~~~~
~~~~~~~~~~~~


X [ERROR] NG5002: Parser 
Error: Expected 
identifier for property 
access at the end of the 
expression [ {{ 
donor.isAvailable . 
'Available' : 
'Unavailable' }} ] in C:/
Users/soura/Desktop/Blood
Connect/frontend/src/app/
pages/donor-dashboard/don
or-dashboard.component.ht
ml@19:12 [plugin 
angular-compiler]

    src/app/pages/donor-d
ashboard/donor-dashboard.
component.html:99:20:
      99 Γöé             
    <tr *ngFor="let r of 
recentRequests">
         Γò╡             
        ~~~~~~~~~~~~~~~~~
~~~~~~~~~~~~~~~

  Error occurs in the 
template of component 
DonorDashboardComponent.

    src/app/pages/donor-d
ashboard/donor-dashboard.
component.ts:16:15:
      16 Γöé   
templateUrl: './donor-das
hboard.component.html',
         Γò╡             
   ~~~~~~~~~~~~~~~~~~~~~~
~~~~~~~~~~~~


X [ERROR] NG5002: Parser 
Error: Unexpected token 
Available, expected 
identifier or keyword at 
column 22 in [ {{ 
donor.isAvailable . 
'Available' : 
'Unavailable' }} ] in C:/
Users/soura/Desktop/Blood
Connect/frontend/src/app/
pages/donor-dashboard/don
or-dashboard.component.ht
ml@19:12 [plugin 
angular-compiler]

    src/app/pages/donor-d
ashboard/donor-dashboard.
component.html:99:20:
      99 Γöé             
    <tr *ngFor="let r of 
recentRequests">
         Γò╡             
        ~~~~~~~~~~~~~~~~~
~~~~~~~~~~~~~~~

  Error occurs in the 
template of component 
DonorDashboardComponent.

    src/app/pages/donor-d
ashboard/donor-dashboard.
component.ts:16:15:
      16 Γöé   
templateUrl: './donor-das
hboard.component.html',
         Γò╡             
   ~~~~~~~~~~~~~~~~~~~~~~
~~~~~~~~~~~~


X [ERROR] NG5002: Parser 
Error: Expected 
identifier for property 
access at the end of the 
expression [ {{ 
donor.isAvailable . 
'Available' : 
'Unavailable' }} ] in C:/
Users/soura/Desktop/Blood
Connect/frontend/src/app/
pages/donor-dashboard/don
or-dashboard.component.ht
ml@19:12 [plugin 
angular-compiler]

    src/app/pages/donor-d
ashboard/donor-dashboard.
component.html:100:127:
      100 Γöé 
...t-size:0.8rem">{{ r.re
quester.name.charAt(0) 
}}</div>{{ r.requ...
          Γò╡            
       ~~~~~~~~~~~~~~~~~~
~~~~~~~~~~~~~~

  Error occurs in the 
template of component 
DonorDashboardComponent.

    src/app/pages/donor-d
ashboard/donor-dashboard.
component.ts:16:15:
      16 Γöé   
templateUrl: './donor-das
hboard.component.html',
         Γò╡             
   ~~~~~~~~~~~~~~~~~~~~~~
~~~~~~~~~~~~


X [ERROR] NG5002: Parser 
Error: Unexpected token 
Available, expected 
identifier or keyword at 
column 22 in [ {{ 
donor.isAvailable . 
'Available' : 
'Unavailable' }} ] in C:/
Users/soura/Desktop/Blood
Connect/frontend/src/app/
pages/donor-dashboard/don
or-dashboard.component.ht
ml@19:12 [plugin 
angular-compiler]

    src/app/pages/donor-d
ashboard/donor-dashboard.
component.html:100:127:
      100 Γöé 
...t-size:0.8rem">{{ r.re
quester.name.charAt(0) 
}}</div>{{ r.requ...
          Γò╡            
       ~~~~~~~~~~~~~~~~~~
~~~~~~~~~~~~~~

  Error occurs in the 
template of component 
DonorDashboardComponent.

    src/app/pages/donor-d
ashboard/donor-dashboard.
component.ts:16:15:
      16 Γöé   
templateUrl: './donor-das
hboard.component.html',
         Γò╡             
   ~~~~~~~~~~~~~~~~~~~~~~
~~~~~~~~~~~~


X [ERROR] NG5002: Parser 
Error: Expected 
identifier for property 
access at the end of the 
expression [ {{ 
donor.isAvailable . 
'Available' : 
'Unavailable' }} ] in C:/
Users/soura/Desktop/Blood
Connect/frontend/src/app/
pages/donor-dashboard/don
or-dashboard.component.ht
ml@19:12 [plugin 
angular-compiler]

    src/app/pages/donor-d
ashboard/donor-dashboard.
component.html:100:165:
      100 Γöé ...equester
.name.charAt(0) 
}}</div>{{ 
r.requester.name 
}}</div></td>
          Γò╡            
                        
~~~~~~~~~~~~~~~~~~~~~~

  Error occurs in the 
template of component 
DonorDashboardComponent.

    src/app/pages/donor-d
ashboard/donor-dashboard.
component.ts:16:15:
      16 Γöé   
templateUrl: './donor-das
hboard.component.html',
         Γò╡             
   ~~~~~~~~~~~~~~~~~~~~~~
~~~~~~~~~~~~


X [ERROR] NG5002: Parser 
Error: Unexpected token 
Available, expected 
identifier or keyword at 
column 22 in [ {{ 
donor.isAvailable . 
'Available' : 
'Unavailable' }} ] in C:/
Users/soura/Desktop/Blood
Connect/frontend/src/app/
pages/donor-dashboard/don
or-dashboard.component.ht
ml@19:12 [plugin 
angular-compiler]

    src/app/pages/donor-d
ashboard/donor-dashboard.
component.html:100:165:
      100 Γöé ...equester
.name.charAt(0) 
}}</div>{{ 
r.requester.name 
}}</div></td>
          Γò╡            
                        
~~~~~~~~~~~~~~~~~~~~~~

  Error occurs in the 
template of component 
DonorDashboardComponent.

    src/app/pages/donor-d
ashboard/donor-dashboard.
component.ts:16:15:
      16 Γöé   
templateUrl: './donor-das
hboard.component.html',
         Γò╡             
   ~~~~~~~~~~~~~~~~~~~~~~
~~~~~~~~~~~~


X [ERROR] NG5002: Parser 
Error: Expected 
identifier for property 
access at the end of the 
expression [ {{ 
donor.isAvailable . 
'Available' : 
'Unavailable' }} ] in C:/
Users/soura/Desktop/Blood
Connect/frontend/src/app/
pages/donor-dashboard/don
or-dashboard.component.ht
ml@19:12 [plugin 
angular-compiler]

    src/app/pages/donor-d
ashboard/donor-dashboard.
component.html:101:48:
      101 Γöé ...     
<td><span 
class="blood-badge">{{ 
r.bloodGroup 
}}</span></td>
          Γò╡            
                         
  ~~~~~~~~~~~~~~~~~~

  Error occurs in the 
template of component 
DonorDashboardComponent.

    src/app/pages/donor-d
ashboard/donor-dashboard.
component.ts:16:15:
      16 Γöé   
templateUrl: './donor-das
hboard.component.html',
         Γò╡             
   ~~~~~~~~~~~~~~~~~~~~~~
~~~~~~~~~~~~


X [ERROR] NG5002: Parser 
Error: Unexpected token 
Available, expected 
identifier or keyword at 
column 22 in [ {{ 
donor.isAvailable . 
'Available' : 
'Unavailable' }} ] in C:/
Users/soura/Desktop/Blood
Connect/frontend/src/app/
pages/donor-dashboard/don
or-dashboard.component.ht
ml@19:12 [plugin 
angular-compiler]

    src/app/pages/donor-d
ashboard/donor-dashboard.
component.html:101:48:
      101 Γöé ...     
<td><span 
class="blood-badge">{{ 
r.bloodGroup 
}}</span></td>
          Γò╡            
                         
  ~~~~~~~~~~~~~~~~~~

  Error occurs in the 
template of component 
DonorDashboardComponent.

    src/app/pages/donor-d
ashboard/donor-dashboard.
component.ts:16:15:
      16 Γöé   
templateUrl: './donor-das
hboard.component.html',
         Γò╡             
   ~~~~~~~~~~~~~~~~~~~~~~
~~~~~~~~~~~~


X [ERROR] NG5002: Parser 
Error: Expected 
identifier for property 
access at the end of the 
expression [ {{ 
donor.isAvailable . 
'Available' : 
'Unavailable' }} ] in C:/
Users/soura/Desktop/Blood
Connect/frontend/src/app/
pages/donor-dashboard/don
or-dashboard.component.ht
ml@19:12 [plugin 
angular-compiler]

    src/app/pages/donor-d
ashboard/donor-dashboard.
component.html:102:22:
      102 Γöé            
       <td>{{ 
r.hospital.name }}</td>
          Γò╡            
           
~~~~~~~~~~~~~~~~~~~~~

  Error occurs in the 
template of component 
DonorDashboardComponent.

    src/app/pages/donor-d
ashboard/donor-dashboard.
component.ts:16:15:
      16 Γöé   
templateUrl: './donor-das
hboard.component.html',
         Γò╡             
   ~~~~~~~~~~~~~~~~~~~~~~
~~~~~~~~~~~~


X [ERROR] NG5002: Parser 
Error: Unexpected token 
Available, expected 
identifier or keyword at 
column 22 in [ {{ 
donor.isAvailable . 
'Available' : 
'Unavailable' }} ] in C:/
Users/soura/Desktop/Blood
Connect/frontend/src/app/
pages/donor-dashboard/don
or-dashboard.component.ht
ml@19:12 [plugin 
angular-compiler]

    src/app/pages/donor-d
ashboard/donor-dashboard.
component.html:102:22:
      102 Γöé            
       <td>{{ 
r.hospital.name }}</td>
          Γò╡            
           
~~~~~~~~~~~~~~~~~~~~~

  Error occurs in the 
template of component 
DonorDashboardComponent.

    src/app/pages/donor-d
ashboard/donor-dashboard.
component.ts:16:15:
      16 Γöé   
templateUrl: './donor-das
hboard.component.html',
         Γò╡             
   ~~~~~~~~~~~~~~~~~~~~~~
~~~~~~~~~~~~


X [ERROR] NG5002: Parser 
Error: Expected 
identifier for property 
access at the end of the 
expression [ {{ 
donor.isAvailable . 
'Available' : 
'Unavailable' }} ] in C:/
Users/soura/Desktop/Blood
Connect/frontend/src/app/
pages/donor-dashboard/don
or-dashboard.component.ht
ml@19:12 [plugin 
angular-compiler]

    src/app/pages/donor-d
ashboard/donor-dashboard.
component.html:103:35:
      103 Γöé ...><span 
class="urgency-badge urge
ncy-{{r.urgency}}">{{ 
r.urgenc...
          Γò╡            
      ~~~~~~~~~~~~~~~~~~~
~~~~~~~~~~~~~~~~

  Error occurs in the 
template of component 
DonorDashboardComponent.

    src/app/pages/donor-d
ashboard/donor-dashboard.
component.ts:16:15:
      16 Γöé   
templateUrl: './donor-das
hboard.component.html',
         Γò╡             
   ~~~~~~~~~~~~~~~~~~~~~~
~~~~~~~~~~~~


X [ERROR] NG5002: Parser 
Error: Unexpected token 
Available, expected 
identifier or keyword at 
column 22 in [ {{ 
donor.isAvailable . 
'Available' : 
'Unavailable' }} ] in C:/
Users/soura/Desktop/Blood
Connect/frontend/src/app/
pages/donor-dashboard/don
or-dashboard.component.ht
ml@19:12 [plugin 
angular-compiler]

    src/app/pages/donor-d
ashboard/donor-dashboard.
component.html:103:35:
      103 Γöé ...><span 
class="urgency-badge urge
ncy-{{r.urgency}}">{{ 
r.urgenc...
          Γò╡            
      ~~~~~~~~~~~~~~~~~~~
~~~~~~~~~~~~~~~~

  Error occurs in the 
template of component 
DonorDashboardComponent.

    src/app/pages/donor-d
ashboard/donor-dashboard.
component.ts:16:15:
      16 Γöé   
templateUrl: './donor-das
hboard.component.html',
         Γò╡             
   ~~~~~~~~~~~~~~~~~~~~~~
~~~~~~~~~~~~


X [ERROR] NG5002: Parser 
Error: Expected 
identifier for property 
access at the end of the 
expression [ {{ 
donor.isAvailable . 
'Available' : 
'Unavailable' }} ] in C:/
Users/soura/Desktop/Blood
Connect/frontend/src/app/
pages/donor-dashboard/don
or-dashboard.component.ht
ml@19:12 [plugin 
angular-compiler]

    src/app/pages/donor-d
ashboard/donor-dashboard.
component.html:103:72:
      103 Γöé 
..."urgency-badge urgency
-{{r.urgency}}">{{ 
r.urgency }}</span></td>
          Γò╡            
                         
     ~~~~~~~~~~~~~~~

  Error occurs in the 
template of component 
DonorDashboardComponent.

    src/app/pages/donor-d
ashboard/donor-dashboard.
component.ts:16:15:
      16 Γöé   
templateUrl: './donor-das
hboard.component.html',
         Γò╡             
   ~~~~~~~~~~~~~~~~~~~~~~
~~~~~~~~~~~~


X [ERROR] NG5002: Parser 
Error: Unexpected token 
Available, expected 
identifier or keyword at 
column 22 in [ {{ 
donor.isAvailable . 
'Available' : 
'Unavailable' }} ] in C:/
Users/soura/Desktop/Blood
Connect/frontend/src/app/
pages/donor-dashboard/don
or-dashboard.component.ht
ml@19:12 [plugin 
angular-compiler]

    src/app/pages/donor-d
ashboard/donor-dashboard.
component.html:103:72:
      103 Γöé 
..."urgency-badge urgency
-{{r.urgency}}">{{ 
r.urgency }}</span></td>
          Γò╡            
                         
     ~~~~~~~~~~~~~~~

  Error occurs in the 
template of component 
DonorDashboardComponent.

    src/app/pages/donor-d
ashboard/donor-dashboard.
component.ts:16:15:
      16 Γöé   
templateUrl: './donor-das
hboard.component.html',
         Γò╡             
   ~~~~~~~~~~~~~~~~~~~~~~
~~~~~~~~~~~~


X [ERROR] NG5002: Parser 
Error: Expected 
identifier for property 
access at the end of the 
expression [ {{ 
donor.isAvailable . 
'Available' : 
'Unavailable' }} ] in C:/
Users/soura/Desktop/Blood
Connect/frontend/src/app/
pages/donor-dashboard/don
or-dashboard.component.ht
ml@19:12 [plugin 
angular-compiler]

    src/app/pages/donor-d
ashboard/donor-dashboard.
component.html:104:35:
      104 Γöé ...d><span 
class="status-badge 
status-{{r.status}}">{{ 
r.status }...
          Γò╡            
       ~~~~~~~~~~~~~~~~~~
~~~~~~~~~~~~~~

  Error occurs in the 
template of component 
DonorDashboardComponent.

    src/app/pages/donor-d
ashboard/donor-dashboard.
component.ts:16:15:
      16 Γöé   
templateUrl: './donor-das
hboard.component.html',
         Γò╡             
   ~~~~~~~~~~~~~~~~~~~~~~
~~~~~~~~~~~~


X [ERROR] NG5002: Parser 
Error: Unexpected token 
Available, expected 
identifier or keyword at 
column 22 in [ {{ 
donor.isAvailable . 
'Available' : 
'Unavailable' }} ] in C:/
Users/soura/Desktop/Blood
Connect/frontend/src/app/
pages/donor-dashboard/don
or-dashboard.component.ht
ml@19:12 [plugin 
angular-compiler]

    src/app/pages/donor-d
ashboard/donor-dashboard.
component.html:104:35:
      104 Γöé ...d><span 
class="status-badge 
status-{{r.status}}">{{ 
r.status }...
          Γò╡            
       ~~~~~~~~~~~~~~~~~~
~~~~~~~~~~~~~~

  Error occurs in the 
template of component 
DonorDashboardComponent.

    src/app/pages/donor-d
ashboard/donor-dashboard.
component.ts:16:15:
      16 Γöé   
templateUrl: './donor-das
hboard.component.html',
         Γò╡             
   ~~~~~~~~~~~~~~~~~~~~~~
~~~~~~~~~~~~


X [ERROR] NG5002: Parser 
Error: Expected 
identifier for property 
access at the end of the 
expression [ {{ 
donor.isAvailable . 
'Available' : 
'Unavailable' }} ] in C:/
Users/soura/Desktop/Blood
Connect/frontend/src/app/
pages/donor-dashboard/don
or-dashboard.component.ht
ml@19:12 [plugin 
angular-compiler]

    src/app/pages/donor-d
ashboard/donor-dashboard.
component.html:104:69:
      104 Γöé 
...ass="status-badge 
status-{{r.status}}">{{ 
r.status }}</span></td>
          Γò╡            
                         
      ~~~~~~~~~~~~~~

  Error occurs in the 
template of component 
DonorDashboardComponent.

    src/app/pages/donor-d
ashboard/donor-dashboard.
component.ts:16:15:
      16 Γöé   
templateUrl: './donor-das
hboard.component.html',
         Γò╡             
   ~~~~~~~~~~~~~~~~~~~~~~
~~~~~~~~~~~~


X [ERROR] NG5002: Parser 
Error: Unexpected token 
Available, expected 
identifier or keyword at 
column 22 in [ {{ 
donor.isAvailable . 
'Available' : 
'Unavailable' }} ] in C:/
Users/soura/Desktop/Blood
Connect/frontend/src/app/
pages/donor-dashboard/don
or-dashboard.component.ht
ml@19:12 [plugin 
angular-compiler]

    src/app/pages/donor-d
ashboard/donor-dashboard.
component.html:104:69:
      104 Γöé 
...ass="status-badge 
status-{{r.status}}">{{ 
r.status }}</span></td>
          Γò╡            
                         
      ~~~~~~~~~~~~~~

  Error occurs in the 
template of component 
DonorDashboardComponent.

    src/app/pages/donor-d
ashboard/donor-dashboard.
component.ts:16:15:
      16 Γöé   
templateUrl: './donor-das
hboard.component.html',
         Γò╡             
   ~~~~~~~~~~~~~~~~~~~~~~
~~~~~~~~~~~~


X [ERROR] NG5002: Parser 
Error: Expected 
identifier for property 
access at the end of the 
expression [ {{ 
donor.isAvailable . 
'Available' : 
'Unavailable' }} ] in C:/
Users/soura/Desktop/Blood
Connect/frontend/src/app/
pages/donor-dashboard/don
or-dashboard.component.ht
ml@19:12 [plugin 
angular-compiler]

    src/app/pages/donor-d
ashboard/donor-dashboard.
component.html:105:22:
      105 Γöé            
       <td>{{ 
r.createdAt | date:'dd 
MMM' }}</td>
          Γò╡            
           ~~~~~~~~~~~~~~
~~~~~~~~~~~~~~~~~~~

  Error occurs in the 
template of component 
DonorDashboardComponent.

    src/app/pages/donor-d
ashboard/donor-dashboard.
component.ts:16:15:
      16 Γöé   
templateUrl: './donor-das
hboard.component.html',
         Γò╡             
   ~~~~~~~~~~~~~~~~~~~~~~
~~~~~~~~~~~~


X [ERROR] NG5002: Parser 
Error: Unexpected token 
Available, expected 
identifier or keyword at 
column 22 in [ {{ 
donor.isAvailable . 
'Available' : 
'Unavailable' }} ] in C:/
Users/soura/Desktop/Blood
Connect/frontend/src/app/
pages/donor-dashboard/don
or-dashboard.component.ht
ml@19:12 [plugin 
angular-compiler]

    src/app/pages/donor-d
ashboard/donor-dashboard.
component.html:105:22:
      105 Γöé            
       <td>{{ 
r.createdAt | date:'dd 
MMM' }}</td>
          Γò╡            
           ~~~~~~~~~~~~~~
~~~~~~~~~~~~~~~~~~~

  Error occurs in the 
template of component 
DonorDashboardComponent.

    src/app/pages/donor-d
ashboard/donor-dashboard.
component.ts:16:15:
      16 Γöé   
templateUrl: './donor-das
hboard.component.html',
         Γò╡             
   ~~~~~~~~~~~~~~~~~~~~~~
~~~~~~~~~~~~


X [ERROR] NG5002: Parser 
Error: Expected 
identifier for property 
access at the end of the 
expression [ {{ 
donor.isAvailable . 
'Available' : 
'Unavailable' }} ] in C:/
Users/soura/Desktop/Blood
Connect/frontend/src/app/
pages/donor-dashboard/don
or-dashboard.component.ht
ml@19:12 [plugin 
angular-compiler]

    src/app/pages/donor-d
ashboard/donor-dashboard.
component.html:114:11:
      114 Γöé       <div 
*ngIf="activeTab === 
'requests'" 
class="tab-content an...
          Γò╡            
~~~~~~~~~~~~~~~~~~~~~~~~~
~~~~~~~

  Error occurs in the 
template of component 
DonorDashboardComponent.

    src/app/pages/donor-d
ashboard/donor-dashboard.
component.ts:16:15:
      16 Γöé   
templateUrl: './donor-das
hboard.component.html',
         Γò╡             
   ~~~~~~~~~~~~~~~~~~~~~~
~~~~~~~~~~~~


X [ERROR] NG5002: Parser 
Error: Unexpected token 
Available, expected 
identifier or keyword at 
column 22 in [ {{ 
donor.isAvailable . 
'Available' : 
'Unavailable' }} ] in C:/
Users/soura/Desktop/Blood
Connect/frontend/src/app/
pages/donor-dashboard/don
or-dashboard.component.ht
ml@19:12 [plugin 
angular-compiler]

    src/app/pages/donor-d
ashboard/donor-dashboard.
component.html:114:11:
      114 Γöé       <div 
*ngIf="activeTab === 
'requests'" 
class="tab-content an...
          Γò╡            
~~~~~~~~~~~~~~~~~~~~~~~~~
~~~~~~~

  Error occurs in the 
template of component 
DonorDashboardComponent.

    src/app/pages/donor-d
ashboard/donor-dashboard.
component.ts:16:15:
      16 Γöé   
templateUrl: './donor-das
hboard.component.html',
         Γò╡             
   ~~~~~~~~~~~~~~~~~~~~~~
~~~~~~~~~~~~


X [ERROR] NG5002: Parser 
Error: Expected 
identifier for property 
access at the end of the 
expression [ {{ 
donor.isAvailable . 
'Available' : 
'Unavailable' }} ] in C:/
Users/soura/Desktop/Blood
Connect/frontend/src/app/
pages/donor-dashboard/don
or-dashboard.component.ht
ml@19:12 [plugin 
angular-compiler]

    src/app/pages/donor-d
ashboard/donor-dashboard.
component.html:118:74:
      118 Γöé 
...idth:150px" [(ngModel)
]="requestFilter" 
(change)="loadRequests...
          Γò╡            
                 
~~~~~~~~~~~~~

  Error occurs in the 
template of component 
DonorDashboardComponent.

    src/app/pages/donor-d
ashboard/donor-dashboard.
component.ts:16:15:
      16 Γöé   
templateUrl: './donor-das
hboard.component.html',
         Γò╡             
   ~~~~~~~~~~~~~~~~~~~~~~
~~~~~~~~~~~~


X [ERROR] NG5002: Parser 
Error: Expected 
identifier for property 
access at the end of the 
expression [ {{ 
donor.isAvailable . 
'Available' : 
'Unavailable' }} ] in C:/
Users/soura/Desktop/Blood
Connect/frontend/src/app/
pages/donor-dashboard/don
or-dashboard.component.ht
ml@19:12 [plugin 
angular-compiler]

    src/app/pages/donor-d
ashboard/donor-dashboard.
component.html:118:74:
      118 Γöé 
...idth:150px" [(ngModel)
]="requestFilter" 
(change)="loadRequests...
          Γò╡            
                 
~~~~~~~~~~~~~

  Error occurs in the 
template of component 
DonorDashboardComponent.

    src/app/pages/donor-d
ashboard/donor-dashboard.
component.ts:16:15:
      16 Γöé   
templateUrl: './donor-das
hboard.component.html',
         Γò╡             
   ~~~~~~~~~~~~~~~~~~~~~~
~~~~~~~~~~~~


X [ERROR] NG5002: Parser 
Error: Unexpected token 
Available, expected 
identifier or keyword at 
column 22 in [ {{ 
donor.isAvailable . 
'Available' : 
'Unavailable' }} ] in C:/
Users/soura/Desktop/Blood
Connect/frontend/src/app/
pages/donor-dashboard/don
or-dashboard.component.ht
ml@19:12 [plugin 
angular-compiler]

    src/app/pages/donor-d
ashboard/donor-dashboard.
component.html:118:74:
      118 Γöé 
...idth:150px" [(ngModel)
]="requestFilter" 
(change)="loadRequests...
          Γò╡            
                 
~~~~~~~~~~~~~

  Error occurs in the 
template of component 
DonorDashboardComponent.

    src/app/pages/donor-d
ashboard/donor-dashboard.
component.ts:16:15:
      16 Γöé   
templateUrl: './donor-das
hboard.component.html',
         Γò╡             
   ~~~~~~~~~~~~~~~~~~~~~~
~~~~~~~~~~~~


X [ERROR] NG5002: Parser 
Error: Unexpected token 
Available, expected 
identifier or keyword at 
column 22 in [ {{ 
donor.isAvailable . 
'Available' : 
'Unavailable' }} ] in C:/
Users/soura/Desktop/Blood
Connect/frontend/src/app/
pages/donor-dashboard/don
or-dashboard.component.ht
ml@19:12 [plugin 
angular-compiler]

    src/app/pages/donor-d
ashboard/donor-dashboard.
component.html:118:74:
      118 Γöé 
...idth:150px" [(ngModel)
]="requestFilter" 
(change)="loadRequests...
          Γò╡            
                 
~~~~~~~~~~~~~

  Error occurs in the 
template of component 
DonorDashboardComponent.

    src/app/pages/donor-d
ashboard/donor-dashboard.
component.ts:16:15:
      16 Γöé   
templateUrl: './donor-das
hboard.component.html',
         Γò╡             
   ~~~~~~~~~~~~~~~~~~~~~~
~~~~~~~~~~~~


X [ERROR] NG5002: Parser 
Error: Expected 
identifier for property 
access at the end of the 
expression [ {{ 
donor.isAvailable . 
'Available' : 
'Unavailable' }} ] in C:/
Users/soura/Desktop/Blood
Connect/frontend/src/app/
pages/donor-dashboard/don
or-dashboard.component.ht
ml@19:12 [plugin 
angular-compiler]

    src/app/pages/donor-d
ashboard/donor-dashboard.
component.html:118:99:
      118 Γöé 
...dth:150px" [(ngModel)]
="requestFilter" (change)
="loadRequests()">
          Γò╡            
                         
                
~~~~~~~~~~~~~~

  Error occurs in the 
template of component 
DonorDashboardComponent.

    src/app/pages/donor-d
ashboard/donor-dashboard.
component.ts:16:15:
      16 Γöé   
templateUrl: './donor-das
hboard.component.html',
         Γò╡             
   ~~~~~~~~~~~~~~~~~~~~~~
~~~~~~~~~~~~


X [ERROR] NG5002: Parser 
Error: Unexpected token 
Available, expected 
identifier or keyword at 
column 22 in [ {{ 
donor.isAvailable . 
'Available' : 
'Unavailable' }} ] in C:/
Users/soura/Desktop/Blood
Connect/frontend/src/app/
pages/donor-dashboard/don
or-dashboard.component.ht
ml@19:12 [plugin 
angular-compiler]

    src/app/pages/donor-d
ashboard/donor-dashboard.
component.html:118:99:
      118 Γöé 
...dth:150px" [(ngModel)]
="requestFilter" (change)
="loadRequests()">
          Γò╡            
                         
                
~~~~~~~~~~~~~~

  Error occurs in the 
template of component 
DonorDashboardComponent.

    src/app/pages/donor-d
ashboard/donor-dashboard.
component.ts:16:15:
      16 Γöé   
templateUrl: './donor-das
hboard.component.html',
         Γò╡             
   ~~~~~~~~~~~~~~~~~~~~~~
~~~~~~~~~~~~


X [ERROR] NG5002: Parser 
Error: Expected 
identifier for property 
access at the end of the 
expression [ {{ 
donor.isAvailable . 
'Available' : 
'Unavailable' }} ] in C:/
Users/soura/Desktop/Blood
Connect/frontend/src/app/
pages/donor-dashboard/don
or-dashboard.component.ht
ml@19:12 [plugin 
angular-compiler]

    src/app/pages/donor-d
ashboard/donor-dashboard.
component.html:128:13:
      128 Γöé         
<div 
*ngIf="requestsLoading" 
class="skeleton" 
style="heig...
          Γò╡            
  ~~~~~~~~~~~~~~~~~~~~~~~

  Error occurs in the 
template of component 
DonorDashboardComponent.

    src/app/pages/donor-d
ashboard/donor-dashboard.
component.ts:16:15:
      16 Γöé   
templateUrl: './donor-das
hboard.component.html',
         Γò╡             
   ~~~~~~~~~~~~~~~~~~~~~~
~~~~~~~~~~~~


X [ERROR] NG5002: Parser 
Error: Unexpected token 
Available, expected 
identifier or keyword at 
column 22 in [ {{ 
donor.isAvailable . 
'Available' : 
'Unavailable' }} ] in C:/
Users/soura/Desktop/Blood
Connect/frontend/src/app/
pages/donor-dashboard/don
or-dashboard.component.ht
ml@19:12 [plugin 
angular-compiler]

    src/app/pages/donor-d
ashboard/donor-dashboard.
component.html:128:13:
      128 Γöé         
<div 
*ngIf="requestsLoading" 
class="skeleton" 
style="heig...
          Γò╡            
  ~~~~~~~~~~~~~~~~~~~~~~~

  Error occurs in the 
template of component 
DonorDashboardComponent.

    src/app/pages/donor-d
ashboard/donor-dashboard.
component.ts:16:15:
      16 Γöé   
templateUrl: './donor-das
hboard.component.html',
         Γò╡             
   ~~~~~~~~~~~~~~~~~~~~~~
~~~~~~~~~~~~


X [ERROR] NG5002: Parser 
Error: Expected 
identifier for property 
access at the end of the 
expression [ {{ 
donor.isAvailable . 
'Available' : 
'Unavailable' }} ] in C:/
Users/soura/Desktop/Blood
Connect/frontend/src/app/
pages/donor-dashboard/don
or-dashboard.component.ht
ml@19:12 [plugin 
angular-compiler]

    src/app/pages/donor-d
ashboard/donor-dashboard.
component.html:130:35:
      130 Γöé         
<div 
class="requests-list" 
*ngIf="!requestsLoading">
          Γò╡            
                        
~~~~~~~~~~~~~~~~~~~~~~~~

  Error occurs in the 
template of component 
DonorDashboardComponent.

    src/app/pages/donor-d
ashboard/donor-dashboard.
component.ts:16:15:
      16 Γöé   
templateUrl: './donor-das
hboard.component.html',
         Γò╡             
   ~~~~~~~~~~~~~~~~~~~~~~
~~~~~~~~~~~~


X [ERROR] NG5002: Parser 
Error: Unexpected token 
Available, expected 
identifier or keyword at 
column 22 in [ {{ 
donor.isAvailable . 
'Available' : 
'Unavailable' }} ] in C:/
Users/soura/Desktop/Blood
Connect/frontend/src/app/
pages/donor-dashboard/don
or-dashboard.component.ht
ml@19:12 [plugin 
angular-compiler]

    src/app/pages/donor-d
ashboard/donor-dashboard.
component.html:130:35:
      130 Γöé         
<div 
class="requests-list" 
*ngIf="!requestsLoading">
          Γò╡            
                        
~~~~~~~~~~~~~~~~~~~~~~~~

  Error occurs in the 
template of component 
DonorDashboardComponent.

    src/app/pages/donor-d
ashboard/donor-dashboard.
component.ts:16:15:
      16 Γöé   
templateUrl: './donor-das
hboard.component.html',
         Γò╡             
   ~~~~~~~~~~~~~~~~~~~~~~
~~~~~~~~~~~~


X [ERROR] NG5002: Parser 
Error: Expected 
identifier for property 
access at the end of the 
expression [ {{ 
donor.isAvailable . 
'Available' : 
'Unavailable' }} ] in C:/
Users/soura/Desktop/Blood
Connect/frontend/src/app/
pages/donor-dashboard/don
or-dashboard.component.ht
ml@19:12 [plugin 
angular-compiler]

    src/app/pages/donor-d
ashboard/donor-dashboard.
component.html:131:35:
      131 Γöé           
<div class="empty-state" 
*ngIf="!donorRequests.len
gth">
          Γò╡            
                        ~
~~~~~~~~~~~~~~~~~~~~~~~~~
~~~

  Error occurs in the 
template of component 
DonorDashboardComponent.

    src/app/pages/donor-d
ashboard/donor-dashboard.
component.ts:16:15:
      16 Γöé   
templateUrl: './donor-das
hboard.component.html',
         Γò╡             
   ~~~~~~~~~~~~~~~~~~~~~~
~~~~~~~~~~~~


X [ERROR] NG5002: Parser 
Error: Unexpected token 
Available, expected 
identifier or keyword at 
column 22 in [ {{ 
donor.isAvailable . 
'Available' : 
'Unavailable' }} ] in C:/
Users/soura/Desktop/Blood
Connect/frontend/src/app/
pages/donor-dashboard/don
or-dashboard.component.ht
ml@19:12 [plugin 
angular-compiler]

    src/app/pages/donor-d
ashboard/donor-dashboard.
component.html:131:35:
      131 Γöé           
<div class="empty-state" 
*ngIf="!donorRequests.len
gth">
          Γò╡            
                        ~
~~~~~~~~~~~~~~~~~~~~~~~~~
~~~

  Error occurs in the 
template of component 
DonorDashboardComponent.

    src/app/pages/donor-d
ashboard/donor-dashboard.
component.ts:16:15:
      16 Γöé   
templateUrl: './donor-das
hboard.component.html',
         Γò╡             
   ~~~~~~~~~~~~~~~~~~~~~~
~~~~~~~~~~~~


X [ERROR] NG5002: Parser 
Error: Expected 
identifier for property 
access at the end of the 
expression [ {{ 
donor.isAvailable . 
'Available' : 
'Unavailable' }} ] in C:/
Users/soura/Desktop/Blood
Connect/frontend/src/app/
pages/donor-dashboard/don
or-dashboard.component.ht
ml@19:12 [plugin 
angular-compiler]

    src/app/pages/donor-d
ashboard/donor-dashboard.
component.html:137:41:
      137 Γöé 
...uest-card card" 
*ngFor="let r of 
donorRequests" 
[class]="'urge...
          Γò╡            
        ~~~~~~~~~~~~~~~~~
~~~~~~~~~~~~~~

  Error occurs in the 
template of component 
DonorDashboardComponent.

    src/app/pages/donor-d
ashboard/donor-dashboard.
component.ts:16:15:
      16 Γöé   
templateUrl: './donor-das
hboard.component.html',
         Γò╡             
   ~~~~~~~~~~~~~~~~~~~~~~
~~~~~~~~~~~~


X [ERROR] NG5002: Parser 
Error: Unexpected token 
Available, expected 
identifier or keyword at 
column 22 in [ {{ 
donor.isAvailable . 
'Available' : 
'Unavailable' }} ] in C:/
Users/soura/Desktop/Blood
Connect/frontend/src/app/
pages/donor-dashboard/don
or-dashboard.component.ht
ml@19:12 [plugin 
angular-compiler]

    src/app/pages/donor-d
ashboard/donor-dashboard.
component.html:137:41:
      137 Γöé 
...uest-card card" 
*ngFor="let r of 
donorRequests" 
[class]="'urge...
          Γò╡            
        ~~~~~~~~~~~~~~~~~
~~~~~~~~~~~~~~

  Error occurs in the 
template of component 
DonorDashboardComponent.

    src/app/pages/donor-d
ashboard/donor-dashboard.
component.ts:16:15:
      16 Γöé   
templateUrl: './donor-das
hboard.component.html',
         Γò╡             
   ~~~~~~~~~~~~~~~~~~~~~~
~~~~~~~~~~~~


X [ERROR] NG5002: Parser 
Error: Expected 
identifier for property 
access at the end of the 
expression [ {{ 
donor.isAvailable . 
'Available' : 
'Unavailable' }} ] in C:/
Users/soura/Desktop/Blood
Connect/frontend/src/app/
pages/donor-dashboard/don
or-dashboard.component.ht
ml@19:12 [plugin 
angular-compiler]

    src/app/pages/donor-d
ashboard/donor-dashboard.
component.html:137:82:
      137 Γöé ..."let r 
of donorRequests" [class]
="'urgency-border-' + 
r.urgency">
          Γò╡            
                         
 ~~~~~~~~~~~~~~~~~~~~~~~~
~~~~~

  Error occurs in the 
template of component 
DonorDashboardComponent.

    src/app/pages/donor-d
ashboard/donor-dashboard.
component.ts:16:15:
      16 Γöé   
templateUrl: './donor-das
hboard.component.html',
         Γò╡             
   ~~~~~~~~~~~~~~~~~~~~~~
~~~~~~~~~~~~


X [ERROR] NG5002: Parser 
Error: Unexpected token 
Available, expected 
identifier or keyword at 
column 22 in [ {{ 
donor.isAvailable . 
'Available' : 
'Unavailable' }} ] in C:/
Users/soura/Desktop/Blood
Connect/frontend/src/app/
pages/donor-dashboard/don
or-dashboard.component.ht
ml@19:12 [plugin 
angular-compiler]

    src/app/pages/donor-d
ashboard/donor-dashboard.
component.html:137:82:
      137 Γöé ..."let r 
of donorRequests" [class]
="'urgency-border-' + 
r.urgency">
          Γò╡            
                         
 ~~~~~~~~~~~~~~~~~~~~~~~~
~~~~~

  Error occurs in the 
template of component 
DonorDashboardComponent.

    src/app/pages/donor-d
ashboard/donor-dashboard.
component.ts:16:15:
      16 Γöé   
templateUrl: './donor-das
hboard.component.html',
         Γò╡             
   ~~~~~~~~~~~~~~~~~~~~~~
~~~~~~~~~~~~


X [ERROR] NG5002: Parser 
Error: Expected 
identifier for property 
access at the end of the 
expression [ {{ 
donor.isAvailable . 
'Available' : 
'Unavailable' }} ] in C:/
Users/soura/Desktop/Blood
Connect/frontend/src/app/
pages/donor-dashboard/don
or-dashboard.component.ht
ml@19:12 [plugin 
angular-compiler]

    src/app/pages/donor-d
ashboard/donor-dashboard.
component.html:140:39:
      140 Γöé ...    
<div class="avatar 
lg">{{ r.requester.name.c
harAt(0) }}</div>
          Γò╡            
                   ~~~~~~
~~~~~~~~~~~~~~~~~~~~~~~~~
~

  Error occurs in the 
template of component 
DonorDashboardComponent.

    src/app/pages/donor-d
ashboard/donor-dashboard.
component.ts:16:15:
      16 Γöé   
templateUrl: './donor-das
hboard.component.html',
         Γò╡             
   ~~~~~~~~~~~~~~~~~~~~~~
~~~~~~~~~~~~


X [ERROR] NG5002: Parser 
Error: Unexpected token 
Available, expected 
identifier or keyword at 
column 22 in [ {{ 
donor.isAvailable . 
'Available' : 
'Unavailable' }} ] in C:/
Users/soura/Desktop/Blood
Connect/frontend/src/app/
pages/donor-dashboard/don
or-dashboard.component.ht
ml@19:12 [plugin 
angular-compiler]

    src/app/pages/donor-d
ashboard/donor-dashboard.
component.html:140:39:
      140 Γöé ...    
<div class="avatar 
lg">{{ r.requester.name.c
harAt(0) }}</div>
          Γò╡            
                   ~~~~~~
~~~~~~~~~~~~~~~~~~~~~~~~~
~

  Error occurs in the 
template of component 
DonorDashboardComponent.

    src/app/pages/donor-d
ashboard/donor-dashboard.
component.ts:16:15:
      16 Γöé   
templateUrl: './donor-das
hboard.component.html',
         Γò╡             
   ~~~~~~~~~~~~~~~~~~~~~~
~~~~~~~~~~~~


X [ERROR] NG5002: Parser 
Error: Expected 
identifier for property 
access at the end of the 
expression [ {{ 
donor.isAvailable . 
'Available' : 
'Unavailable' }} ] in C:/
Users/soura/Desktop/Blood
Connect/frontend/src/app/
pages/donor-dashboard/don
or-dashboard.component.ht
ml@19:12 [plugin 
angular-compiler]

    src/app/pages/donor-d
ashboard/donor-dashboard.
component.html:142:22:
      142 Γöé            
       <h4>{{ 
r.requester.name }}</h4>
          Γò╡            
           
~~~~~~~~~~~~~~~~~~~~~~

  Error occurs in the 
template of component 
DonorDashboardComponent.

    src/app/pages/donor-d
ashboard/donor-dashboard.
component.ts:16:15:
      16 Γöé   
templateUrl: './donor-das
hboard.component.html',
         Γò╡             
   ~~~~~~~~~~~~~~~~~~~~~~
~~~~~~~~~~~~


X [ERROR] NG5002: Parser 
Error: Unexpected token 
Available, expected 
identifier or keyword at 
column 22 in [ {{ 
donor.isAvailable . 
'Available' : 
'Unavailable' }} ] in C:/
Users/soura/Desktop/Blood
Connect/frontend/src/app/
pages/donor-dashboard/don
or-dashboard.component.ht
ml@19:12 [plugin 
angular-compiler]

    src/app/pages/donor-d
ashboard/donor-dashboard.
component.html:142:22:
      142 Γöé            
       <h4>{{ 
r.requester.name }}</h4>
          Γò╡            
           
~~~~~~~~~~~~~~~~~~~~~~

  Error occurs in the 
template of component 
DonorDashboardComponent.

    src/app/pages/donor-d
ashboard/donor-dashboard.
component.ts:16:15:
      16 Γöé   
templateUrl: './donor-das
hboard.component.html',
         Γò╡             
   ~~~~~~~~~~~~~~~~~~~~~~
~~~~~~~~~~~~


X [ERROR] NG5002: Parser 
Error: Expected 
identifier for property 
access at the end of the 
expression [ {{ 
donor.isAvailable . 
'Available' : 
'Unavailable' }} ] in C:/
Users/soura/Desktop/Blood
Connect/frontend/src/app/
pages/donor-dashboard/don
or-dashboard.component.ht
ml@19:12 [plugin 
angular-compiler]

    src/app/pages/donor-d
ashboard/donor-dashboard.
component.html:143:69:
      143 Γöé 
...t-muted" style="font-s
ize:0.85rem">{{ 
r.requester.email 
}}</span>
          Γò╡            
                         
  ~~~~~~~~~~~~~~~~~~~~~~~

  Error occurs in the 
template of component 
DonorDashboardComponent.

    src/app/pages/donor-d
ashboard/donor-dashboard.
component.ts:16:15:
      16 Γöé   
templateUrl: './donor-das
hboard.component.html',
         Γò╡             
   ~~~~~~~~~~~~~~~~~~~~~~
~~~~~~~~~~~~


X [ERROR] NG5002: Parser 
Error: Unexpected token 
Available, expected 
identifier or keyword at 
column 22 in [ {{ 
donor.isAvailable . 
'Available' : 
'Unavailable' }} ] in C:/
Users/soura/Desktop/Blood
Connect/frontend/src/app/
pages/donor-dashboard/don
or-dashboard.component.ht
ml@19:12 [plugin 
angular-compiler]

    src/app/pages/donor-d
ashboard/donor-dashboard.
component.html:143:69:
      143 Γöé 
...t-muted" style="font-s
ize:0.85rem">{{ 
r.requester.email 
}}</span>
          Γò╡            
                         
  ~~~~~~~~~~~~~~~~~~~~~~~

  Error occurs in the 
template of component 
DonorDashboardComponent.

    src/app/pages/donor-d
ashboard/donor-dashboard.
component.ts:16:15:
      16 Γöé   
templateUrl: './donor-das
hboard.component.html',
         Γò╡             
   ~~~~~~~~~~~~~~~~~~~~~~
~~~~~~~~~~~~


X [ERROR] NG5002: Parser 
Error: Expected 
identifier for property 
access at the end of the 
expression [ {{ 
donor.isAvailable . 
'Available' : 
'Unavailable' }} ] in C:/
Users/soura/Desktop/Blood
Connect/frontend/src/app/
pages/donor-dashboard/don
or-dashboard.component.ht
ml@19:12 [plugin 
angular-compiler]

    src/app/pages/donor-d
ashboard/donor-dashboard.
component.html:147:45:
      147 Γöé ...        
   <span 
class="blood-badge 
lg">{{ r.bloodGroup 
}}</span>
          Γò╡            
                         
       ~~~~~~~~~~~~~~~~~~

  Error occurs in the 
template of component 
DonorDashboardComponent.

    src/app/pages/donor-d
ashboard/donor-dashboard.
component.ts:16:15:
      16 Γöé   
templateUrl: './donor-das
hboard.component.html',
         Γò╡             
   ~~~~~~~~~~~~~~~~~~~~~~
~~~~~~~~~~~~


X [ERROR] NG5002: Parser 
Error: Unexpected token 
Available, expected 
identifier or keyword at 
column 22 in [ {{ 
donor.isAvailable . 
'Available' : 
'Unavailable' }} ] in C:/
Users/soura/Desktop/Blood
Connect/frontend/src/app/
pages/donor-dashboard/don
or-dashboard.component.ht
ml@19:12 [plugin 
angular-compiler]

    src/app/pages/donor-d
ashboard/donor-dashboard.
component.html:147:45:
      147 Γöé ...        
   <span 
class="blood-badge 
lg">{{ r.bloodGroup 
}}</span>
          Γò╡            
                         
       ~~~~~~~~~~~~~~~~~~

  Error occurs in the 
template of component 
DonorDashboardComponent.

    src/app/pages/donor-d
ashboard/donor-dashboard.
component.ts:16:15:
      16 Γöé   
templateUrl: './donor-das
hboard.component.html',
         Γò╡             
   ~~~~~~~~~~~~~~~~~~~~~~
~~~~~~~~~~~~


X [ERROR] NG5002: Parser 
Error: Expected 
identifier for property 
access at the end of the 
expression [ {{ 
donor.isAvailable . 
'Available' : 
'Unavailable' }} ] in C:/
Users/soura/Desktop/Blood
Connect/frontend/src/app/
pages/donor-dashboard/don
or-dashboard.component.ht
ml@19:12 [plugin 
angular-compiler]

    src/app/pages/donor-d
ashboard/donor-dashboard.
component.html:148:29:
      148 Γöé ... <span 
class="urgency-badge urge
ncy-{{r.urgency}}">{{ 
r.urgenc...
          Γò╡            
      ~~~~~~~~~~~~~~~~~~~
~~~~~~~~~~~~~~~~

  Error occurs in the 
template of component 
DonorDashboardComponent.

    src/app/pages/donor-d
ashboard/donor-dashboard.
component.ts:16:15:
      16 Γöé   
templateUrl: './donor-das
hboard.component.html',
         Γò╡             
   ~~~~~~~~~~~~~~~~~~~~~~
~~~~~~~~~~~~


X [ERROR] NG5002: Parser 
Error: Unexpected token 
Available, expected 
identifier or keyword at 
column 22 in [ {{ 
donor.isAvailable . 
'Available' : 
'Unavailable' }} ] in C:/
Users/soura/Desktop/Blood
Connect/frontend/src/app/
pages/donor-dashboard/don
or-dashboard.component.ht
ml@19:12 [plugin 
angular-compiler]

    src/app/pages/donor-d
ashboard/donor-dashboard.
component.html:148:29:
      148 Γöé ... <span 
class="urgency-badge urge
ncy-{{r.urgency}}">{{ 
r.urgenc...
          Γò╡            
      ~~~~~~~~~~~~~~~~~~~
~~~~~~~~~~~~~~~~

  Error occurs in the 
template of component 
DonorDashboardComponent.

    src/app/pages/donor-d
ashboard/donor-dashboard.
component.ts:16:15:
      16 Γöé   
templateUrl: './donor-das
hboard.component.html',
         Γò╡             
   ~~~~~~~~~~~~~~~~~~~~~~
~~~~~~~~~~~~


X [ERROR] NG5002: Parser 
Error: Expected 
identifier for property 
access at the end of the 
expression [ {{ 
donor.isAvailable . 
'Available' : 
'Unavailable' }} ] in C:/
Users/soura/Desktop/Blood
Connect/frontend/src/app/
pages/donor-dashboard/don
or-dashboard.component.ht
ml@19:12 [plugin 
angular-compiler]

    src/app/pages/donor-d
ashboard/donor-dashboard.
component.html:148:66:
      148 Γöé 
...lass="urgency-badge ur
gency-{{r.urgency}}">{{ 
r.urgency }}</span>
          Γò╡            
                         
          ~~~~~~~~~~~~~~~

  Error occurs in the 
template of component 
DonorDashboardComponent.

    src/app/pages/donor-d
ashboard/donor-dashboard.
component.ts:16:15:
      16 Γöé   
templateUrl: './donor-das
hboard.component.html',
         Γò╡             
   ~~~~~~~~~~~~~~~~~~~~~~
~~~~~~~~~~~~


X [ERROR] NG5002: Parser 
Error: Unexpected token 
Available, expected 
identifier or keyword at 
column 22 in [ {{ 
donor.isAvailable . 
'Available' : 
'Unavailable' }} ] in C:/
Users/soura/Desktop/Blood
Connect/frontend/src/app/
pages/donor-dashboard/don
or-dashboard.component.ht
ml@19:12 [plugin 
angular-compiler]

    src/app/pages/donor-d
ashboard/donor-dashboard.
component.html:148:66:
      148 Γöé 
...lass="urgency-badge ur
gency-{{r.urgency}}">{{ 
r.urgency }}</span>
          Γò╡            
                         
          ~~~~~~~~~~~~~~~

  Error occurs in the 
template of component 
DonorDashboardComponent.

    src/app/pages/donor-d
ashboard/donor-dashboard.
component.ts:16:15:
      16 Γöé   
templateUrl: './donor-das
hboard.component.html',
         Γò╡             
   ~~~~~~~~~~~~~~~~~~~~~~
~~~~~~~~~~~~


X [ERROR] NG5002: Parser 
Error: Expected 
identifier for property 
access at the end of the 
expression [ {{ 
donor.isAvailable . 
'Available' : 
'Unavailable' }} ] in C:/
Users/soura/Desktop/Blood
Connect/frontend/src/app/
pages/donor-dashboard/don
or-dashboard.component.ht
ml@19:12 [plugin 
angular-compiler]

    src/app/pages/donor-d
ashboard/donor-dashboard.
component.html:149:29:
      149 Γöé ...  <span 
class="status-badge 
status-{{r.status}}">{{ 
r.status }...
          Γò╡            
       ~~~~~~~~~~~~~~~~~~
~~~~~~~~~~~~~~

  Error occurs in the 
template of component 
DonorDashboardComponent.

    src/app/pages/donor-d
ashboard/donor-dashboard.
component.ts:16:15:
      16 Γöé   
templateUrl: './donor-das
hboard.component.html',
         Γò╡             
   ~~~~~~~~~~~~~~~~~~~~~~
~~~~~~~~~~~~


X [ERROR] NG5002: Parser 
Error: Unexpected token 
Available, expected 
identifier or keyword at 
column 22 in [ {{ 
donor.isAvailable . 
'Available' : 
'Unavailable' }} ] in C:/
Users/soura/Desktop/Blood
Connect/frontend/src/app/
pages/donor-dashboard/don
or-dashboard.component.ht
ml@19:12 [plugin 
angular-compiler]

    src/app/pages/donor-d
ashboard/donor-dashboard.
component.html:149:29:
      149 Γöé ...  <span 
class="status-badge 
status-{{r.status}}">{{ 
r.status }...
          Γò╡            
       ~~~~~~~~~~~~~~~~~~
~~~~~~~~~~~~~~

  Error occurs in the 
template of component 
DonorDashboardComponent.

    src/app/pages/donor-d
ashboard/donor-dashboard.
component.ts:16:15:
      16 Γöé   
templateUrl: './donor-das
hboard.component.html',
         Γò╡             
   ~~~~~~~~~~~~~~~~~~~~~~
~~~~~~~~~~~~


X [ERROR] NG5002: Parser 
Error: Expected 
identifier for property 
access at the end of the 
expression [ {{ 
donor.isAvailable . 
'Available' : 
'Unavailable' }} ] in C:/
Users/soura/Desktop/Blood
Connect/frontend/src/app/
pages/donor-dashboard/don
or-dashboard.component.ht
ml@19:12 [plugin 
angular-compiler]

    src/app/pages/donor-d
ashboard/donor-dashboard.
component.html:149:63:
      149 Γöé ...an 
class="status-badge 
status-{{r.status}}">{{ 
r.status }}</span>
          Γò╡            
                         
           ~~~~~~~~~~~~~~

  Error occurs in the 
template of component 
DonorDashboardComponent.

    src/app/pages/donor-d
ashboard/donor-dashboard.
component.ts:16:15:
      16 Γöé   
templateUrl: './donor-das
hboard.component.html',
         Γò╡             
   ~~~~~~~~~~~~~~~~~~~~~~
~~~~~~~~~~~~


X [ERROR] NG5002: Parser 
Error: Unexpected token 
Available, expected 
identifier or keyword at 
column 22 in [ {{ 
donor.isAvailable . 
'Available' : 
'Unavailable' }} ] in C:/
Users/soura/Desktop/Blood
Connect/frontend/src/app/
pages/donor-dashboard/don
or-dashboard.component.ht
ml@19:12 [plugin 
angular-compiler]

    src/app/pages/donor-d
ashboard/donor-dashboard.
component.html:149:63:
      149 Γöé ...an 
class="status-badge 
status-{{r.status}}">{{ 
r.status }}</span>
          Γò╡            
                         
           ~~~~~~~~~~~~~~

  Error occurs in the 
template of component 
DonorDashboardComponent.

    src/app/pages/donor-d
ashboard/donor-dashboard.
component.ts:16:15:
      16 Γöé   
templateUrl: './donor-das
hboard.component.html',
         Γò╡             
   ~~~~~~~~~~~~~~~~~~~~~~
~~~~~~~~~~~~


X [ERROR] NG5002: Parser 
Error: Expected 
identifier for property 
access at the end of the 
expression [ {{ 
donor.isAvailable . 
'Available' : 
'Unavailable' }} ] in C:/
Users/soura/Desktop/Blood
Connect/frontend/src/app/
pages/donor-dashboard/don
or-dashboard.component.ht
ml@19:12 [plugin 
angular-compiler]

    src/app/pages/donor-d
ashboard/donor-dashboard.
component.html:156:38:
      156 Γöé            
     <span 
class="rcd-val">{{ 
r.patientName }}</span>
          Γò╡            
                         
  ~~~~~~~~~~~~~~~~~~~

  Error occurs in the 
template of component 
DonorDashboardComponent.

    src/app/pages/donor-d
ashboard/donor-dashboard.
component.ts:16:15:
      16 Γöé   
templateUrl: './donor-das
hboard.component.html',
         Γò╡             
   ~~~~~~~~~~~~~~~~~~~~~~
~~~~~~~~~~~~


X [ERROR] NG5002: Parser 
Error: Unexpected token 
Available, expected 
identifier or keyword at 
column 22 in [ {{ 
donor.isAvailable . 
'Available' : 
'Unavailable' }} ] in C:/
Users/soura/Desktop/Blood
Connect/frontend/src/app/
pages/donor-dashboard/don
or-dashboard.component.ht
ml@19:12 [plugin 
angular-compiler]

    src/app/pages/donor-d
ashboard/donor-dashboard.
component.html:156:38:
      156 Γöé            
     <span 
class="rcd-val">{{ 
r.patientName }}</span>
          Γò╡            
                         
  ~~~~~~~~~~~~~~~~~~~

  Error occurs in the 
template of component 
DonorDashboardComponent.

    src/app/pages/donor-d
ashboard/donor-dashboard.
component.ts:16:15:
      16 Γöé   
templateUrl: './donor-das
hboard.component.html',
         Γò╡             
   ~~~~~~~~~~~~~~~~~~~~~~
~~~~~~~~~~~~


X [ERROR] NG5002: Parser 
Error: Expected 
identifier for property 
access at the end of the 
expression [ {{ 
donor.isAvailable . 
'Available' : 
'Unavailable' }} ] in C:/
Users/soura/Desktop/Blood
Connect/frontend/src/app/
pages/donor-dashboard/don
or-dashboard.component.ht
ml@19:12 [plugin 
angular-compiler]

    src/app/pages/donor-d
ashboard/donor-dashboard.
component.html:160:38:
      160 Γöé 
...ass="rcd-val">{{ 
r.hospital.name }}, {{ 
r.hospital.city }}</span>
          Γò╡            
      ~~~~~~~~~~~~~~~~~~~
~~~~~~~~~~~~~~~~~~~~~~~~~

  Error occurs in the 
template of component 
DonorDashboardComponent.

    src/app/pages/donor-d
ashboard/donor-dashboard.
component.ts:16:15:
      16 Γöé   
templateUrl: './donor-das
hboard.component.html',
         Γò╡             
   ~~~~~~~~~~~~~~~~~~~~~~
~~~~~~~~~~~~


X [ERROR] NG5002: Parser 
Error: Unexpected token 
Available, expected 
identifier or keyword at 
column 22 in [ {{ 
donor.isAvailable . 
'Available' : 
'Unavailable' }} ] in C:/
Users/soura/Desktop/Blood
Connect/frontend/src/app/
pages/donor-dashboard/don
or-dashboard.component.ht
ml@19:12 [plugin 
angular-compiler]

    src/app/pages/donor-d
ashboard/donor-dashboard.
component.html:160:38:
      160 Γöé 
...ass="rcd-val">{{ 
r.hospital.name }}, {{ 
r.hospital.city }}</span>
          Γò╡            
      ~~~~~~~~~~~~~~~~~~~
~~~~~~~~~~~~~~~~~~~~~~~~~

  Error occurs in the 
template of component 
DonorDashboardComponent.

    src/app/pages/donor-d
ashboard/donor-dashboard.
component.ts:16:15:
      16 Γöé   
templateUrl: './donor-das
hboard.component.html',
         Γò╡             
   ~~~~~~~~~~~~~~~~~~~~~~
~~~~~~~~~~~~


X [ERROR] NG5002: Parser 
Error: Expected 
identifier for property 
access at the end of the 
expression [ {{ 
donor.isAvailable . 
'Available' : 
'Unavailable' }} ] in C:/
Users/soura/Desktop/Blood
Connect/frontend/src/app/
pages/donor-dashboard/don
or-dashboard.component.ht
ml@19:12 [plugin 
angular-compiler]

    src/app/pages/donor-d
ashboard/donor-dashboard.
component.html:164:38:
      164 Γöé            
     <span 
class="rcd-val">{{ 
r.unitsRequired }}</span>
          Γò╡            
                         
  ~~~~~~~~~~~~~~~~~~~~~

  Error occurs in the 
template of component 
DonorDashboardComponent.

    src/app/pages/donor-d
ashboard/donor-dashboard.
component.ts:16:15:
      16 Γöé   
templateUrl: './donor-das
hboard.component.html',
         Γò╡             
   ~~~~~~~~~~~~~~~~~~~~~~
~~~~~~~~~~~~


X [ERROR] NG5002: Parser 
Error: Unexpected token 
Available, expected 
identifier or keyword at 
column 22 in [ {{ 
donor.isAvailable . 
'Available' : 
'Unavailable' }} ] in C:/
Users/soura/Desktop/Blood
Connect/frontend/src/app/
pages/donor-dashboard/don
or-dashboard.component.ht
ml@19:12 [plugin 
angular-compiler]

    src/app/pages/donor-d
ashboard/donor-dashboard.
component.html:164:38:
      164 Γöé            
     <span 
class="rcd-val">{{ 
r.unitsRequired }}</span>
          Γò╡            
                         
  ~~~~~~~~~~~~~~~~~~~~~

  Error occurs in the 
template of component 
DonorDashboardComponent.

    src/app/pages/donor-d
ashboard/donor-dashboard.
component.ts:16:15:
      16 Γöé   
templateUrl: './donor-das
hboard.component.html',
         Γò╡             
   ~~~~~~~~~~~~~~~~~~~~~~
~~~~~~~~~~~~


X [ERROR] NG5002: Parser 
Error: Expected 
identifier for property 
access at the end of the 
expression [ {{ 
donor.isAvailable . 
'Available' : 
'Unavailable' }} ] in C:/
Users/soura/Desktop/Blood
Connect/frontend/src/app/
pages/donor-dashboard/don
or-dashboard.component.ht
ml@19:12 [plugin 
angular-compiler]

    src/app/pages/donor-d
ashboard/donor-dashboard.
component.html:168:38:
      168 Γöé ...        
    <span 
class="rcd-val">{{ 
r.requesterContact 
}}</span>
          Γò╡            
                         
 ~~~~~~~~~~~~~~~~~~~~~~~~

  Error occurs in the 
template of component 
DonorDashboardComponent.

    src/app/pages/donor-d
ashboard/donor-dashboard.
component.ts:16:15:
      16 Γöé   
templateUrl: './donor-das
hboard.component.html',
         Γò╡             
   ~~~~~~~~~~~~~~~~~~~~~~
~~~~~~~~~~~~


X [ERROR] NG5002: Parser 
Error: Unexpected token 
Available, expected 
identifier or keyword at 
column 22 in [ {{ 
donor.isAvailable . 
'Available' : 
'Unavailable' }} ] in C:/
Users/soura/Desktop/Blood
Connect/frontend/src/app/
pages/donor-dashboard/don
or-dashboard.component.ht
ml@19:12 [plugin 
angular-compiler]

    src/app/pages/donor-d
ashboard/donor-dashboard.
component.html:168:38:
      168 Γöé ...        
    <span 
class="rcd-val">{{ 
r.requesterContact 
}}</span>
          Γò╡            
                         
 ~~~~~~~~~~~~~~~~~~~~~~~~

  Error occurs in the 
template of component 
DonorDashboardComponent.

    src/app/pages/donor-d
ashboard/donor-dashboard.
component.ts:16:15:
      16 Γöé   
templateUrl: './donor-das
hboard.component.html',
         Γò╡             
   ~~~~~~~~~~~~~~~~~~~~~~
~~~~~~~~~~~~


X [ERROR] NG5002: Parser 
Error: Expected 
identifier for property 
access at the end of the 
expression [ {{ 
donor.isAvailable . 
'Available' : 
'Unavailable' }} ] in C:/
Users/soura/Desktop/Blood
Connect/frontend/src/app/
pages/donor-dashboard/don
or-dashboard.component.ht
ml@19:12 [plugin 
angular-compiler]

    src/app/pages/donor-d
ashboard/donor-dashboard.
component.html:172:38:
      172 Γöé 
...ass="rcd-val">{{ 
r.neededBy | date:'dd 
MMM yyyy, HH:mm' 
}}</span>
          Γò╡            
      ~~~~~~~~~~~~~~~~~~~
~~~~~~~~~~~~~~~~~~~~~~~~~

  Error occurs in the 
template of component 
DonorDashboardComponent.

    src/app/pages/donor-d
ashboard/donor-dashboard.
component.ts:16:15:
      16 Γöé   
templateUrl: './donor-das
hboard.component.html',
         Γò╡             
   ~~~~~~~~~~~~~~~~~~~~~~
~~~~~~~~~~~~


X [ERROR] NG5002: Parser 
Error: Unexpected token 
Available, expected 
identifier or keyword at 
column 22 in [ {{ 
donor.isAvailable . 
'Available' : 
'Unavailable' }} ] in C:/
Users/soura/Desktop/Blood
Connect/frontend/src/app/
pages/donor-dashboard/don
or-dashboard.component.ht
ml@19:12 [plugin 
angular-compiler]

    src/app/pages/donor-d
ashboard/donor-dashboard.
component.html:172:38:
      172 Γöé 
...ass="rcd-val">{{ 
r.neededBy | date:'dd 
MMM yyyy, HH:mm' 
}}</span>
          Γò╡            
      ~~~~~~~~~~~~~~~~~~~
~~~~~~~~~~~~~~~~~~~~~~~~~

  Error occurs in the 
template of component 
DonorDashboardComponent.

    src/app/pages/donor-d
ashboard/donor-dashboard.
component.ts:16:15:
      16 Γöé   
templateUrl: './donor-das
hboard.component.html',
         Γò╡             
   ~~~~~~~~~~~~~~~~~~~~~~
~~~~~~~~~~~~


X [ERROR] NG5002: Parser 
Error: Expected 
identifier for property 
access at the end of the 
expression [ {{ 
donor.isAvailable . 
'Available' : 
'Unavailable' }} ] in C:/
Users/soura/Desktop/Blood
Connect/frontend/src/app/
pages/donor-dashboard/don
or-dashboard.component.ht
ml@19:12 [plugin 
angular-compiler]

    src/app/pages/donor-d
ashboard/donor-dashboard.
component.html:176:38:
      176 Γöé ...pan 
class="rcd-val">{{ 
r.createdAt | date:'dd 
MMM yyyy' }}</span>
          Γò╡            
            ~~~~~~~~~~~~~
~~~~~~~~~~~~~~~~~~~~~~~~~

  Error occurs in the 
template of component 
DonorDashboardComponent.

    src/app/pages/donor-d
ashboard/donor-dashboard.
component.ts:16:15:
      16 Γöé   
templateUrl: './donor-das
hboard.component.html',
         Γò╡             
   ~~~~~~~~~~~~~~~~~~~~~~
~~~~~~~~~~~~


X [ERROR] NG5002: Parser 
Error: Unexpected token 
Available, expected 
identifier or keyword at 
column 22 in [ {{ 
donor.isAvailable . 
'Available' : 
'Unavailable' }} ] in C:/
Users/soura/Desktop/Blood
Connect/frontend/src/app/
pages/donor-dashboard/don
or-dashboard.component.ht
ml@19:12 [plugin 
angular-compiler]

    src/app/pages/donor-d
ashboard/donor-dashboard.
component.html:176:38:
      176 Γöé ...pan 
class="rcd-val">{{ 
r.createdAt | date:'dd 
MMM yyyy' }}</span>
          Γò╡            
            ~~~~~~~~~~~~~
~~~~~~~~~~~~~~~~~~~~~~~~~

  Error occurs in the 
template of component 
DonorDashboardComponent.

    src/app/pages/donor-d
ashboard/donor-dashboard.
component.ts:16:15:
      16 Γöé   
templateUrl: './donor-das
hboard.component.html',
         Γò╡             
   ~~~~~~~~~~~~~~~~~~~~~~
~~~~~~~~~~~~


X [ERROR] NG5002: Parser 
Error: Expected 
identifier for property 
access at the end of the 
expression [ {{ 
donor.isAvailable . 
'Available' : 
'Unavailable' }} ] in C:/
Users/soura/Desktop/Blood
Connect/frontend/src/app/
pages/donor-dashboard/don
or-dashboard.component.ht
ml@19:12 [plugin 
angular-compiler]

    src/app/pages/donor-d
ashboard/donor-dashboard.
component.html:180:49:
      180 Γöé            
 <div class="rc-message 
card-surface" 
*ngIf="r.message">
          Γò╡            
                         
             
~~~~~~~~~~~~~~~~~

  Error occurs in the 
template of component 
DonorDashboardComponent.

    src/app/pages/donor-d
ashboard/donor-dashboard.
component.ts:16:15:
      16 Γöé   
templateUrl: './donor-das
hboard.component.html',
         Γò╡             
   ~~~~~~~~~~~~~~~~~~~~~~
~~~~~~~~~~~~


X [ERROR] NG5002: Parser 
Error: Unexpected token 
Available, expected 
identifier or keyword at 
column 22 in [ {{ 
donor.isAvailable . 
'Available' : 
'Unavailable' }} ] in C:/
Users/soura/Desktop/Blood
Connect/frontend/src/app/
pages/donor-dashboard/don
or-dashboard.component.ht
ml@19:12 [plugin 
angular-compiler]

    src/app/pages/donor-d
ashboard/donor-dashboard.
component.html:180:49:
      180 Γöé            
 <div class="rc-message 
card-surface" 
*ngIf="r.message">
          Γò╡            
                         
             
~~~~~~~~~~~~~~~~~

  Error occurs in the 
template of component 
DonorDashboardComponent.

    src/app/pages/donor-d
ashboard/donor-dashboard.
component.ts:16:15:
      16 Γöé   
templateUrl: './donor-das
hboard.component.html',
         Γò╡             
   ~~~~~~~~~~~~~~~~~~~~~~
~~~~~~~~~~~~


X [ERROR] NG5002: Parser 
Error: Expected 
identifier for property 
access at the end of the 
expression [ {{ 
donor.isAvailable . 
'Available' : 
'Unavailable' }} ] in C:/
Users/soura/Desktop/Blood
Connect/frontend/src/app/
pages/donor-dashboard/don
or-dashboard.component.ht
ml@19:12 [plugin 
angular-compiler]

    src/app/pages/donor-d
ashboard/donor-dashboard.
component.html:181:40:
      181 Γöé            
   <strong>Message:</stro
ng> {{ r.message }}
          Γò╡            
                         
    ~~~~~~~~~~~~~~~

  Error occurs in the 
template of component 
DonorDashboardComponent.

    src/app/pages/donor-d
ashboard/donor-dashboard.
component.ts:16:15:
      16 Γöé   
templateUrl: './donor-das
hboard.component.html',
         Γò╡             
   ~~~~~~~~~~~~~~~~~~~~~~
~~~~~~~~~~~~


X [ERROR] NG5002: Parser 
Error: Unexpected token 
Available, expected 
identifier or keyword at 
column 22 in [ {{ 
donor.isAvailable . 
'Available' : 
'Unavailable' }} ] in C:/
Users/soura/Desktop/Blood
Connect/frontend/src/app/
pages/donor-dashboard/don
or-dashboard.component.ht
ml@19:12 [plugin 
angular-compiler]

    src/app/pages/donor-d
ashboard/donor-dashboard.
component.html:181:40:
      181 Γöé            
   <strong>Message:</stro
ng> {{ r.message }}
          Γò╡            
                         
    ~~~~~~~~~~~~~~~

  Error occurs in the 
template of component 
DonorDashboardComponent.

    src/app/pages/donor-d
ashboard/donor-dashboard.
component.ts:16:15:
      16 Γöé   
templateUrl: './donor-das
hboard.component.html',
         Γò╡             
   ~~~~~~~~~~~~~~~~~~~~~~
~~~~~~~~~~~~


X [ERROR] NG5002: Parser 
Error: Expected 
identifier for property 
access at the end of the 
expression [ {{ 
donor.isAvailable . 
'Available' : 
'Unavailable' }} ] in C:/
Users/soura/Desktop/Blood
Connect/frontend/src/app/
pages/donor-dashboard/don
or-dashboard.component.ht
ml@19:12 [plugin 
angular-compiler]

    src/app/pages/donor-d
ashboard/donor-dashboard.
component.html:185:36:
      185 Γöé            
 <div class="rc-actions" 
*ngIf="r.status === 
'pending'">
          Γò╡            
                         
~~~~~~~~~~~~~~~~~~~~~~~~~
~~~~~

  Error occurs in the 
template of component 
DonorDashboardComponent.

    src/app/pages/donor-d
ashboard/donor-dashboard.
component.ts:16:15:
      16 Γöé   
templateUrl: './donor-das
hboard.component.html',
         Γò╡             
   ~~~~~~~~~~~~~~~~~~~~~~
~~~~~~~~~~~~


X [ERROR] NG5002: Parser 
Error: Unexpected token 
Available, expected 
identifier or keyword at 
column 22 in [ {{ 
donor.isAvailable . 
'Available' : 
'Unavailable' }} ] in C:/
Users/soura/Desktop/Blood
Connect/frontend/src/app/
pages/donor-dashboard/don
or-dashboard.component.ht
ml@19:12 [plugin 
angular-compiler]

    src/app/pages/donor-d
ashboard/donor-dashboard.
component.html:185:36:
      185 Γöé            
 <div class="rc-actions" 
*ngIf="r.status === 
'pending'">
          Γò╡            
                         
~~~~~~~~~~~~~~~~~~~~~~~~~
~~~~~

  Error occurs in the 
template of component 
DonorDashboardComponent.

    src/app/pages/donor-d
ashboard/donor-dashboard.
component.ts:16:15:
      16 Γöé   
templateUrl: './donor-das
hboard.component.html',
         Γò╡             
   ~~~~~~~~~~~~~~~~~~~~~~
~~~~~~~~~~~~


X [ERROR] NG5002: Parser 
Error: Expected 
identifier for property 
access at the end of the 
expression [ {{ 
donor.isAvailable . 
'Available' : 
'Unavailable' }} ] in C:/
Users/soura/Desktop/Blood
Connect/frontend/src/app/
pages/donor-dashboard/don
or-dashboard.component.ht
ml@19:12 [plugin 
angular-compiler]

    src/app/pages/donor-d
ashboard/donor-dashboard.
component.html:186:110:
      186 Γöé 
...ssage..." [(ngModel)]=
"responseMessages[r._id]"
 style="flex:1" />
          Γò╡            
               
~~~~~~~~~~~~~~~~~~~~~~~

  Error occurs in the 
template of component 
DonorDashboardComponent.

    src/app/pages/donor-d
ashboard/donor-dashboard.
component.ts:16:15:
      16 Γöé   
templateUrl: './donor-das
hboard.component.html',
         Γò╡             
   ~~~~~~~~~~~~~~~~~~~~~~
~~~~~~~~~~~~


X [ERROR] NG5002: Parser 
Error: Expected 
identifier for property 
access at the end of the 
expression [ {{ 
donor.isAvailable . 
'Available' : 
'Unavailable' }} ] in C:/
Users/soura/Desktop/Blood
Connect/frontend/src/app/
pages/donor-dashboard/don
or-dashboard.component.ht
ml@19:12 [plugin 
angular-compiler]

    src/app/pages/donor-d
ashboard/donor-dashboard.
component.html:186:110:
      186 Γöé 
...ssage..." [(ngModel)]=
"responseMessages[r._id]"
 style="flex:1" />
          Γò╡            
               
~~~~~~~~~~~~~~~~~~~~~~~

  Error occurs in the 
template of component 
DonorDashboardComponent.

    src/app/pages/donor-d
ashboard/donor-dashboard.
component.ts:16:15:
      16 Γöé   
templateUrl: './donor-das
hboard.component.html',
         Γò╡             
   ~~~~~~~~~~~~~~~~~~~~~~
~~~~~~~~~~~~


X [ERROR] NG5002: Parser 
Error: Unexpected token 
Available, expected 
identifier or keyword at 
column 22 in [ {{ 
donor.isAvailable . 
'Available' : 
'Unavailable' }} ] in C:/
Users/soura/Desktop/Blood
Connect/frontend/src/app/
pages/donor-dashboard/don
or-dashboard.component.ht
ml@19:12 [plugin 
angular-compiler]

    src/app/pages/donor-d
ashboard/donor-dashboard.
component.html:186:110:
      186 Γöé 
...ssage..." [(ngModel)]=
"responseMessages[r._id]"
 style="flex:1" />
          Γò╡            
               
~~~~~~~~~~~~~~~~~~~~~~~

  Error occurs in the 
template of component 
DonorDashboardComponent.

    src/app/pages/donor-d
ashboard/donor-dashboard.
component.ts:16:15:
      16 Γöé   
templateUrl: './donor-das
hboard.component.html',
         Γò╡             
   ~~~~~~~~~~~~~~~~~~~~~~
~~~~~~~~~~~~


X [ERROR] NG5002: Parser 
Error: Unexpected token 
Available, expected 
identifier or keyword at 
column 22 in [ {{ 
donor.isAvailable . 
'Available' : 
'Unavailable' }} ] in C:/
Users/soura/Desktop/Blood
Connect/frontend/src/app/
pages/donor-dashboard/don
or-dashboard.component.ht
ml@19:12 [plugin 
angular-compiler]

    src/app/pages/donor-d
ashboard/donor-dashboard.
component.html:186:110:
      186 Γöé 
...ssage..." [(ngModel)]=
"responseMessages[r._id]"
 style="flex:1" />
          Γò╡            
               
~~~~~~~~~~~~~~~~~~~~~~~

  Error occurs in the 
template of component 
DonorDashboardComponent.

    src/app/pages/donor-d
ashboard/donor-dashboard.
component.ts:16:15:
      16 Γöé   
templateUrl: './donor-das
hboard.component.html',
         Γò╡             
   ~~~~~~~~~~~~~~~~~~~~~~
~~~~~~~~~~~~


X [ERROR] NG5002: Parser 
Error: Expected 
identifier for property 
access at the end of the 
expression [ {{ 
donor.isAvailable . 
'Available' : 
'Unavailable' }} ] in C:/
Users/soura/Desktop/Blood
Connect/frontend/src/app/
pages/donor-dashboard/don
or-dashboard.component.ht
ml@19:12 [plugin 
angular-compiler]

    src/app/pages/donor-d
ashboard/donor-dashboard.
component.html:187:62:
      187 Γöé ... 
(click)="respond(r._id, 
'accepted', responseMessa
ges[r._id])"...
          Γò╡            
  ~~~~~~~~~~~~~~~~~~~~~~~
~~~~~~~~~~~~~~~~~~~~~~~~~
~~~

  Error occurs in the 
template of component 
DonorDashboardComponent.

    src/app/pages/donor-d
ashboard/donor-dashboard.
component.ts:16:15:
      16 Γöé   
templateUrl: './donor-das
hboard.component.html',
         Γò╡             
   ~~~~~~~~~~~~~~~~~~~~~~
~~~~~~~~~~~~


X [ERROR] NG5002: Parser 
Error: Unexpected token 
Available, expected 
identifier or keyword at 
column 22 in [ {{ 
donor.isAvailable . 
'Available' : 
'Unavailable' }} ] in C:/
Users/soura/Desktop/Blood
Connect/frontend/src/app/
pages/donor-dashboard/don
or-dashboard.component.ht
ml@19:12 [plugin 
angular-compiler]

    src/app/pages/donor-d
ashboard/donor-dashboard.
component.html:187:62:
      187 Γöé ... 
(click)="respond(r._id, 
'accepted', responseMessa
ges[r._id])"...
          Γò╡            
  ~~~~~~~~~~~~~~~~~~~~~~~
~~~~~~~~~~~~~~~~~~~~~~~~~
~~~

  Error occurs in the 
template of component 
DonorDashboardComponent.

    src/app/pages/donor-d
ashboard/donor-dashboard.
component.ts:16:15:
      16 Γöé   
templateUrl: './donor-das
hboard.component.html',
         Γò╡             
   ~~~~~~~~~~~~~~~~~~~~~~
~~~~~~~~~~~~


X [ERROR] NG5002: Parser 
Error: Expected 
identifier for property 
access at the end of the 
expression [ {{ 
donor.isAvailable . 
'Available' : 
'Unavailable' }} ] in C:/
Users/soura/Desktop/Blood
Connect/frontend/src/app/
pages/donor-dashboard/don
or-dashboard.component.ht
ml@19:12 [plugin 
angular-compiler]

    src/app/pages/donor-d
ashboard/donor-dashboard.
component.html:188:61:
      188 Γöé ... 
(click)="respond(r._id, 
'rejected', responseMessa
ges[r._id])"...
          Γò╡            
  ~~~~~~~~~~~~~~~~~~~~~~~
~~~~~~~~~~~~~~~~~~~~~~~~~
~~~

  Error occurs in the 
template of component 
DonorDashboardComponent.

    src/app/pages/donor-d
ashboard/donor-dashboard.
component.ts:16:15:
      16 Γöé   
templateUrl: './donor-das
hboard.component.html',
         Γò╡             
   ~~~~~~~~~~~~~~~~~~~~~~
~~~~~~~~~~~~


X [ERROR] NG5002: Parser 
Error: Unexpected token 
Available, expected 
identifier or keyword at 
column 22 in [ {{ 
donor.isAvailable . 
'Available' : 
'Unavailable' }} ] in C:/
Users/soura/Desktop/Blood
Connect/frontend/src/app/
pages/donor-dashboard/don
or-dashboard.component.ht
ml@19:12 [plugin 
angular-compiler]

    src/app/pages/donor-d
ashboard/donor-dashboard.
component.html:188:61:
      188 Γöé ... 
(click)="respond(r._id, 
'rejected', responseMessa
ges[r._id])"...
          Γò╡            
  ~~~~~~~~~~~~~~~~~~~~~~~
~~~~~~~~~~~~~~~~~~~~~~~~~
~~~

  Error occurs in the 
template of component 
DonorDashboardComponent.

    src/app/pages/donor-d
ashboard/donor-dashboard.
component.ts:16:15:
      16 Γöé   
templateUrl: './donor-das
hboard.component.html',
         Γò╡             
   ~~~~~~~~~~~~~~~~~~~~~~
~~~~~~~~~~~~


X [ERROR] NG5002: Parser 
Error: Expected 
identifier for property 
access at the end of the 
expression [ {{ 
donor.isAvailable . 
'Available' : 
'Unavailable' }} ] in C:/
Users/soura/Desktop/Blood
Connect/frontend/src/app/
pages/donor-dashboard/don
or-dashboard.component.ht
ml@19:12 [plugin 
angular-compiler]

    src/app/pages/donor-d
ashboard/donor-dashboard.
component.html:191:37:
      191 Γöé            
 <div 
class="rc-response" *ngIf
="r.responseMessage">
          Γò╡            
                         
 
~~~~~~~~~~~~~~~~~~~~~~~~~

  Error occurs in the 
template of component 
DonorDashboardComponent.

    src/app/pages/donor-d
ashboard/donor-dashboard.
component.ts:16:15:
      16 Γöé   
templateUrl: './donor-das
hboard.component.html',
         Γò╡             
   ~~~~~~~~~~~~~~~~~~~~~~
~~~~~~~~~~~~


X [ERROR] NG5002: Parser 
Error: Unexpected token 
Available, expected 
identifier or keyword at 
column 22 in [ {{ 
donor.isAvailable . 
'Available' : 
'Unavailable' }} ] in C:/
Users/soura/Desktop/Blood
Connect/frontend/src/app/
pages/donor-dashboard/don
or-dashboard.component.ht
ml@19:12 [plugin 
angular-compiler]

    src/app/pages/donor-d
ashboard/donor-dashboard.
component.html:191:37:
      191 Γöé            
 <div 
class="rc-response" *ngIf
="r.responseMessage">
          Γò╡            
                         
 
~~~~~~~~~~~~~~~~~~~~~~~~~

  Error occurs in the 
template of component 
DonorDashboardComponent.

    src/app/pages/donor-d
ashboard/donor-dashboard.
component.ts:16:15:
      16 Γöé   
templateUrl: './donor-das
hboard.component.html',
         Γò╡             
   ~~~~~~~~~~~~~~~~~~~~~~
~~~~~~~~~~~~


X [ERROR] NG5002: Parser 
Error: Expected 
identifier for property 
access at the end of the 
expression [ {{ 
donor.isAvailable . 
'Available' : 
'Unavailable' }} ] in C:/
Users/soura/Desktop/Blood
Connect/frontend/src/app/
pages/donor-dashboard/don
or-dashboard.component.ht
ml@19:12 [plugin 
angular-compiler]

    src/app/pages/donor-d
ashboard/donor-dashboard.
component.html:192:46:
      192 Γöé ...        
  <strong>Your 
response:</strong> {{ 
r.responseMessage }}
          Γò╡            
                         
         
~~~~~~~~~~~~~~~~~~~~~~~

  Error occurs in the 
template of component 
DonorDashboardComponent.

    src/app/pages/donor-d
ashboard/donor-dashboard.
component.ts:16:15:
      16 Γöé   
templateUrl: './donor-das
hboard.component.html',
         Γò╡             
   ~~~~~~~~~~~~~~~~~~~~~~
~~~~~~~~~~~~


X [ERROR] NG5002: Parser 
Error: Unexpected token 
Available, expected 
identifier or keyword at 
column 22 in [ {{ 
donor.isAvailable . 
'Available' : 
'Unavailable' }} ] in C:/
Users/soura/Desktop/Blood
Connect/frontend/src/app/
pages/donor-dashboard/don
or-dashboard.component.ht
ml@19:12 [plugin 
angular-compiler]

    src/app/pages/donor-d
ashboard/donor-dashboard.
component.html:192:46:
      192 Γöé ...        
  <strong>Your 
response:</strong> {{ 
r.responseMessage }}
          Γò╡            
                         
         
~~~~~~~~~~~~~~~~~~~~~~~

  Error occurs in the 
template of component 
DonorDashboardComponent.

    src/app/pages/donor-d
ashboard/donor-dashboard.
component.ts:16:15:
      16 Γöé   
templateUrl: './donor-das
hboard.component.html',
         Γò╡             
   ~~~~~~~~~~~~~~~~~~~~~~
~~~~~~~~~~~~


X [ERROR] NG5002: Parser 
Error: Expected 
identifier for property 
access at the end of the 
expression [ {{ 
donor.isAvailable . 
'Available' : 
'Unavailable' }} ] in C:/
Users/soura/Desktop/Blood
Connect/frontend/src/app/
pages/donor-dashboard/don
or-dashboard.component.ht
ml@19:12 [plugin 
angular-compiler]

    src/app/pages/donor-d
ashboard/donor-dashboard.
component.html:199:11:
      199 Γöé       <div 
*ngIf="activeTab === 
'profile'" 
class="tab-content ani...
          Γò╡            
~~~~~~~~~~~~~~~~~~~~~~~~~
~~~~~~

  Error occurs in the 
template of component 
DonorDashboardComponent.

    src/app/pages/donor-d
ashboard/donor-dashboard.
component.ts:16:15:
      16 Γöé   
templateUrl: './donor-das
hboard.component.html',
         Γò╡             
   ~~~~~~~~~~~~~~~~~~~~~~
~~~~~~~~~~~~


X [ERROR] NG5002: Parser 
Error: Unexpected token 
Available, expected 
identifier or keyword at 
column 22 in [ {{ 
donor.isAvailable . 
'Available' : 
'Unavailable' }} ] in C:/
Users/soura/Desktop/Blood
Connect/frontend/src/app/
pages/donor-dashboard/don
or-dashboard.component.ht
ml@19:12 [plugin 
angular-compiler]

    src/app/pages/donor-d
ashboard/donor-dashboard.
component.html:199:11:
      199 Γöé       <div 
*ngIf="activeTab === 
'profile'" 
class="tab-content ani...
          Γò╡            
~~~~~~~~~~~~~~~~~~~~~~~~~
~~~~~~

  Error occurs in the 
template of component 
DonorDashboardComponent.

    src/app/pages/donor-d
ashboard/donor-dashboard.
component.ts:16:15:
      16 Γöé   
templateUrl: './donor-das
hboard.component.html',
         Γò╡             
   ~~~~~~~~~~~~~~~~~~~~~~
~~~~~~~~~~~~


X [ERROR] NG5002: Parser 
Error: Expected 
identifier for property 
access at the end of the 
expression [ {{ 
donor.isAvailable . 
'Available' : 
'Unavailable' }} ] in C:/
Users/soura/Desktop/Blood
Connect/frontend/src/app/
pages/donor-dashboard/don
or-dashboard.component.ht
ml@19:12 [plugin 
angular-compiler]

    src/app/pages/donor-d
ashboard/donor-dashboard.
component.html:204:26:
      204 Γöé         
<div class="card" 
*ngIf="profileForm">
          Γò╡            
               
~~~~~~~~~~~~~~~~~~~

  Error occurs in the 
template of component 
DonorDashboardComponent.

    src/app/pages/donor-d
ashboard/donor-dashboard.
component.ts:16:15:
      16 Γöé   
templateUrl: './donor-das
hboard.component.html',
         Γò╡             
   ~~~~~~~~~~~~~~~~~~~~~~
~~~~~~~~~~~~


X [ERROR] NG5002: Parser 
Error: Unexpected token 
Available, expected 
identifier or keyword at 
column 22 in [ {{ 
donor.isAvailable . 
'Available' : 
'Unavailable' }} ] in C:/
Users/soura/Desktop/Blood
Connect/frontend/src/app/
pages/donor-dashboard/don
or-dashboard.component.ht
ml@19:12 [plugin 
angular-compiler]

    src/app/pages/donor-d
ashboard/donor-dashboard.
component.html:204:26:
      204 Γöé         
<div class="card" 
*ngIf="profileForm">
          Γò╡            
               
~~~~~~~~~~~~~~~~~~~

  Error occurs in the 
template of component 
DonorDashboardComponent.

    src/app/pages/donor-d
ashboard/donor-dashboard.
component.ts:16:15:
      16 Γöé   
templateUrl: './donor-das
hboard.component.html',
         Γò╡             
   ~~~~~~~~~~~~~~~~~~~~~~
~~~~~~~~~~~~


X [ERROR] NG5002: Parser 
Error: Expected 
identifier for property 
access at the end of the 
expression [ {{ 
donor.isAvailable . 
'Available' : 
'Unavailable' }} ] in C:/
Users/soura/Desktop/Blood
Connect/frontend/src/app/
pages/donor-dashboard/don
or-dashboard.component.ht
ml@19:12 [plugin 
angular-compiler]

    src/app/pages/donor-d
ashboard/donor-dashboard.
component.html:205:29:
      205 Γöé           
<form [formGroup]="profil
eForm" (ngSubmit)="update
Profi...
          Γò╡            
                  
~~~~~~~~~~~

  Error occurs in the 
template of component 
DonorDashboardComponent.

    src/app/pages/donor-d
ashboard/donor-dashboard.
component.ts:16:15:
      16 Γöé   
templateUrl: './donor-das
hboard.component.html',
         Γò╡             
   ~~~~~~~~~~~~~~~~~~~~~~
~~~~~~~~~~~~


X [ERROR] NG5002: Parser 
Error: Unexpected token 
Available, expected 
identifier or keyword at 
column 22 in [ {{ 
donor.isAvailable . 
'Available' : 
'Unavailable' }} ] in C:/
Users/soura/Desktop/Blood
Connect/frontend/src/app/
pages/donor-dashboard/don
or-dashboard.component.ht
ml@19:12 [plugin 
angular-compiler]

    src/app/pages/donor-d
ashboard/donor-dashboard.
component.html:205:29:
      205 Γöé           
<form [formGroup]="profil
eForm" (ngSubmit)="update
Profi...
          Γò╡            
                  
~~~~~~~~~~~

  Error occurs in the 
template of component 
DonorDashboardComponent.

    src/app/pages/donor-d
ashboard/donor-dashboard.
component.ts:16:15:
      16 Γöé   
templateUrl: './donor-das
hboard.component.html',
         Γò╡             
   ~~~~~~~~~~~~~~~~~~~~~~
~~~~~~~~~~~~


X [ERROR] NG5002: Parser 
Error: Expected 
identifier for property 
access at the end of the 
expression [ {{ 
donor.isAvailable . 
'Available' : 
'Unavailable' }} ] in C:/
Users/soura/Desktop/Blood
Connect/frontend/src/app/
pages/donor-dashboard/don
or-dashboard.component.ht
ml@19:12 [plugin 
angular-compiler]

    src/app/pages/donor-d
ashboard/donor-dashboard.
component.html:205:54:
      205 Γöé ...    
<form [formGroup]="profil
eForm" (ngSubmit)="update
Profile()">
          Γò╡            
                         
               
~~~~~~~~~~~~~~~

  Error occurs in the 
template of component 
DonorDashboardComponent.

    src/app/pages/donor-d
ashboard/donor-dashboard.
component.ts:16:15:
      16 Γöé   
templateUrl: './donor-das
hboard.component.html',
         Γò╡             
   ~~~~~~~~~~~~~~~~~~~~~~
~~~~~~~~~~~~


X [ERROR] NG5002: Parser 
Error: Unexpected token 
Available, expected 
identifier or keyword at 
column 22 in [ {{ 
donor.isAvailable . 
'Available' : 
'Unavailable' }} ] in C:/
Users/soura/Desktop/Blood
Connect/frontend/src/app/
pages/donor-dashboard/don
or-dashboard.component.ht
ml@19:12 [plugin 
angular-compiler]

    src/app/pages/donor-d
ashboard/donor-dashboard.
component.html:205:54:
      205 Γöé ...    
<form [formGroup]="profil
eForm" (ngSubmit)="update
Profile()">
          Γò╡            
                         
               
~~~~~~~~~~~~~~~

  Error occurs in the 
template of component 
DonorDashboardComponent.

    src/app/pages/donor-d
ashboard/donor-dashboard.
component.ts:16:15:
      16 Γöé   
templateUrl: './donor-das
hboard.component.html',
         Γò╡             
   ~~~~~~~~~~~~~~~~~~~~~~
~~~~~~~~~~~~


X [ERROR] NG5002: Parser 
Error: Expected 
identifier for property 
access at the end of the 
expression [ {{ 
donor.isAvailable . 
'Available' : 
'Unavailable' }} ] in C:/
Users/soura/Desktop/Blood
Connect/frontend/src/app/
pages/donor-dashboard/don
or-dashboard.component.ht
ml@19:12 [plugin 
angular-compiler]

    src/app/pages/donor-d
ashboard/donor-dashboard.
component.html:211:26:
      211 Γöé ...        
<option *ngFor="let bg 
of bloodGroups" 
[value]="bg">{{...
          Γò╡            
        ~~~~~~~~~~~~~~~~~
~~~~~~~~~~~~~

  Error occurs in the 
template of component 
DonorDashboardComponent.

    src/app/pages/donor-d
ashboard/donor-dashboard.
component.ts:16:15:
      16 Γöé   
templateUrl: './donor-das
hboard.component.html',
         Γò╡             
   ~~~~~~~~~~~~~~~~~~~~~~
~~~~~~~~~~~~


X [ERROR] NG5002: Parser 
Error: Unexpected token 
Available, expected 
identifier or keyword at 
column 22 in [ {{ 
donor.isAvailable . 
'Available' : 
'Unavailable' }} ] in C:/
Users/soura/Desktop/Blood
Connect/frontend/src/app/
pages/donor-dashboard/don
or-dashboard.component.ht
ml@19:12 [plugin 
angular-compiler]

    src/app/pages/donor-d
ashboard/donor-dashboard.
component.html:211:26:
      211 Γöé ...        
<option *ngFor="let bg 
of bloodGroups" 
[value]="bg">{{...
          Γò╡            
        ~~~~~~~~~~~~~~~~~
~~~~~~~~~~~~~

  Error occurs in the 
template of component 
DonorDashboardComponent.

    src/app/pages/donor-d
ashboard/donor-dashboard.
component.ts:16:15:
      16 Γöé   
templateUrl: './donor-das
hboard.component.html',
         Γò╡             
   ~~~~~~~~~~~~~~~~~~~~~~
~~~~~~~~~~~~


X [ERROR] NG5002: Parser 
Error: Expected 
identifier for property 
access at the end of the 
expression [ {{ 
donor.isAvailable . 
'Available' : 
'Unavailable' }} ] in C:/
Users/soura/Desktop/Blood
Connect/frontend/src/app/
pages/donor-dashboard/don
or-dashboard.component.ht
ml@19:12 [plugin 
angular-compiler]

    src/app/pages/donor-d
ashboard/donor-dashboard.
component.html:211:66:
      211 Γöé ...ion 
*ngFor="let bg of 
bloodGroups" 
[value]="bg">{{ bg 
}}</option>
          Γò╡            
                         
           ~~

  Error occurs in the 
template of component 
DonorDashboardComponent.

    src/app/pages/donor-d
ashboard/donor-dashboard.
component.ts:16:15:
      16 Γöé   
templateUrl: './donor-das
hboard.component.html',
         Γò╡             
   ~~~~~~~~~~~~~~~~~~~~~~
~~~~~~~~~~~~


X [ERROR] NG5002: Parser 
Error: Unexpected token 
Available, expected 
identifier or keyword at 
column 22 in [ {{ 
donor.isAvailable . 
'Available' : 
'Unavailable' }} ] in C:/
Users/soura/Desktop/Blood
Connect/frontend/src/app/
pages/donor-dashboard/don
or-dashboard.component.ht
ml@19:12 [plugin 
angular-compiler]

    src/app/pages/donor-d
ashboard/donor-dashboard.
component.html:211:66:
      211 Γöé ...ion 
*ngFor="let bg of 
bloodGroups" 
[value]="bg">{{ bg 
}}</option>
          Γò╡            
                         
           ~~

  Error occurs in the 
template of component 
DonorDashboardComponent.

    src/app/pages/donor-d
ashboard/donor-dashboard.
component.ts:16:15:
      16 Γöé   
templateUrl: './donor-das
hboard.component.html',
         Γò╡             
   ~~~~~~~~~~~~~~~~~~~~~~
~~~~~~~~~~~~


X [ERROR] NG5002: Parser 
Error: Expected 
identifier for property 
access at the end of the 
expression [ {{ 
donor.isAvailable . 
'Available' : 
'Unavailable' }} ] in C:/
Users/soura/Desktop/Blood
Connect/frontend/src/app/
pages/donor-dashboard/don
or-dashboard.component.ht
ml@19:12 [plugin 
angular-compiler]

    src/app/pages/donor-d
ashboard/donor-dashboard.
component.html:211:70:
      211 Γöé ...ion 
*ngFor="let bg of 
bloodGroups" 
[value]="bg">{{ bg 
}}</option>
          Γò╡            
                         
               ~~~~~~~~

  Error occurs in the 
template of component 
DonorDashboardComponent.

    src/app/pages/donor-d
ashboard/donor-dashboard.
component.ts:16:15:
      16 Γöé   
templateUrl: './donor-das
hboard.component.html',
         Γò╡             
   ~~~~~~~~~~~~~~~~~~~~~~
~~~~~~~~~~~~


X [ERROR] NG5002: Parser 
Error: Unexpected token 
Available, expected 
identifier or keyword at 
column 22 in [ {{ 
donor.isAvailable . 
'Available' : 
'Unavailable' }} ] in C:/
Users/soura/Desktop/Blood
Connect/frontend/src/app/
pages/donor-dashboard/don
or-dashboard.component.ht
ml@19:12 [plugin 
angular-compiler]

    src/app/pages/donor-d
ashboard/donor-dashboard.
component.html:211:70:
      211 Γöé ...ion 
*ngFor="let bg of 
bloodGroups" 
[value]="bg">{{ bg 
}}</option>
          Γò╡            
                         
               ~~~~~~~~

  Error occurs in the 
template of component 
DonorDashboardComponent.

    src/app/pages/donor-d
ashboard/donor-dashboard.
component.ts:16:15:
      16 Γöé   
templateUrl: './donor-das
hboard.component.html',
         Γò╡             
   ~~~~~~~~~~~~~~~~~~~~~~
~~~~~~~~~~~~


X [ERROR] NG5002: Parser 
Error: Expected 
identifier for property 
access at the end of the 
expression [ {{ 
donor.isAvailable . 
'Available' : 
'Unavailable' }} ] in C:/
Users/soura/Desktop/Blood
Connect/frontend/src/app/
pages/donor-dashboard/don
or-dashboard.component.ht
ml@19:12 [plugin 
angular-compiler]

    src/app/pages/donor-d
ashboard/donor-dashboard.
component.html:255:45:
      255 Γöé ...lert 
alert-success" *ngIf="pro
fileSuccess">Γ£à Profile 
updated...
          Γò╡            
            
~~~~~~~~~~~~~~~~~~~~~~

  Error occurs in the 
template of component 
DonorDashboardComponent.

    src/app/pages/donor-d
ashboard/donor-dashboard.
component.ts:16:15:
      16 Γöé   
templateUrl: './donor-das
hboard.component.html',
         Γò╡             
   ~~~~~~~~~~~~~~~~~~~~~~
~~~~~~~~~~~~


X [ERROR] NG5002: Parser 
Error: Unexpected token 
Available, expected 
identifier or keyword at 
column 22 in [ {{ 
donor.isAvailable . 
'Available' : 
'Unavailable' }} ] in C:/
Users/soura/Desktop/Blood
Connect/frontend/src/app/
pages/donor-dashboard/don
or-dashboard.component.ht
ml@19:12 [plugin 
angular-compiler]

    src/app/pages/donor-d
ashboard/donor-dashboard.
component.html:255:45:
      255 Γöé ...lert 
alert-success" *ngIf="pro
fileSuccess">Γ£à Profile 
updated...
          Γò╡            
            
~~~~~~~~~~~~~~~~~~~~~~

  Error occurs in the 
template of component 
DonorDashboardComponent.

    src/app/pages/donor-d
ashboard/donor-dashboard.
component.ts:16:15:
      16 Γöé   
templateUrl: './donor-das
hboard.component.html',
         Γò╡             
   ~~~~~~~~~~~~~~~~~~~~~~
~~~~~~~~~~~~


X [ERROR] NG5002: Parser 
Error: Expected 
identifier for property 
access at the end of the 
expression [ {{ 
donor.isAvailable . 
'Available' : 
'Unavailable' }} ] in C:/
Users/soura/Desktop/Blood
Connect/frontend/src/app/
pages/donor-dashboard/don
or-dashboard.component.ht
ml@19:12 [plugin 
angular-compiler]

    src/app/pages/donor-d
ashboard/donor-dashboard.
component.html:257:79:
      257 Γöé ...y" [clas
s.btn-loading]="profileLo
ading" 
[disabled]="profileLoa...
          Γò╡            
                
~~~~~~~~~~~~~~

  Error occurs in the 
template of component 
DonorDashboardComponent.

    src/app/pages/donor-d
ashboard/donor-dashboard.
component.ts:16:15:
      16 Γöé   
templateUrl: './donor-das
hboard.component.html',
         Γò╡             
   ~~~~~~~~~~~~~~~~~~~~~~
~~~~~~~~~~~~


X [ERROR] NG5002: Parser 
Error: Unexpected token 
Available, expected 
identifier or keyword at 
column 22 in [ {{ 
donor.isAvailable . 
'Available' : 
'Unavailable' }} ] in C:/
Users/soura/Desktop/Blood
Connect/frontend/src/app/
pages/donor-dashboard/don
or-dashboard.component.ht
ml@19:12 [plugin 
angular-compiler]

    src/app/pages/donor-d
ashboard/donor-dashboard.
component.html:257:79:
      257 Γöé ...y" [clas
s.btn-loading]="profileLo
ading" 
[disabled]="profileLoa...
          Γò╡            
                
~~~~~~~~~~~~~~

  Error occurs in the 
template of component 
DonorDashboardComponent.

    src/app/pages/donor-d
ashboard/donor-dashboard.
component.ts:16:15:
      16 Γöé   
templateUrl: './donor-das
hboard.component.html',
         Γò╡             
   ~~~~~~~~~~~~~~~~~~~~~~
~~~~~~~~~~~~


X [ERROR] NG5002: Parser 
Error: Expected 
identifier for property 
access at the end of the 
expression [ {{ 
donor.isAvailable . 
'Available' : 
'Unavailable' }} ] in C:/
Users/soura/Desktop/Blood
Connect/frontend/src/app/
pages/donor-dashboard/don
or-dashboard.component.ht
ml@19:12 [plugin 
angular-compiler]

    src/app/pages/donor-d
ashboard/donor-dashboard.
component.html:257:107:
      257 Γöé ...[class.b
tn-loading]="profileLoadi
ng" [disabled]="profileLo
ading">
          Γò╡            
                         
                
~~~~~~~~~~~~~~

  Error occurs in the 
template of component 
DonorDashboardComponent.

    src/app/pages/donor-d
ashboard/donor-dashboard.
component.ts:16:15:
      16 Γöé   
templateUrl: './donor-das
hboard.component.html',
         Γò╡             
   ~~~~~~~~~~~~~~~~~~~~~~
~~~~~~~~~~~~


X [ERROR] NG5002: Parser 
Error: Unexpected token 
Available, expected 
identifier or keyword at 
column 22 in [ {{ 
donor.isAvailable . 
'Available' : 
'Unavailable' }} ] in C:/
Users/soura/Desktop/Blood
Connect/frontend/src/app/
pages/donor-dashboard/don
or-dashboard.component.ht
ml@19:12 [plugin 
angular-compiler]

    src/app/pages/donor-d
ashboard/donor-dashboard.
component.html:257:107:
      257 Γöé ...[class.b
tn-loading]="profileLoadi
ng" [disabled]="profileLo
ading">
          Γò╡            
                         
                
~~~~~~~~~~~~~~

  Error occurs in the 
template of component 
DonorDashboardComponent.

    src/app/pages/donor-d
ashboard/donor-dashboard.
component.ts:16:15:
      16 Γöé   
templateUrl: './donor-das
hboard.component.html',
         Γò╡             
   ~~~~~~~~~~~~~~~~~~~~~~
~~~~~~~~~~~~


X [ERROR] NG5002: Parser 
Error: Expected 
identifier for property 
access at the end of the 
expression [ {{ 
donor.isAvailable . 
'Available' : 
'Unavailable' }} ] in C:/
Users/soura/Desktop/Blood
Connect/frontend/src/app/
pages/donor-dashboard/don
or-dashboard.component.ht
ml@19:12 [plugin 
angular-compiler]

    src/app/pages/donor-d
ashboard/donor-dashboard.
component.html:258:14:
      258 Γöé            
   {{ profileLoading . 
'Saving...' : 'Save 
Changes' }}
          Γò╡            
   ~~~~~~~~~~~~~~~~~~~~~~
~~~~~~~~~~~~~~~~~~~~~~~~~
~~~~

  Error occurs in the 
template of component 
DonorDashboardComponent.

    src/app/pages/donor-d
ashboard/donor-dashboard.
component.ts:16:15:
      16 Γöé   
templateUrl: './donor-das
hboard.component.html',
         Γò╡             
   ~~~~~~~~~~~~~~~~~~~~~~
~~~~~~~~~~~~


X [ERROR] NG5002: Parser 
Error: Expected 
identifier for property 
access at the end of the 
expression [ {{ 
profileLoading . 
'Saving...' : 'Save 
Changes' }} ] in C:/Users
/soura/Desktop/BloodConne
ct/frontend/src/app/pages
/donor-dashboard/donor-da
shboard.component.html@25
7:14 [plugin 
angular-compiler]

    src/app/pages/donor-d
ashboard/donor-dashboard.
component.html:258:14:
      258 Γöé            
   {{ profileLoading . 
'Saving...' : 'Save 
Changes' }}
          Γò╡            
   ~~~~~~~~~~~~~~~~~~~~~~
~~~~~~~~~~~~~~~~~~~~~~~~~
~~~~

  Error occurs in the 
template of component 
DonorDashboardComponent.

    src/app/pages/donor-d
ashboard/donor-dashboard.
component.ts:16:15:
      16 Γöé   
templateUrl: './donor-das
hboard.component.html',
         Γò╡             
   ~~~~~~~~~~~~~~~~~~~~~~
~~~~~~~~~~~~


X [ERROR] NG5002: Parser 
Error: Unexpected token 
Available, expected 
identifier or keyword at 
column 22 in [ {{ 
donor.isAvailable . 
'Available' : 
'Unavailable' }} ] in C:/
Users/soura/Desktop/Blood
Connect/frontend/src/app/
pages/donor-dashboard/don
or-dashboard.component.ht
ml@19:12 [plugin 
angular-compiler]

    src/app/pages/donor-d
ashboard/donor-dashboard.
component.html:258:14:
      258 Γöé            
   {{ profileLoading . 
'Saving...' : 'Save 
Changes' }}
          Γò╡            
   ~~~~~~~~~~~~~~~~~~~~~~
~~~~~~~~~~~~~~~~~~~~~~~~~
~~~~

  Error occurs in the 
template of component 
DonorDashboardComponent.

    src/app/pages/donor-d
ashboard/donor-dashboard.
component.ts:16:15:
      16 Γöé   
templateUrl: './donor-das
hboard.component.html',
         Γò╡             
   ~~~~~~~~~~~~~~~~~~~~~~
~~~~~~~~~~~~


X [ERROR] NG5002: Parser 
Error: Unexpected token 
Saving..., expected 
identifier or keyword at 
column 19 in [ {{ 
profileLoading . 
'Saving...' : 'Save 
Changes' }} ] in C:/Users
/soura/Desktop/BloodConne
ct/frontend/src/app/pages
/donor-dashboard/donor-da
shboard.component.html@25
7:14 [plugin 
angular-compiler]

    src/app/pages/donor-d
ashboard/donor-dashboard.
component.html:258:14:
      258 Γöé            
   {{ profileLoading . 
'Saving...' : 'Save 
Changes' }}
          Γò╡            
   ~~~~~~~~~~~~~~~~~~~~~~
~~~~~~~~~~~~~~~~~~~~~~~~~
~~~~

  Error occurs in the 
template of component 
DonorDashboardComponent.

    src/app/pages/donor-d
ashboard/donor-dashboard.
component.ts:16:15:
      16 Γöé   
templateUrl: './donor-das
hboard.component.html',
         Γò╡             
   ~~~~~~~~~~~~~~~~~~~~~~
~~~~~~~~~~~~


X [ERROR] NG5002: Parser 
Error: Expected 
identifier for property 
access at the end of the 
expression [{{ 
donor.canDonate . 
'Eligible to Donate' : 
'Waiting Period' }}] in C
:/Users/soura/Desktop/Blo
odConnect/frontend/src/ap
p/pages/donor-profile/don
or-profile.component.html
@165:24 [plugin 
angular-compiler]

    src/app/pages/donor-p
rofile/donor-profile.comp
onent.html:166:24:
      166 Γöé ...  
<strong>{{ 
donor.canDonate . 
'Eligible to Donate' : 
'Waiting...
          Γò╡            
  ~~~~~~~~~~~~~~~~~~~~~~~
~~~~~~~~~~~~~~~~~~~~~~~~~
~~~~

  Error occurs in the 
template of component 
DonorProfileComponent.

    src/app/pages/donor-p
rofile/donor-profile.comp
onent.ts:16:15:
      16 Γöé   
templateUrl: './donor-pro
file.component.html',
         Γò╡             
   ~~~~~~~~~~~~~~~~~~~~~~
~~~~~~~~~~


X [ERROR] NG5002: Parser 
Error: Unexpected token 
Eligible to Donate, 
expected identifier or 
keyword at column 20 in 
[{{ donor.canDonate . 
'Eligible to Donate' : 
'Waiting Period' }}] in C
:/Users/soura/Desktop/Blo
odConnect/frontend/src/ap
p/pages/donor-profile/don
or-profile.component.html
@165:24 [plugin 
angular-compiler]

    src/app/pages/donor-p
rofile/donor-profile.comp
onent.html:166:24:
      166 Γöé ...  
<strong>{{ 
donor.canDonate . 
'Eligible to Donate' : 
'Waiting...
          Γò╡            
  ~~~~~~~~~~~~~~~~~~~~~~~
~~~~~~~~~~~~~~~~~~~~~~~~~
~~~~

  Error occurs in the 
template of component 
DonorProfileComponent.

    src/app/pages/donor-p
rofile/donor-profile.comp
onent.ts:16:15:
      16 Γöé   
templateUrl: './donor-pro
file.component.html',
         Γò╡             
   ~~~~~~~~~~~~~~~~~~~~~~
~~~~~~~~~~


X [ERROR] NG5002: Parser 
Error: Expected 
identifier for property 
access at the end of the 
expression [{{ 
donor.canDonate . 
'Eligible to Donate' : 
'Waiting Period' }}] in C
:/Users/soura/Desktop/Blo
odConnect/frontend/src/ap
p/pages/donor-profile/don
or-profile.component.html
@165:24 [plugin 
angular-compiler]

    src/app/pages/donor-p
rofile/donor-profile.comp
onent.html:167:19:
      167 Γöé            
     <p *ngIf="!donor.can
Donate">{{ 56 - 
(donor.daysSi...
          Γò╡            
        
~~~~~~~~~~~~~~~~~~~~~~~~

  Error occurs in the 
template of component 
DonorProfileComponent.

    src/app/pages/donor-p
rofile/donor-profile.comp
onent.ts:16:15:
      16 Γöé   
templateUrl: './donor-pro
file.component.html',
         Γò╡             
   ~~~~~~~~~~~~~~~~~~~~~~
~~~~~~~~~~


X [ERROR] NG5002: Parser 
Error: Unexpected token 
Eligible to Donate, 
expected identifier or 
keyword at column 20 in 
[{{ donor.canDonate . 
'Eligible to Donate' : 
'Waiting Period' }}] in C
:/Users/soura/Desktop/Blo
odConnect/frontend/src/ap
p/pages/donor-profile/don
or-profile.component.html
@165:24 [plugin 
angular-compiler]

    src/app/pages/donor-p
rofile/donor-profile.comp
onent.html:167:19:
      167 Γöé            
     <p *ngIf="!donor.can
Donate">{{ 56 - 
(donor.daysSi...
          Γò╡            
        
~~~~~~~~~~~~~~~~~~~~~~~~

  Error occurs in the 
template of component 
DonorProfileComponent.

    src/app/pages/donor-p
rofile/donor-profile.comp
onent.ts:16:15:
      16 Γöé   
templateUrl: './donor-pro
file.component.html',
         Γò╡             
   ~~~~~~~~~~~~~~~~~~~~~~
~~~~~~~~~~


X [ERROR] NG5002: Parser 
Error: Expected 
identifier for property 
access at the end of the 
expression [{{ 
donor.canDonate . 
'Eligible to Donate' : 
'Waiting Period' }}] in C
:/Users/soura/Desktop/Blo
odConnect/frontend/src/ap
p/pages/donor-profile/don
or-profile.component.html
@165:24 [plugin 
angular-compiler]

    src/app/pages/donor-p
rofile/donor-profile.comp
onent.html:167:44:
      167 Γöé 
...anDonate">{{ 56 - (don
or.daysSinceLastDonation 
|| 0) }} days r...
          Γò╡            
  ~~~~~~~~~~~~~~~~~~~~~~~
~~~~~~~~~~~~~~~~~~~~~~~~~
~~~~

  Error occurs in the 
template of component 
DonorProfileComponent.

    src/app/pages/donor-p
rofile/donor-profile.comp
onent.ts:16:15:
      16 Γöé   
templateUrl: './donor-pro
file.component.html',
         Γò╡             
   ~~~~~~~~~~~~~~~~~~~~~~
~~~~~~~~~~


X [ERROR] NG5002: Parser 
Error: Unexpected token 
Eligible to Donate, 
expected identifier or 
keyword at column 20 in 
[{{ donor.canDonate . 
'Eligible to Donate' : 
'Waiting Period' }}] in C
:/Users/soura/Desktop/Blo
odConnect/frontend/src/ap
p/pages/donor-profile/don
or-profile.component.html
@165:24 [plugin 
angular-compiler]

    src/app/pages/donor-p
rofile/donor-profile.comp
onent.html:167:44:
      167 Γöé 
...anDonate">{{ 56 - (don
or.daysSinceLastDonation 
|| 0) }} days r...
          Γò╡            
  ~~~~~~~~~~~~~~~~~~~~~~~
~~~~~~~~~~~~~~~~~~~~~~~~~
~~~~

  Error occurs in the 
template of component 
DonorProfileComponent.

    src/app/pages/donor-p
rofile/donor-profile.comp
onent.ts:16:15:
      16 Γöé   
templateUrl: './donor-pro
file.component.html',
         Γò╡             
   ~~~~~~~~~~~~~~~~~~~~~~
~~~~~~~~~~


X [ERROR] NG5002: Parser 
Error: Expected 
identifier for property 
access at the end of the 
expression [{{ 
donor.canDonate . 
'Eligible to Donate' : 
'Waiting Period' }}] in C
:/Users/soura/Desktop/Blo
odConnect/frontend/src/ap
p/pages/donor-profile/don
or-profile.component.html
@165:24 [plugin 
angular-compiler]

    src/app/pages/donor-p
rofile/donor-profile.comp
onent.html:173:37:
      173 Γöé ...iv 
class="card card-red" 
*ngIf="donor.isAvailable 
&& isLoggedIn">
          Γò╡            
                 ~~~~~~~~
~~~~~~~~~~~~~~~~~~~~~~~~~
~~~~~~

  Error occurs in the 
template of component 
DonorProfileComponent.

    src/app/pages/donor-p
rofile/donor-profile.comp
onent.ts:16:15:
      16 Γöé   
templateUrl: './donor-pro
file.component.html',
         Γò╡             
   ~~~~~~~~~~~~~~~~~~~~~~
~~~~~~~~~~


X [ERROR] NG5002: Parser 
Error: Unexpected token 
Eligible to Donate, 
expected identifier or 
keyword at column 20 in 
[{{ donor.canDonate . 
'Eligible to Donate' : 
'Waiting Period' }}] in C
:/Users/soura/Desktop/Blo
odConnect/frontend/src/ap
p/pages/donor-profile/don
or-profile.component.html
@165:24 [plugin 
angular-compiler]

    src/app/pages/donor-p
rofile/donor-profile.comp
onent.html:173:37:
      173 Γöé ...iv 
class="card card-red" 
*ngIf="donor.isAvailable 
&& isLoggedIn">
          Γò╡            
                 ~~~~~~~~
~~~~~~~~~~~~~~~~~~~~~~~~~
~~~~~~

  Error occurs in the 
template of component 
DonorProfileComponent.

    src/app/pages/donor-p
rofile/donor-profile.comp
onent.ts:16:15:
      16 Γöé   
templateUrl: './donor-pro
file.component.html',
         Γò╡             
   ~~~~~~~~~~~~~~~~~~~~~~
~~~~~~~~~~


X [ERROR] NG5002: Parser 
Error: Expected 
identifier for property 
access at the end of the 
expression [{{ 
donor.canDonate . 
'Eligible to Donate' : 
'Waiting Period' }}] in C
:/Users/soura/Desktop/Blo
odConnect/frontend/src/ap
p/pages/donor-profile/don
or-profile.component.html
@165:24 [plugin 
angular-compiler]

    src/app/pages/donor-p
rofile/donor-profile.comp
onent.html:180:25:
      180 Γöé            
     (click)="showModal 
= true">Send 
Request</button>
          Γò╡            
              
~~~~~~~~~~~~~~~~

  Error occurs in the 
template of component 
DonorProfileComponent.

    src/app/pages/donor-p
rofile/donor-profile.comp
onent.ts:16:15:
      16 Γöé   
templateUrl: './donor-pro
file.component.html',
         Γò╡             
   ~~~~~~~~~~~~~~~~~~~~~~
~~~~~~~~~~


X [ERROR] NG5002: Parser 
Error: Unexpected token 
Eligible to Donate, 
expected identifier or 
keyword at column 20 in 
[{{ donor.canDonate . 
'Eligible to Donate' : 
'Waiting Period' }}] in C
:/Users/soura/Desktop/Blo
odConnect/frontend/src/ap
p/pages/donor-profile/don
or-profile.component.html
@165:24 [plugin 
angular-compiler]

    src/app/pages/donor-p
rofile/donor-profile.comp
onent.html:180:25:
      180 Γöé            
     (click)="showModal 
= true">Send 
Request</button>
          Γò╡            
              
~~~~~~~~~~~~~~~~

  Error occurs in the 
template of component 
DonorProfileComponent.

    src/app/pages/donor-p
rofile/donor-profile.comp
onent.ts:16:15:
      16 Γöé   
templateUrl: './donor-pro
file.component.html',
         Γò╡             
   ~~~~~~~~~~~~~~~~~~~~~~
~~~~~~~~~~


X [ERROR] NG5002: Parser 
Error: Expected 
identifier for property 
access at the end of the 
expression [{{ 
donor.canDonate . 
'Eligible to Donate' : 
'Waiting Period' }}] in C
:/Users/soura/Desktop/Blo
odConnect/frontend/src/ap
p/pages/donor-profile/don
or-profile.component.html
@165:24 [plugin 
angular-compiler]

    src/app/pages/donor-p
rofile/donor-profile.comp
onent.html:189:35:
      189 Γöé   <div 
class="empty-state 
section" *ngIf="!loading 
&& !donor">
          Γò╡            
                        ~
~~~~~~~~~~~~~~~~~~~~~~~~~

  Error occurs in the 
template of component 
DonorProfileComponent.

    src/app/pages/donor-p
rofile/donor-profile.comp
onent.ts:16:15:
      16 Γöé   
templateUrl: './donor-pro
file.component.html',
         Γò╡             
   ~~~~~~~~~~~~~~~~~~~~~~
~~~~~~~~~~


X [ERROR] NG5002: Parser 
Error: Unexpected token 
Eligible to Donate, 
expected identifier or 
keyword at column 20 in 
[{{ donor.canDonate . 
'Eligible to Donate' : 
'Waiting Period' }}] in C
:/Users/soura/Desktop/Blo
odConnect/frontend/src/ap
p/pages/donor-profile/don
or-profile.component.html
@165:24 [plugin 
angular-compiler]

    src/app/pages/donor-p
rofile/donor-profile.comp
onent.html:189:35:
      189 Γöé   <div 
class="empty-state 
section" *ngIf="!loading 
&& !donor">
          Γò╡            
                        ~
~~~~~~~~~~~~~~~~~~~~~~~~~

  Error occurs in the 
template of component 
DonorProfileComponent.

    src/app/pages/donor-p
rofile/donor-profile.comp
onent.ts:16:15:
      16 Γöé   
templateUrl: './donor-pro
file.component.html',
         Γò╡             
   ~~~~~~~~~~~~~~~~~~~~~~
~~~~~~~~~~


X [ERROR] NG5002: Parser 
Error: Expected 
identifier for property 
access at the end of the 
expression [{{ 
donor.canDonate . 
'Eligible to Donate' : 
'Waiting Period' }}] in C
:/Users/soura/Desktop/Blo
odConnect/frontend/src/ap
p/pages/donor-profile/don
or-profile.component.html
@165:24 [plugin 
angular-compiler]

    src/app/pages/donor-p
rofile/donor-profile.comp
onent.html:197:29:
      197 Γöé ... 
class="modal-overlay" 
*ngIf="showModal" 
(click)="closeModal($...
          Γò╡            
               
~~~~~~~~~~~~~~~~~

  Error occurs in the 
template of component 
DonorProfileComponent.

    src/app/pages/donor-p
rofile/donor-profile.comp
onent.ts:16:15:
      16 Γöé   
templateUrl: './donor-pro
file.component.html',
         Γò╡             
   ~~~~~~~~~~~~~~~~~~~~~~
~~~~~~~~~~


X [ERROR] NG5002: Parser 
Error: Unexpected token 
Eligible to Donate, 
expected identifier or 
keyword at column 20 in 
[{{ donor.canDonate . 
'Eligible to Donate' : 
'Waiting Period' }}] in C
:/Users/soura/Desktop/Blo
odConnect/frontend/src/ap
p/pages/donor-profile/don
or-profile.component.html
@165:24 [plugin 
angular-compiler]

    src/app/pages/donor-p
rofile/donor-profile.comp
onent.html:197:29:
      197 Γöé ... 
class="modal-overlay" 
*ngIf="showModal" 
(click)="closeModal($...
          Γò╡            
               
~~~~~~~~~~~~~~~~~

  Error occurs in the 
template of component 
DonorProfileComponent.

    src/app/pages/donor-p
rofile/donor-profile.comp
onent.ts:16:15:
      16 Γöé   
templateUrl: './donor-pro
file.component.html',
         Γò╡             
   ~~~~~~~~~~~~~~~~~~~~~~
~~~~~~~~~~


X [ERROR] NG5002: Parser 
Error: Expected 
identifier for property 
access at the end of the 
expression [{{ 
donor.canDonate . 
'Eligible to Donate' : 
'Waiting Period' }}] in C
:/Users/soura/Desktop/Blo
odConnect/frontend/src/ap
p/pages/donor-profile/don
or-profile.component.html
@165:24 [plugin 
angular-compiler]

    src/app/pages/donor-p
rofile/donor-profile.comp
onent.html:197:56:
      197 Γöé 
...s="modal-overlay" 
*ngIf="showModal" (click)
="closeModal($event)">
          Γò╡            
                         
            
~~~~~~~~~~~~~~~~~~

  Error occurs in the 
template of component 
DonorProfileComponent.

    src/app/pages/donor-p
rofile/donor-profile.comp
onent.ts:16:15:
      16 Γöé   
templateUrl: './donor-pro
file.component.html',
         Γò╡             
   ~~~~~~~~~~~~~~~~~~~~~~
~~~~~~~~~~


X [ERROR] NG5002: Parser 
Error: Unexpected token 
Eligible to Donate, 
expected identifier or 
keyword at column 20 in 
[{{ donor.canDonate . 
'Eligible to Donate' : 
'Waiting Period' }}] in C
:/Users/soura/Desktop/Blo
odConnect/frontend/src/ap
p/pages/donor-profile/don
or-profile.component.html
@165:24 [plugin 
angular-compiler]

    src/app/pages/donor-p
rofile/donor-profile.comp
onent.html:197:56:
      197 Γöé 
...s="modal-overlay" 
*ngIf="showModal" (click)
="closeModal($event)">
          Γò╡            
                         
            
~~~~~~~~~~~~~~~~~~

  Error occurs in the 
template of component 
DonorProfileComponent.

    src/app/pages/donor-p
rofile/donor-profile.comp
onent.ts:16:15:
      16 Γöé   
templateUrl: './donor-pro
file.component.html',
         Γò╡             
   ~~~~~~~~~~~~~~~~~~~~~~
~~~~~~~~~~


X [ERROR] NG5002: Parser 
Error: Expected 
identifier for property 
access at the end of the 
expression [{{ 
donor.canDonate . 
'Eligible to Donate' : 
'Waiting Period' }}] in C
:/Users/soura/Desktop/Blo
odConnect/frontend/src/ap
p/pages/donor-profile/don
or-profile.component.html
@165:24 [plugin 
angular-compiler]

    src/app/pages/donor-p
rofile/donor-profile.comp
onent.html:200:33:
      200 Γöé ...lass="fo
nt-display">Request 
Blood from {{ 
donor.user.name }}</h3>
          Γò╡            
            ~~~~~~~~~~~~~
~~~~~~~~~~~~~~~~~~~~~~~~~
~~

  Error occurs in the 
template of component 
DonorProfileComponent.

    src/app/pages/donor-p
rofile/donor-profile.comp
onent.ts:16:15:
      16 Γöé   
templateUrl: './donor-pro
file.component.html',
         Γò╡             
   ~~~~~~~~~~~~~~~~~~~~~~
~~~~~~~~~~


X [ERROR] NG5002: Parser 
Error: Unexpected token 
Eligible to Donate, 
expected identifier or 
keyword at column 20 in 
[{{ donor.canDonate . 
'Eligible to Donate' : 
'Waiting Period' }}] in C
:/Users/soura/Desktop/Blo
odConnect/frontend/src/ap
p/pages/donor-profile/don
or-profile.component.html
@165:24 [plugin 
angular-compiler]

    src/app/pages/donor-p
rofile/donor-profile.comp
onent.html:200:33:
      200 Γöé ...lass="fo
nt-display">Request 
Blood from {{ 
donor.user.name }}</h3>
          Γò╡            
            ~~~~~~~~~~~~~
~~~~~~~~~~~~~~~~~~~~~~~~~
~~

  Error occurs in the 
template of component 
DonorProfileComponent.

    src/app/pages/donor-p
rofile/donor-profile.comp
onent.ts:16:15:
      16 Γöé   
templateUrl: './donor-pro
file.component.html',
         Γò╡             
   ~~~~~~~~~~~~~~~~~~~~~~
~~~~~~~~~~


X [ERROR] NG5002: Parser 
Error: Expected 
identifier for property 
access at the end of the 
expression [{{ 
donor.canDonate . 
'Eligible to Donate' : 
'Waiting Period' }}] in C
:/Users/soura/Desktop/Blo
odConnect/frontend/src/ap
p/pages/donor-profile/don
or-profile.component.html
@165:24 [plugin 
angular-compiler]

    src/app/pages/donor-p
rofile/donor-profile.comp
onent.html:201:61:
      201 Γöé ...d-badge 
lg" style="margin-left:8p
x">{{ donor.bloodGroup 
}}</span>
          Γò╡            
                         
   ~~~~~~~~~~~~~~~~~~~~~~

  Error occurs in the 
template of component 
DonorProfileComponent.

    src/app/pages/donor-p
rofile/donor-profile.comp
onent.ts:16:15:
      16 Γöé   
templateUrl: './donor-pro
file.component.html',
         Γò╡             
   ~~~~~~~~~~~~~~~~~~~~~~
~~~~~~~~~~


X [ERROR] NG5002: Parser 
Error: Unexpected token 
Eligible to Donate, 
expected identifier or 
keyword at column 20 in 
[{{ donor.canDonate . 
'Eligible to Donate' : 
'Waiting Period' }}] in C
:/Users/soura/Desktop/Blo
odConnect/frontend/src/ap
p/pages/donor-profile/don
or-profile.component.html
@165:24 [plugin 
angular-compiler]

    src/app/pages/donor-p
rofile/donor-profile.comp
onent.html:201:61:
      201 Γöé ...d-badge 
lg" style="margin-left:8p
x">{{ donor.bloodGroup 
}}</span>
          Γò╡            
                         
   ~~~~~~~~~~~~~~~~~~~~~~

  Error occurs in the 
template of component 
DonorProfileComponent.

    src/app/pages/donor-p
rofile/donor-profile.comp
onent.ts:16:15:
      16 Γöé   
templateUrl: './donor-pro
file.component.html',
         Γò╡             
   ~~~~~~~~~~~~~~~~~~~~~~
~~~~~~~~~~


X [ERROR] NG5002: Parser 
Error: Expected 
identifier for property 
access at the end of the 
expression [{{ 
donor.canDonate . 
'Eligible to Donate' : 
'Waiting Period' }}] in C
:/Users/soura/Desktop/Blo
odConnect/frontend/src/ap
p/pages/donor-profile/don
or-profile.component.html
@165:24 [plugin 
angular-compiler]

    src/app/pages/donor-p
rofile/donor-profile.comp
onent.html:202:45:
      202 Γöé         
<button 
class="modal-close" 
(click)="showModal=false"
          Γò╡            
                         
         ~~~~~~~~~~~~~~~

  Error occurs in the 
template of component 
DonorProfileComponent.

    src/app/pages/donor-p
rofile/donor-profile.comp
onent.ts:16:15:
      16 Γöé   
templateUrl: './donor-pro
file.component.html',
         Γò╡             
   ~~~~~~~~~~~~~~~~~~~~~~
~~~~~~~~~~


X [ERROR] NG5002: Parser 
Error: Unexpected token 
Eligible to Donate, 
expected identifier or 
keyword at column 20 in 
[{{ donor.canDonate . 
'Eligible to Donate' : 
'Waiting Period' }}] in C
:/Users/soura/Desktop/Blo
odConnect/frontend/src/ap
p/pages/donor-profile/don
or-profile.component.html
@165:24 [plugin 
angular-compiler]

    src/app/pages/donor-p
rofile/donor-profile.comp
onent.html:202:45:
      202 Γöé         
<button 
class="modal-close" 
(click)="showModal=false"
          Γò╡            
                         
         ~~~~~~~~~~~~~~~

  Error occurs in the 
template of component 
DonorProfileComponent.

    src/app/pages/donor-p
rofile/donor-profile.comp
onent.ts:16:15:
      16 Γöé   
templateUrl: './donor-pro
file.component.html',
         Γò╡             
   ~~~~~~~~~~~~~~~~~~~~~~
~~~~~~~~~~


X [ERROR] NG5002: Parser 
Error: Expected 
identifier for property 
access at the end of the 
expression [{{ 
donor.canDonate . 
'Eligible to Donate' : 
'Waiting Period' }}] in C
:/Users/soura/Desktop/Blo
odConnect/frontend/src/ap
p/pages/donor-profile/don
or-profile.component.html
@165:24 [plugin 
angular-compiler]

    src/app/pages/donor-p
rofile/donor-profile.comp
onent.html:205:25:
      205 Γöé       
<form [formGroup]="reques
tForm" (ngSubmit)="submit
Request()...
          Γò╡            
              ~~~~~~~~~~~

  Error occurs in the 
template of component 
DonorProfileComponent.

    src/app/pages/donor-p
rofile/donor-profile.comp
onent.ts:16:15:
      16 Γöé   
templateUrl: './donor-pro
file.component.html',
         Γò╡             
   ~~~~~~~~~~~~~~~~~~~~~~
~~~~~~~~~~


X [ERROR] NG5002: Parser 
Error: Unexpected token 
Eligible to Donate, 
expected identifier or 
keyword at column 20 in 
[{{ donor.canDonate . 
'Eligible to Donate' : 
'Waiting Period' }}] in C
:/Users/soura/Desktop/Blo
odConnect/frontend/src/ap
p/pages/donor-profile/don
or-profile.component.html
@165:24 [plugin 
angular-compiler]

    src/app/pages/donor-p
rofile/donor-profile.comp
onent.html:205:25:
      205 Γöé       
<form [formGroup]="reques
tForm" (ngSubmit)="submit
Request()...
          Γò╡            
              ~~~~~~~~~~~

  Error occurs in the 
template of component 
DonorProfileComponent.

    src/app/pages/donor-p
rofile/donor-profile.comp
onent.ts:16:15:
      16 Γöé   
templateUrl: './donor-pro
file.component.html',
         Γò╡             
   ~~~~~~~~~~~~~~~~~~~~~~
~~~~~~~~~~


X [ERROR] NG5002: Parser 
Error: Expected 
identifier for property 
access at the end of the 
expression [{{ 
donor.canDonate . 
'Eligible to Donate' : 
'Waiting Period' }}] in C
:/Users/soura/Desktop/Blo
odConnect/frontend/src/ap
p/pages/donor-profile/don
or-profile.component.html
@165:24 [plugin 
angular-compiler]

    src/app/pages/donor-p
rofile/donor-profile.comp
onent.html:205:50:
      205 Γöé ...rmGroup]
="requestForm" (ngSubmit)
="submitRequest()" 
class="mt-4">
          Γò╡            
                         
  ~~~~~~~~~~~~~~~

  Error occurs in the 
template of component 
DonorProfileComponent.

    src/app/pages/donor-p
rofile/donor-profile.comp
onent.ts:16:15:
      16 Γöé   
templateUrl: './donor-pro
file.component.html',
         Γò╡             
   ~~~~~~~~~~~~~~~~~~~~~~
~~~~~~~~~~


X [ERROR] NG5002: Parser 
Error: Unexpected token 
Eligible to Donate, 
expected identifier or 
keyword at column 20 in 
[{{ donor.canDonate . 
'Eligible to Donate' : 
'Waiting Period' }}] in C
:/Users/soura/Desktop/Blo
odConnect/frontend/src/ap
p/pages/donor-profile/don
or-profile.component.html
@165:24 [plugin 
angular-compiler]

    src/app/pages/donor-p
rofile/donor-profile.comp
onent.html:205:50:
      205 Γöé ...rmGroup]
="requestForm" (ngSubmit)
="submitRequest()" 
class="mt-4">
          Γò╡            
                         
  ~~~~~~~~~~~~~~~

  Error occurs in the 
template of component 
DonorProfileComponent.

    src/app/pages/donor-p
rofile/donor-profile.comp
onent.ts:16:15:
      16 Γöé   
templateUrl: './donor-pro
file.component.html',
         Γò╡             
   ~~~~~~~~~~~~~~~~~~~~~~
~~~~~~~~~~


X [ERROR] NG5002: Parser 
Error: Expected 
identifier for property 
access at the end of the 
expression [{{ 
donor.canDonate . 
'Eligible to Donate' : 
'Waiting Period' }}] in C
:/Users/soura/Desktop/Blo
odConnect/frontend/src/ap
p/pages/donor-profile/don
or-profile.component.html
@165:24 [plugin 
angular-compiler]

    src/app/pages/donor-p
rofile/donor-profile.comp
onent.html:215:22:
      215 Γöé ...        
 <option *ngFor="let u 
of [1,2,3,4,5]" 
[value]="u">{{ ...
          Γò╡            
         ~~~~~~~~~~~~~~~~
~~~~~~~~~~~~~

  Error occurs in the 
template of component 
DonorProfileComponent.

    src/app/pages/donor-p
rofile/donor-profile.comp
onent.ts:16:15:
      16 Γöé   
templateUrl: './donor-pro
file.component.html',
         Γò╡             
   ~~~~~~~~~~~~~~~~~~~~~~
~~~~~~~~~~


X [ERROR] NG5002: Parser 
Error: Unexpected token 
Eligible to Donate, 
expected identifier or 
keyword at column 20 in 
[{{ donor.canDonate . 
'Eligible to Donate' : 
'Waiting Period' }}] in C
:/Users/soura/Desktop/Blo
odConnect/frontend/src/ap
p/pages/donor-profile/don
or-profile.component.html
@165:24 [plugin 
angular-compiler]

    src/app/pages/donor-p
rofile/donor-profile.comp
onent.html:215:22:
      215 Γöé ...        
 <option *ngFor="let u 
of [1,2,3,4,5]" 
[value]="u">{{ ...
          Γò╡            
         ~~~~~~~~~~~~~~~~
~~~~~~~~~~~~~

  Error occurs in the 
template of component 
DonorProfileComponent.

    src/app/pages/donor-p
rofile/donor-profile.comp
onent.ts:16:15:
      16 Γöé   
templateUrl: './donor-pro
file.component.html',
         Γò╡             
   ~~~~~~~~~~~~~~~~~~~~~~
~~~~~~~~~~


X [ERROR] NG5002: Parser 
Error: Expected 
identifier for property 
access at the end of the 
expression [{{ 
donor.canDonate . 
'Eligible to Donate' : 
'Waiting Period' }}] in C
:/Users/soura/Desktop/Blo
odConnect/frontend/src/ap
p/pages/donor-profile/don
or-profile.component.html
@165:24 [plugin 
angular-compiler]

    src/app/pages/donor-p
rofile/donor-profile.comp
onent.html:215:61:
      215 Γöé ...option 
*ngFor="let u of 
[1,2,3,4,5]" 
[value]="u">{{ u 
}}</option>
          Γò╡            
                         
             ^

  Error occurs in the 
template of component 
DonorProfileComponent.

    src/app/pages/donor-p
rofile/donor-profile.comp
onent.ts:16:15:
      16 Γöé   
templateUrl: './donor-pro
file.component.html',
         Γò╡             
   ~~~~~~~~~~~~~~~~~~~~~~
~~~~~~~~~~


X [ERROR] NG5002: Parser 
Error: Unexpected token 
Eligible to Donate, 
expected identifier or 
keyword at column 20 in 
[{{ donor.canDonate . 
'Eligible to Donate' : 
'Waiting Period' }}] in C
:/Users/soura/Desktop/Blo
odConnect/frontend/src/ap
p/pages/donor-profile/don
or-profile.component.html
@165:24 [plugin 
angular-compiler]

    src/app/pages/donor-p
rofile/donor-profile.comp
onent.html:215:61:
      215 Γöé ...option 
*ngFor="let u of 
[1,2,3,4,5]" 
[value]="u">{{ u 
}}</option>
          Γò╡            
                         
             ^

  Error occurs in the 
template of component 
DonorProfileComponent.

    src/app/pages/donor-p
rofile/donor-profile.comp
onent.ts:16:15:
      16 Γöé   
templateUrl: './donor-pro
file.component.html',
         Γò╡             
   ~~~~~~~~~~~~~~~~~~~~~~
~~~~~~~~~~


X [ERROR] NG5002: Parser 
Error: Expected 
identifier for property 
access at the end of the 
expression [{{ 
donor.canDonate . 
'Eligible to Donate' : 
'Waiting Period' }}] in C
:/Users/soura/Desktop/Blo
odConnect/frontend/src/ap
p/pages/donor-profile/don
or-profile.component.html
@165:24 [plugin 
angular-compiler]

    src/app/pages/donor-p
rofile/donor-profile.comp
onent.html:215:64:
      215 Γöé ...option 
*ngFor="let u of 
[1,2,3,4,5]" 
[value]="u">{{ u 
}}</option>
          Γò╡            
                         
                ~~~~~~~

  Error occurs in the 
template of component 
DonorProfileComponent.

    src/app/pages/donor-p
rofile/donor-profile.comp
onent.ts:16:15:
      16 Γöé   
templateUrl: './donor-pro
file.component.html',
         Γò╡             
   ~~~~~~~~~~~~~~~~~~~~~~
~~~~~~~~~~


X [ERROR] NG5002: Parser 
Error: Unexpected token 
Eligible to Donate, 
expected identifier or 
keyword at column 20 in 
[{{ donor.canDonate . 
'Eligible to Donate' : 
'Waiting Period' }}] in C
:/Users/soura/Desktop/Blo
odConnect/frontend/src/ap
p/pages/donor-profile/don
or-profile.component.html
@165:24 [plugin 
angular-compiler]

    src/app/pages/donor-p
rofile/donor-profile.comp
onent.html:215:64:
      215 Γöé ...option 
*ngFor="let u of 
[1,2,3,4,5]" 
[value]="u">{{ u 
}}</option>
          Γò╡            
                         
                ~~~~~~~

  Error occurs in the 
template of component 
DonorProfileComponent.

    src/app/pages/donor-p
rofile/donor-profile.comp
onent.ts:16:15:
      16 Γöé   
templateUrl: './donor-pro
file.component.html',
         Γò╡             
   ~~~~~~~~~~~~~~~~~~~~~~
~~~~~~~~~~


X [ERROR] NG5002: Parser 
Error: Expected 
identifier for property 
access at the end of the 
expression [{{ 
donor.canDonate . 
'Eligible to Donate' : 
'Waiting Period' }}] in C
:/Users/soura/Desktop/Blo
odConnect/frontend/src/ap
p/pages/donor-profile/don
or-profile.component.html
@165:24 [plugin 
angular-compiler]

    src/app/pages/donor-p
rofile/donor-profile.comp
onent.html:227:48:
      227 Γöé            
   formControlName="neede
dBy" [min]="minDate" 
/></div>
          Γò╡            
                         
            ~~~~~~~

  Error occurs in the 
template of component 
DonorProfileComponent.

    src/app/pages/donor-p
rofile/donor-profile.comp
onent.ts:16:15:
      16 Γöé   
templateUrl: './donor-pro
file.component.html',
         Γò╡             
   ~~~~~~~~~~~~~~~~~~~~~~
~~~~~~~~~~


X [ERROR] NG5002: Parser 
Error: Unexpected token 
Eligible to Donate, 
expected identifier or 
keyword at column 20 in 
[{{ donor.canDonate . 
'Eligible to Donate' : 
'Waiting Period' }}] in C
:/Users/soura/Desktop/Blo
odConnect/frontend/src/ap
p/pages/donor-profile/don
or-profile.component.html
@165:24 [plugin 
angular-compiler]

    src/app/pages/donor-p
rofile/donor-profile.comp
onent.html:227:48:
      227 Γöé            
   formControlName="neede
dBy" [min]="minDate" 
/></div>
          Γò╡            
                         
            ~~~~~~~

  Error occurs in the 
template of component 
DonorProfileComponent.

    src/app/pages/donor-p
rofile/donor-profile.comp
onent.ts:16:15:
      16 Γöé   
templateUrl: './donor-pro
file.component.html',
         Γò╡             
   ~~~~~~~~~~~~~~~~~~~~~~
~~~~~~~~~~


X [ERROR] NG5002: Parser 
Error: Expected 
identifier for property 
access at the end of the 
expression [{{ 
donor.canDonate . 
'Eligible to Donate' : 
'Waiting Period' }}] in C
:/Users/soura/Desktop/Blo
odConnect/frontend/src/ap
p/pages/donor-profile/don
or-profile.component.html
@165:24 [plugin 
angular-compiler]

    src/app/pages/donor-p
rofile/donor-profile.comp
onent.html:231:40:
      231 Γöé ..."alert 
alert-danger" *ngIf="requ
estError"><span 
class="alert-i...
          Γò╡            
             
~~~~~~~~~~~~~~~~~~~~

  Error occurs in the 
template of component 
DonorProfileComponent.

    src/app/pages/donor-p
rofile/donor-profile.comp
onent.ts:16:15:
      16 Γöé   
templateUrl: './donor-pro
file.component.html',
         Γò╡             
   ~~~~~~~~~~~~~~~~~~~~~~
~~~~~~~~~~


X [ERROR] NG5002: Parser 
Error: Unexpected token 
Eligible to Donate, 
expected identifier or 
keyword at column 20 in 
[{{ donor.canDonate . 
'Eligible to Donate' : 
'Waiting Period' }}] in C
:/Users/soura/Desktop/Blo
odConnect/frontend/src/ap
p/pages/donor-profile/don
or-profile.component.html
@165:24 [plugin 
angular-compiler]

    src/app/pages/donor-p
rofile/donor-profile.comp
onent.html:231:40:
      231 Γöé ..."alert 
alert-danger" *ngIf="requ
estError"><span 
class="alert-i...
          Γò╡            
             
~~~~~~~~~~~~~~~~~~~~

  Error occurs in the 
template of component 
DonorProfileComponent.

    src/app/pages/donor-p
rofile/donor-profile.comp
onent.ts:16:15:
      16 Γöé   
templateUrl: './donor-pro
file.component.html',
         Γò╡             
   ~~~~~~~~~~~~~~~~~~~~~~
~~~~~~~~~~


X [ERROR] NG5002: Parser 
Error: Expected 
identifier for property 
access at the end of the 
expression [{{ 
donor.canDonate . 
'Eligible to Donate' : 
'Waiting Period' }}] in C
:/Users/soura/Desktop/Blo
odConnect/frontend/src/ap
p/pages/donor-profile/don
or-profile.component.html
@165:24 [plugin 
angular-compiler]

    src/app/pages/donor-p
rofile/donor-profile.comp
onent.html:231:94:
      231 Γöé 
...rror"><span class="ale
rt-icon">Γ¥î</span>{{ 
requestError }}</div>
          Γò╡            
                         
    ~~~~~~~~~~~~~~~~~~

  Error occurs in the 
template of component 
DonorProfileComponent.

    src/app/pages/donor-p
rofile/donor-profile.comp
onent.ts:16:15:
      16 Γöé   
templateUrl: './donor-pro
file.component.html',
         Γò╡             
   ~~~~~~~~~~~~~~~~~~~~~~
~~~~~~~~~~


X [ERROR] NG5002: Parser 
Error: Unexpected token 
Eligible to Donate, 
expected identifier or 
keyword at column 20 in 
[{{ donor.canDonate . 
'Eligible to Donate' : 
'Waiting Period' }}] in C
:/Users/soura/Desktop/Blo
odConnect/frontend/src/ap
p/pages/donor-profile/don
or-profile.component.html
@165:24 [plugin 
angular-compiler]

    src/app/pages/donor-p
rofile/donor-profile.comp
onent.html:231:94:
      231 Γöé 
...rror"><span class="ale
rt-icon">Γ¥î</span>{{ 
requestError }}</div>
          Γò╡            
                         
    ~~~~~~~~~~~~~~~~~~

  Error occurs in the 
template of component 
DonorProfileComponent.

    src/app/pages/donor-p
rofile/donor-profile.comp
onent.ts:16:15:
      16 Γöé   
templateUrl: './donor-pro
file.component.html',
         Γò╡             
   ~~~~~~~~~~~~~~~~~~~~~~
~~~~~~~~~~


X [ERROR] NG5002: Parser 
Error: Expected 
identifier for property 
access at the end of the 
expression [{{ 
donor.canDonate . 
'Eligible to Donate' : 
'Waiting Period' }}] in C
:/Users/soura/Desktop/Blo
odConnect/frontend/src/ap
p/pages/donor-profile/don
or-profile.component.html
@165:24 [plugin 
angular-compiler]

    src/app/pages/donor-p
rofile/donor-profile.comp
onent.html:234:63:
      234 Γöé ..." 
class="btn btn-ghost" (cl
ick)="showModal=false">Ca
ncel</button>
          Γò╡            
                         
~~~~~~~~~~~~~~~

  Error occurs in the 
template of component 
DonorProfileComponent.

    src/app/pages/donor-p
rofile/donor-profile.comp
onent.ts:16:15:
      16 Γöé   
templateUrl: './donor-pro
file.component.html',
         Γò╡             
   ~~~~~~~~~~~~~~~~~~~~~~
~~~~~~~~~~


X [ERROR] NG5002: Parser 
Error: Unexpected token 
Eligible to Donate, 
expected identifier or 
keyword at column 20 in 
[{{ donor.canDonate . 
'Eligible to Donate' : 
'Waiting Period' }}] in C
:/Users/soura/Desktop/Blo
odConnect/frontend/src/ap
p/pages/donor-profile/don
or-profile.component.html
@165:24 [plugin 
angular-compiler]

    src/app/pages/donor-p
rofile/donor-profile.comp
onent.html:234:63:
      234 Γöé ..." 
class="btn btn-ghost" (cl
ick)="showModal=false">Ca
ncel</button>
          Γò╡            
                         
~~~~~~~~~~~~~~~

  Error occurs in the 
template of component 
DonorProfileComponent.

    src/app/pages/donor-p
rofile/donor-profile.comp
onent.ts:16:15:
      16 Γöé   
templateUrl: './donor-pro
file.component.html',
         Γò╡             
   ~~~~~~~~~~~~~~~~~~~~~~
~~~~~~~~~~


X [ERROR] NG5002: Parser 
Error: Expected 
identifier for property 
access at the end of the 
expression [{{ 
donor.canDonate . 
'Eligible to Donate' : 
'Waiting Period' }}] in C
:/Users/soura/Desktop/Blo
odConnect/frontend/src/ap
p/pages/donor-profile/don
or-profile.component.html
@165:24 [plugin 
angular-compiler]

    src/app/pages/donor-p
rofile/donor-profile.comp
onent.html:235:77:
      235 Γöé ...mit" 
class="btn btn-primary" [
class.btn-loading]="reque
stLoading"
          Γò╡            
                         
                 
~~~~~~~~~~~~~~

  Error occurs in the 
template of component 
DonorProfileComponent.

    src/app/pages/donor-p
rofile/donor-profile.comp
onent.ts:16:15:
      16 Γöé   
templateUrl: './donor-pro
file.component.html',
         Γò╡             
   ~~~~~~~~~~~~~~~~~~~~~~
~~~~~~~~~~


X [ERROR] NG5002: Parser 
Error: Unexpected token 
Eligible to Donate, 
expected identifier or 
keyword at column 20 in 
[{{ donor.canDonate . 
'Eligible to Donate' : 
'Waiting Period' }}] in C
:/Users/soura/Desktop/Blo
odConnect/frontend/src/ap
p/pages/donor-profile/don
or-profile.component.html
@165:24 [plugin 
angular-compiler]

    src/app/pages/donor-p
rofile/donor-profile.comp
onent.html:235:77:
      235 Γöé ...mit" 
class="btn btn-primary" [
class.btn-loading]="reque
stLoading"
          Γò╡            
                         
                 
~~~~~~~~~~~~~~

  Error occurs in the 
template of component 
DonorProfileComponent.

    src/app/pages/donor-p
rofile/donor-profile.comp
onent.ts:16:15:
      16 Γöé   
templateUrl: './donor-pro
file.component.html',
         Γò╡             
   ~~~~~~~~~~~~~~~~~~~~~~
~~~~~~~~~~


X [ERROR] NG5002: Parser 
Error: Expected 
identifier for property 
access at the end of the 
expression [{{ 
donor.canDonate . 
'Eligible to Donate' : 
'Waiting Period' }}] in C
:/Users/soura/Desktop/Blo
odConnect/frontend/src/ap
p/pages/donor-profile/don
or-profile.component.html
@165:24 [plugin 
angular-compiler]

    src/app/pages/donor-p
rofile/donor-profile.comp
onent.html:236:24:
      236 Γöé            
 [disabled]="requestLoadi
ng">{{ requestLoading . 
'Send...
          Γò╡            
             
~~~~~~~~~~~~~~

  Error occurs in the 
template of component 
DonorProfileComponent.

    src/app/pages/donor-p
rofile/donor-profile.comp
onent.ts:16:15:
      16 Γöé   
templateUrl: './donor-pro
file.component.html',
         Γò╡             
   ~~~~~~~~~~~~~~~~~~~~~~
~~~~~~~~~~


X [ERROR] NG5002: Parser 
Error: Unexpected token 
Eligible to Donate, 
expected identifier or 
keyword at column 20 in 
[{{ donor.canDonate . 
'Eligible to Donate' : 
'Waiting Period' }}] in C
:/Users/soura/Desktop/Blo
odConnect/frontend/src/ap
p/pages/donor-profile/don
or-profile.component.html
@165:24 [plugin 
angular-compiler]

    src/app/pages/donor-p
rofile/donor-profile.comp
onent.html:236:24:
      236 Γöé            
 [disabled]="requestLoadi
ng">{{ requestLoading . 
'Send...
          Γò╡            
             
~~~~~~~~~~~~~~

  Error occurs in the 
template of component 
DonorProfileComponent.

    src/app/pages/donor-p
rofile/donor-profile.comp
onent.ts:16:15:
      16 Γöé   
templateUrl: './donor-pro
file.component.html',
         Γò╡             
   ~~~~~~~~~~~~~~~~~~~~~~
~~~~~~~~~~


X [ERROR] NG5002: Parser 
Error: Expected 
identifier for property 
access at the end of the 
expression [{{ 
donor.canDonate . 
'Eligible to Donate' : 
'Waiting Period' }}] in C
:/Users/soura/Desktop/Blo
odConnect/frontend/src/ap
p/pages/donor-profile/don
or-profile.component.html
@165:24 [plugin 
angular-compiler]

    src/app/pages/donor-p
rofile/donor-profile.comp
onent.html:236:40:
      236 Γöé 
...tLoading">{{ 
requestLoading . 
'Sending...' : 'Send 
Request' }}...
          Γò╡            
  ~~~~~~~~~~~~~~~~~~~~~~~
~~~~~~~~~~~~~~~~~~~~~~~~~
~~~~

  Error occurs in the 
template of component 
DonorProfileComponent.

    src/app/pages/donor-p
rofile/donor-profile.comp
onent.ts:16:15:
      16 Γöé   
templateUrl: './donor-pro
file.component.html',
         Γò╡             
   ~~~~~~~~~~~~~~~~~~~~~~
~~~~~~~~~~


X [ERROR] NG5002: Parser 
Error: Expected 
identifier for property 
access at the end of the 
expression [{{ 
requestLoading . 
'Sending...' : 'Send 
Request' }}] in C:/Users/
soura/Desktop/BloodConnec
t/frontend/src/app/pages/
donor-profile/donor-profi
le.component.html@235:40 
[plugin angular-compiler]

    src/app/pages/donor-p
rofile/donor-profile.comp
onent.html:236:40:
      236 Γöé 
...tLoading">{{ 
requestLoading . 
'Sending...' : 'Send 
Request' }}...
          Γò╡            
  ~~~~~~~~~~~~~~~~~~~~~~~
~~~~~~~~~~~~~~~~~~~~~~~~~
~~~~

  Error occurs in the 
template of component 
DonorProfileComponent.

    src/app/pages/donor-p
rofile/donor-profile.comp
onent.ts:16:15:
      16 Γöé   
templateUrl: './donor-pro
file.component.html',
         Γò╡             
   ~~~~~~~~~~~~~~~~~~~~~~
~~~~~~~~~~


X [ERROR] NG5002: Parser 
Error: Unexpected token 
Eligible to Donate, 
expected identifier or 
keyword at column 20 in 
[{{ donor.canDonate . 
'Eligible to Donate' : 
'Waiting Period' }}] in C
:/Users/soura/Desktop/Blo
odConnect/frontend/src/ap
p/pages/donor-profile/don
or-profile.component.html
@165:24 [plugin 
angular-compiler]

    src/app/pages/donor-p
rofile/donor-profile.comp
onent.html:236:40:
      236 Γöé 
...tLoading">{{ 
requestLoading . 
'Sending...' : 'Send 
Request' }}...
          Γò╡            
  ~~~~~~~~~~~~~~~~~~~~~~~
~~~~~~~~~~~~~~~~~~~~~~~~~
~~~~

  Error occurs in the 
template of component 
DonorProfileComponent.

    src/app/pages/donor-p
rofile/donor-profile.comp
onent.ts:16:15:
      16 Γöé   
templateUrl: './donor-pro
file.component.html',
         Γò╡             
   ~~~~~~~~~~~~~~~~~~~~~~
~~~~~~~~~~


X [ERROR] NG5002: Parser 
Error: Unexpected token 
Sending..., expected 
identifier or keyword at 
column 19 in [{{ 
requestLoading . 
'Sending...' : 'Send 
Request' }}] in C:/Users/
soura/Desktop/BloodConnec
t/frontend/src/app/pages/
donor-profile/donor-profi
le.component.html@235:40 
[plugin angular-compiler]

    src/app/pages/donor-p
rofile/donor-profile.comp
onent.html:236:40:
      236 Γöé 
...tLoading">{{ 
requestLoading . 
'Sending...' : 'Send 
Request' }}...
          Γò╡            
  ~~~~~~~~~~~~~~~~~~~~~~~
~~~~~~~~~~~~~~~~~~~~~~~~~
~~~~

  Error occurs in the 
template of component 
DonorProfileComponent.

    src/app/pages/donor-p
rofile/donor-profile.comp
onent.ts:16:15:
      16 Γöé   
templateUrl: './donor-pro
file.component.html',
         Γò╡             
   ~~~~~~~~~~~~~~~~~~~~~~
~~~~~~~~~~


