Testing connection to: mongodb+srv://bloodadmin:****@bloodconnectcluster.rxwqqyh.mongodb.net/bloodDonationDB?appName=BloodConnectCluster
node : Γ¥î Connection 
Failed!
At line:1 char:61
+ ... 
odConnect\backend"; 
node test_mongo.js > 
test_output.txt 2>&1; 
Get-Co ...
+                      
   ~~~~~~~~~~~~~~~~~~~~
~~~~~~~~~~~~~~~~~~~~~
    + CategoryInfo     
         : 
NotSpecified:     (Γ¥î 
Connection Fail    
ed!:String) [], Remo   
 teException
    + 
FullyQualifiedErro    
rId : NativeCommandE   
 rror
 
Error Name: Error
Error Message: 
querySrv ECONNREFUSED _
mongodb._tcp.bloodconne
ctcluster.rxwqqyh.mongo
db.net
